CRITICAL - 2026-01-26 07:03:33 --> CodeIgniter\HTTP\Exceptions\BadRequestException: The URI you submitted has disallowed characters: "reparar-relacion Body: { "idFile": 15447 }"
[Method: GET, Route: api/clients-validation/reparar-relacion%20Body:%20%7B%20%22idFile%22:%2015447%20%7D]
in SYSTEMPATH/Router/Router.php on line 741.
 1 SYSTEMPATH/Router/Router.php(207): CodeIgniter\Router\Router->checkDisallowedChars('api/clients-validation/reparar-relacion Body: { "idFile": 15447 }')
 2 SYSTEMPATH/CodeIgniter.php(832): CodeIgniter\Router\Router->handle('api/clients-validation/reparar-relacion Body: { "idFile": 15447 }')
 3 SYSTEMPATH/CodeIgniter.php(455): CodeIgniter\CodeIgniter->tryToRouteIt(Object(CodeIgniter\Router\RouteCollection))
 4 SYSTEMPATH/CodeIgniter.php(354): CodeIgniter\CodeIgniter->handleRequest(null, Object(Config\Cache), false)
 5 SYSTEMPATH/Boot.php(363): CodeIgniter\CodeIgniter->run()
 6 SYSTEMPATH/Boot.php(68): CodeIgniter\Boot::runCodeIgniter(Object(CodeIgniter\CodeIgniter))
 7 FCPATH/index.php(59): CodeIgniter\Boot::bootWeb(Object(Config\Paths))
 8 SYSTEMPATH/rewrite.php(44): require_once('/Users/jclimonero/Developer/SingleFile/BE/public/index.php')
ERROR - 2026-01-26 23:16:35 --> Error connecting to the database: mysqli_sql_exception: Operation timed out in /Users/jclimonero/Developer/SingleFile/BE/vendor/codeigniter4/framework/system/Database/MySQLi/Connection.php:201
Stack trace:
#0 /Users/jclimonero/Developer/SingleFile/BE/vendor/codeigniter4/framework/system/Database/MySQLi/Connection.php(201): mysqli->real_connect('192.168.190.140', 'vgd_testing', Object(SensitiveParameterValue), 'single_file', 3306, '', 0)
#1 /Users/jclimonero/Developer/SingleFile/BE/vendor/codeigniter4/framework/system/Database/BaseConnection.php(419): CodeIgniter\Database\MySQLi\Connection->connect(false)
#2 /Users/jclimonero/Developer/SingleFile/BE/vendor/codeigniter4/framework/system/Database/BaseConnection.php(614): CodeIgniter\Database\BaseConnection->initialize()
#3 /Users/jclimonero/Developer/SingleFile/BE/vendor/codeigniter4/framework/system/Database/BaseBuilder.php(1649): CodeIgniter\Database\BaseConnection->query('SELECT `Process...', Array, false)
#4 /Users/jclimonero/Developer/SingleFile/BE/vendor/codeigniter4/framework/system/Model.php(286): CodeIgniter\Database\BaseBuilder->get()
#5 /Users/jclimonero/Developer/SingleFile/BE/vendor/codeigniter4/framework/system/BaseModel.php(677): CodeIgniter\Model->doFindAll(0, 0)
#6 /Users/jclimonero/Developer/SingleFile/BE/app/Models/ProcessModel.php(123): CodeIgniter\BaseModel->findAll()
#7 /Users/jclimonero/Developer/SingleFile/BE/app/Controllers/Api/Process.php(62): App\Models\ProcessModel->getAllProcessesWithUser('Name', 'ASC')
#8 /Users/jclimonero/Developer/SingleFile/BE/vendor/codeigniter4/framework/system/CodeIgniter.php(933): App\Controllers\Api\Process->index()
#9 /Users/jclimonero/Developer/SingleFile/BE/vendor/codeigniter4/framework/system/CodeIgniter.php(507): CodeIgniter\CodeIgniter->runController(Object(App\Controllers\Api\Process))
#10 /Users/jclimonero/Developer/SingleFile/BE/vendor/codeigniter4/framework/system/CodeIgniter.php(354): CodeIgniter\CodeIgniter->handleRequest(NULL, Object(Config\Cache), false)
#11 /Users/jclimonero/Developer/SingleFile/BE/vendor/codeigniter4/framework/system/Boot.php(363): CodeIgniter\CodeIgniter->run()
#12 /Users/jclimonero/Developer/SingleFile/BE/vendor/codeigniter4/framework/system/Boot.php(68): CodeIgniter\Boot::runCodeIgniter(Object(CodeIgniter\CodeIgniter))
#13 /Users/jclimonero/Developer/SingleFile/BE/public/index.php(59): CodeIgniter\Boot::bootWeb(Object(Config\Paths))
#14 /Users/jclimonero/Developer/SingleFile/BE/vendor/codeigniter4/framework/system/rewrite.php(44): require_once('/Users/jclimone...')
#15 {main}

Next CodeIgniter\Database\Exceptions\DatabaseException: Operation timed out in /Users/jclimonero/Developer/SingleFile/BE/vendor/codeigniter4/framework/system/Database/MySQLi/Connection.php:246
Stack trace:
#0 /Users/jclimonero/Developer/SingleFile/BE/vendor/codeigniter4/framework/system/Database/BaseConnection.php(419): CodeIgniter\Database\MySQLi\Connection->connect(false)
#1 /Users/jclimonero/Developer/SingleFile/BE/vendor/codeigniter4/framework/system/Database/BaseConnection.php(614): CodeIgniter\Database\BaseConnection->initialize()
#2 /Users/jclimonero/Developer/SingleFile/BE/vendor/codeigniter4/framework/system/Database/BaseBuilder.php(1649): CodeIgniter\Database\BaseConnection->query('SELECT `Process...', Array, false)
#3 /Users/jclimonero/Developer/SingleFile/BE/vendor/codeigniter4/framework/system/Model.php(286): CodeIgniter\Database\BaseBuilder->get()
#4 /Users/jclimonero/Developer/SingleFile/BE/vendor/codeigniter4/framework/system/BaseModel.php(677): CodeIgniter\Model->doFindAll(0, 0)
#5 /Users/jclimonero/Developer/SingleFile/BE/app/Models/ProcessModel.php(123): CodeIgniter\BaseModel->findAll()
#6 /Users/jclimonero/Developer/SingleFile/BE/app/Controllers/Api/Process.php(62): App\Models\ProcessModel->getAllProcessesWithUser('Name', 'ASC')
#7 /Users/jclimonero/Developer/SingleFile/BE/vendor/codeigniter4/framework/system/CodeIgniter.php(933): App\Controllers\Api\Process->index()
#8 /Users/jclimonero/Developer/SingleFile/BE/vendor/codeigniter4/framework/system/CodeIgniter.php(507): CodeIgniter\CodeIgniter->runController(Object(App\Controllers\Api\Process))
#9 /Users/jclimonero/Developer/SingleFile/BE/vendor/codeigniter4/framework/system/CodeIgniter.php(354): CodeIgniter\CodeIgniter->handleRequest(NULL, Object(Config\Cache), false)
#10 /Users/jclimonero/Developer/SingleFile/BE/vendor/codeigniter4/framework/system/Boot.php(363): CodeIgniter\CodeIgniter->run()
#11 /Users/jclimonero/Developer/SingleFile/BE/vendor/codeigniter4/framework/system/Boot.php(68): CodeIgniter\Boot::runCodeIgniter(Object(CodeIgniter\CodeIgniter))
#12 /Users/jclimonero/Developer/SingleFile/BE/public/index.php(59): CodeIgniter\Boot::bootWeb(Object(Config\Paths))
#13 /Users/jclimonero/Developer/SingleFile/BE/vendor/codeigniter4/framework/system/rewrite.php(44): require_once('/Users/jclimone...')
#14 {main}
ERROR - 2026-01-26 23:21:01 --> Error connecting to the database: mysqli_sql_exception: Operation timed out in /Users/jclimonero/Developer/SingleFile/BE/vendor/codeigniter4/framework/system/Database/MySQLi/Connection.php:201
Stack trace:
#0 /Users/jclimonero/Developer/SingleFile/BE/vendor/codeigniter4/framework/system/Database/MySQLi/Connection.php(201): mysqli->real_connect('192.168.190.140', 'vgd_testing', Object(SensitiveParameterValue), 'single_file', 3306, '', 0)
#1 /Users/jclimonero/Developer/SingleFile/BE/vendor/codeigniter4/framework/system/Database/BaseConnection.php(419): CodeIgniter\Database\MySQLi\Connection->connect(false)
#2 /Users/jclimonero/Developer/SingleFile/BE/vendor/codeigniter4/framework/system/Database/BaseConnection.php(614): CodeIgniter\Database\BaseConnection->initialize()
#3 /Users/jclimonero/Developer/SingleFile/BE/app/Controllers/Api/ClientSearch.php(193): CodeIgniter\Database\BaseConnection->query('(\n             ...', Array)
#4 /Users/jclimonero/Developer/SingleFile/BE/vendor/codeigniter4/framework/system/CodeIgniter.php(933): App\Controllers\Api\ClientSearch->search()
#5 /Users/jclimonero/Developer/SingleFile/BE/vendor/codeigniter4/framework/system/CodeIgniter.php(507): CodeIgniter\CodeIgniter->runController(Object(App\Controllers\Api\ClientSearch))
#6 /Users/jclimonero/Developer/SingleFile/BE/vendor/codeigniter4/framework/system/CodeIgniter.php(354): CodeIgniter\CodeIgniter->handleRequest(NULL, Object(Config\Cache), false)
#7 /Users/jclimonero/Developer/SingleFile/BE/vendor/codeigniter4/framework/system/Boot.php(363): CodeIgniter\CodeIgniter->run()
#8 /Users/jclimonero/Developer/SingleFile/BE/vendor/codeigniter4/framework/system/Boot.php(68): CodeIgniter\Boot::runCodeIgniter(Object(CodeIgniter\CodeIgniter))
#9 /Users/jclimonero/Developer/SingleFile/BE/public/index.php(59): CodeIgniter\Boot::bootWeb(Object(Config\Paths))
#10 /Users/jclimonero/Developer/SingleFile/BE/vendor/codeigniter4/framework/system/rewrite.php(44): require_once('/Users/jclimone...')
#11 {main}

Next CodeIgniter\Database\Exceptions\DatabaseException: Operation timed out in /Users/jclimonero/Developer/SingleFile/BE/vendor/codeigniter4/framework/system/Database/MySQLi/Connection.php:246
Stack trace:
#0 /Users/jclimonero/Developer/SingleFile/BE/vendor/codeigniter4/framework/system/Database/BaseConnection.php(419): CodeIgniter\Database\MySQLi\Connection->connect(false)
#1 /Users/jclimonero/Developer/SingleFile/BE/vendor/codeigniter4/framework/system/Database/BaseConnection.php(614): CodeIgniter\Database\BaseConnection->initialize()
#2 /Users/jclimonero/Developer/SingleFile/BE/app/Controllers/Api/ClientSearch.php(193): CodeIgniter\Database\BaseConnection->query('(\n             ...', Array)
#3 /Users/jclimonero/Developer/SingleFile/BE/vendor/codeigniter4/framework/system/CodeIgniter.php(933): App\Controllers\Api\ClientSearch->search()
#4 /Users/jclimonero/Developer/SingleFile/BE/vendor/codeigniter4/framework/system/CodeIgniter.php(507): CodeIgniter\CodeIgniter->runController(Object(App\Controllers\Api\ClientSearch))
#5 /Users/jclimonero/Developer/SingleFile/BE/vendor/codeigniter4/framework/system/CodeIgniter.php(354): CodeIgniter\CodeIgniter->handleRequest(NULL, Object(Config\Cache), false)
#6 /Users/jclimonero/Developer/SingleFile/BE/vendor/codeigniter4/framework/system/Boot.php(363): CodeIgniter\CodeIgniter->run()
#7 /Users/jclimonero/Developer/SingleFile/BE/vendor/codeigniter4/framework/system/Boot.php(68): CodeIgniter\Boot::runCodeIgniter(Object(CodeIgniter\CodeIgniter))
#8 /Users/jclimonero/Developer/SingleFile/BE/public/index.php(59): CodeIgniter\Boot::bootWeb(Object(Config\Paths))
#9 /Users/jclimonero/Developer/SingleFile/BE/vendor/codeigniter4/framework/system/rewrite.php(44): require_once('/Users/jclimone...')
#10 {main}
ERROR - 2026-01-26 23:21:33 --> Error connecting to the database: mysqli_sql_exception: Operation timed out in /Users/jclimonero/Developer/SingleFile/BE/vendor/codeigniter4/framework/system/Database/MySQLi/Connection.php:201
Stack trace:
#0 /Users/jclimonero/Developer/SingleFile/BE/vendor/codeigniter4/framework/system/Database/MySQLi/Connection.php(201): mysqli->real_connect('192.168.190.140', 'vgd_testing', Object(SensitiveParameterValue), 'single_file', 3306, '', 0)
#1 /Users/jclimonero/Developer/SingleFile/BE/vendor/codeigniter4/framework/system/Database/BaseConnection.php(419): CodeIgniter\Database\MySQLi\Connection->connect(false)
#2 /Users/jclimonero/Developer/SingleFile/BE/vendor/codeigniter4/framework/system/Database/BaseConnection.php(614): CodeIgniter\Database\BaseConnection->initialize()
#3 /Users/jclimonero/Developer/SingleFile/BE/app/Controllers/Api/ClientSearch.php(193): CodeIgniter\Database\BaseConnection->query('(\n             ...', Array)
#4 /Users/jclimonero/Developer/SingleFile/BE/vendor/codeigniter4/framework/system/CodeIgniter.php(933): App\Controllers\Api\ClientSearch->search()
#5 /Users/jclimonero/Developer/SingleFile/BE/vendor/codeigniter4/framework/system/CodeIgniter.php(507): CodeIgniter\CodeIgniter->runController(Object(App\Controllers\Api\ClientSearch))
#6 /Users/jclimonero/Developer/SingleFile/BE/vendor/codeigniter4/framework/system/CodeIgniter.php(354): CodeIgniter\CodeIgniter->handleRequest(NULL, Object(Config\Cache), false)
#7 /Users/jclimonero/Developer/SingleFile/BE/vendor/codeigniter4/framework/system/Boot.php(363): CodeIgniter\CodeIgniter->run()
#8 /Users/jclimonero/Developer/SingleFile/BE/vendor/codeigniter4/framework/system/Boot.php(68): CodeIgniter\Boot::runCodeIgniter(Object(CodeIgniter\CodeIgniter))
#9 /Users/jclimonero/Developer/SingleFile/BE/public/index.php(59): CodeIgniter\Boot::bootWeb(Object(Config\Paths))
#10 /Users/jclimonero/Developer/SingleFile/BE/vendor/codeigniter4/framework/system/rewrite.php(44): require_once('/Users/jclimone...')
#11 {main}

Next CodeIgniter\Database\Exceptions\DatabaseException: Operation timed out in /Users/jclimonero/Developer/SingleFile/BE/vendor/codeigniter4/framework/system/Database/MySQLi/Connection.php:246
Stack trace:
#0 /Users/jclimonero/Developer/SingleFile/BE/vendor/codeigniter4/framework/system/Database/BaseConnection.php(419): CodeIgniter\Database\MySQLi\Connection->connect(false)
#1 /Users/jclimonero/Developer/SingleFile/BE/vendor/codeigniter4/framework/system/Database/BaseConnection.php(614): CodeIgniter\Database\BaseConnection->initialize()
#2 /Users/jclimonero/Developer/SingleFile/BE/app/Controllers/Api/ClientSearch.php(193): CodeIgniter\Database\BaseConnection->query('(\n             ...', Array)
#3 /Users/jclimonero/Developer/SingleFile/BE/vendor/codeigniter4/framework/system/CodeIgniter.php(933): App\Controllers\Api\ClientSearch->search()
#4 /Users/jclimonero/Developer/SingleFile/BE/vendor/codeigniter4/framework/system/CodeIgniter.php(507): CodeIgniter\CodeIgniter->runController(Object(App\Controllers\Api\ClientSearch))
#5 /Users/jclimonero/Developer/SingleFile/BE/vendor/codeigniter4/framework/system/CodeIgniter.php(354): CodeIgniter\CodeIgniter->handleRequest(NULL, Object(Config\Cache), false)
#6 /Users/jclimonero/Developer/SingleFile/BE/vendor/codeigniter4/framework/system/Boot.php(363): CodeIgniter\CodeIgniter->run()
#7 /Users/jclimonero/Developer/SingleFile/BE/vendor/codeigniter4/framework/system/Boot.php(68): CodeIgniter\Boot::runCodeIgniter(Object(CodeIgniter\CodeIgniter))
#8 /Users/jclimonero/Developer/SingleFile/BE/public/index.php(59): CodeIgniter\Boot::bootWeb(Object(Config\Paths))
#9 /Users/jclimonero/Developer/SingleFile/BE/vendor/codeigniter4/framework/system/rewrite.php(44): require_once('/Users/jclimone...')
#10 {main}
ERROR - 2026-01-26 23:21:57 --> Error connecting to the database: mysqli_sql_exception: Operation timed out in /Users/jclimonero/Developer/SingleFile/BE/vendor/codeigniter4/framework/system/Database/MySQLi/Connection.php:201
Stack trace:
#0 /Users/jclimonero/Developer/SingleFile/BE/vendor/codeigniter4/framework/system/Database/MySQLi/Connection.php(201): mysqli->real_connect('192.168.190.140', 'vgd_testing', Object(SensitiveParameterValue), 'single_file', 3306, '', 0)
#1 /Users/jclimonero/Developer/SingleFile/BE/vendor/codeigniter4/framework/system/Database/BaseConnection.php(419): CodeIgniter\Database\MySQLi\Connection->connect(false)
#2 /Users/jclimonero/Developer/SingleFile/BE/vendor/codeigniter4/framework/system/Database/BaseConnection.php(614): CodeIgniter\Database\BaseConnection->initialize()
#3 /Users/jclimonero/Developer/SingleFile/BE/app/Controllers/Api/ClientSearch.php(193): CodeIgniter\Database\BaseConnection->query('(\n             ...', Array)
#4 /Users/jclimonero/Developer/SingleFile/BE/vendor/codeigniter4/framework/system/CodeIgniter.php(933): App\Controllers\Api\ClientSearch->search()
#5 /Users/jclimonero/Developer/SingleFile/BE/vendor/codeigniter4/framework/system/CodeIgniter.php(507): CodeIgniter\CodeIgniter->runController(Object(App\Controllers\Api\ClientSearch))
#6 /Users/jclimonero/Developer/SingleFile/BE/vendor/codeigniter4/framework/system/CodeIgniter.php(354): CodeIgniter\CodeIgniter->handleRequest(NULL, Object(Config\Cache), false)
#7 /Users/jclimonero/Developer/SingleFile/BE/vendor/codeigniter4/framework/system/Boot.php(363): CodeIgniter\CodeIgniter->run()
#8 /Users/jclimonero/Developer/SingleFile/BE/vendor/codeigniter4/framework/system/Boot.php(68): CodeIgniter\Boot::runCodeIgniter(Object(CodeIgniter\CodeIgniter))
#9 /Users/jclimonero/Developer/SingleFile/BE/public/index.php(59): CodeIgniter\Boot::bootWeb(Object(Config\Paths))
#10 /Users/jclimonero/Developer/SingleFile/BE/vendor/codeigniter4/framework/system/rewrite.php(44): require_once('/Users/jclimone...')
#11 {main}

Next CodeIgniter\Database\Exceptions\DatabaseException: Operation timed out in /Users/jclimonero/Developer/SingleFile/BE/vendor/codeigniter4/framework/system/Database/MySQLi/Connection.php:246
Stack trace:
#0 /Users/jclimonero/Developer/SingleFile/BE/vendor/codeigniter4/framework/system/Database/BaseConnection.php(419): CodeIgniter\Database\MySQLi\Connection->connect(false)
#1 /Users/jclimonero/Developer/SingleFile/BE/vendor/codeigniter4/framework/system/Database/BaseConnection.php(614): CodeIgniter\Database\BaseConnection->initialize()
#2 /Users/jclimonero/Developer/SingleFile/BE/app/Controllers/Api/ClientSearch.php(193): CodeIgniter\Database\BaseConnection->query('(\n             ...', Array)
#3 /Users/jclimonero/Developer/SingleFile/BE/vendor/codeigniter4/framework/system/CodeIgniter.php(933): App\Controllers\Api\ClientSearch->search()
#4 /Users/jclimonero/Developer/SingleFile/BE/vendor/codeigniter4/framework/system/CodeIgniter.php(507): CodeIgniter\CodeIgniter->runController(Object(App\Controllers\Api\ClientSearch))
#5 /Users/jclimonero/Developer/SingleFile/BE/vendor/codeigniter4/framework/system/CodeIgniter.php(354): CodeIgniter\CodeIgniter->handleRequest(NULL, Object(Config\Cache), false)
#6 /Users/jclimonero/Developer/SingleFile/BE/vendor/codeigniter4/framework/system/Boot.php(363): CodeIgniter\CodeIgniter->run()
#7 /Users/jclimonero/Developer/SingleFile/BE/vendor/codeigniter4/framework/system/Boot.php(68): CodeIgniter\Boot::runCodeIgniter(Object(CodeIgniter\CodeIgniter))
#8 /Users/jclimonero/Developer/SingleFile/BE/public/index.php(59): CodeIgniter\Boot::bootWeb(Object(Config\Paths))
#9 /Users/jclimonero/Developer/SingleFile/BE/vendor/codeigniter4/framework/system/rewrite.php(44): require_once('/Users/jclimone...')
#10 {main}
ERROR - 2026-01-26 23:22:22 --> Error connecting to the database: mysqli_sql_exception: Operation timed out in /Users/jclimonero/Developer/SingleFile/BE/vendor/codeigniter4/framework/system/Database/MySQLi/Connection.php:201
Stack trace:
#0 /Users/jclimonero/Developer/SingleFile/BE/vendor/codeigniter4/framework/system/Database/MySQLi/Connection.php(201): mysqli->real_connect('192.168.190.140', 'vgd_testing', Object(SensitiveParameterValue), 'single_file', 3306, '', 0)
#1 /Users/jclimonero/Developer/SingleFile/BE/vendor/codeigniter4/framework/system/Database/BaseConnection.php(419): CodeIgniter\Database\MySQLi\Connection->connect(false)
#2 /Users/jclimonero/Developer/SingleFile/BE/vendor/codeigniter4/framework/system/Database/BaseConnection.php(614): CodeIgniter\Database\BaseConnection->initialize()
#3 /Users/jclimonero/Developer/SingleFile/BE/app/Controllers/Api/ClientSearch.php(193): CodeIgniter\Database\BaseConnection->query('(\n             ...', Array)
#4 /Users/jclimonero/Developer/SingleFile/BE/vendor/codeigniter4/framework/system/CodeIgniter.php(933): App\Controllers\Api\ClientSearch->search()
#5 /Users/jclimonero/Developer/SingleFile/BE/vendor/codeigniter4/framework/system/CodeIgniter.php(507): CodeIgniter\CodeIgniter->runController(Object(App\Controllers\Api\ClientSearch))
#6 /Users/jclimonero/Developer/SingleFile/BE/vendor/codeigniter4/framework/system/CodeIgniter.php(354): CodeIgniter\CodeIgniter->handleRequest(NULL, Object(Config\Cache), false)
#7 /Users/jclimonero/Developer/SingleFile/BE/vendor/codeigniter4/framework/system/Boot.php(363): CodeIgniter\CodeIgniter->run()
#8 /Users/jclimonero/Developer/SingleFile/BE/vendor/codeigniter4/framework/system/Boot.php(68): CodeIgniter\Boot::runCodeIgniter(Object(CodeIgniter\CodeIgniter))
#9 /Users/jclimonero/Developer/SingleFile/BE/public/index.php(59): CodeIgniter\Boot::bootWeb(Object(Config\Paths))
#10 /Users/jclimonero/Developer/SingleFile/BE/vendor/codeigniter4/framework/system/rewrite.php(44): require_once('/Users/jclimone...')
#11 {main}

Next CodeIgniter\Database\Exceptions\DatabaseException: Operation timed out in /Users/jclimonero/Developer/SingleFile/BE/vendor/codeigniter4/framework/system/Database/MySQLi/Connection.php:246
Stack trace:
#0 /Users/jclimonero/Developer/SingleFile/BE/vendor/codeigniter4/framework/system/Database/BaseConnection.php(419): CodeIgniter\Database\MySQLi\Connection->connect(false)
#1 /Users/jclimonero/Developer/SingleFile/BE/vendor/codeigniter4/framework/system/Database/BaseConnection.php(614): CodeIgniter\Database\BaseConnection->initialize()
#2 /Users/jclimonero/Developer/SingleFile/BE/app/Controllers/Api/ClientSearch.php(193): CodeIgniter\Database\BaseConnection->query('(\n             ...', Array)
#3 /Users/jclimonero/Developer/SingleFile/BE/vendor/codeigniter4/framework/system/CodeIgniter.php(933): App\Controllers\Api\ClientSearch->search()
#4 /Users/jclimonero/Developer/SingleFile/BE/vendor/codeigniter4/framework/system/CodeIgniter.php(507): CodeIgniter\CodeIgniter->runController(Object(App\Controllers\Api\ClientSearch))
#5 /Users/jclimonero/Developer/SingleFile/BE/vendor/codeigniter4/framework/system/CodeIgniter.php(354): CodeIgniter\CodeIgniter->handleRequest(NULL, Object(Config\Cache), false)
#6 /Users/jclimonero/Developer/SingleFile/BE/vendor/codeigniter4/framework/system/Boot.php(363): CodeIgniter\CodeIgniter->run()
#7 /Users/jclimonero/Developer/SingleFile/BE/vendor/codeigniter4/framework/system/Boot.php(68): CodeIgniter\Boot::runCodeIgniter(Object(CodeIgniter\CodeIgniter))
#8 /Users/jclimonero/Developer/SingleFile/BE/public/index.php(59): CodeIgniter\Boot::bootWeb(Object(Config\Paths))
#9 /Users/jclimonero/Developer/SingleFile/BE/vendor/codeigniter4/framework/system/rewrite.php(44): require_once('/Users/jclimone...')
#10 {main}
ERROR - 2026-01-26 23:22:47 --> Error connecting to the database: mysqli_sql_exception: Operation timed out in /Users/jclimonero/Developer/SingleFile/BE/vendor/codeigniter4/framework/system/Database/MySQLi/Connection.php:201
Stack trace:
#0 /Users/jclimonero/Developer/SingleFile/BE/vendor/codeigniter4/framework/system/Database/MySQLi/Connection.php(201): mysqli->real_connect('192.168.190.140', 'vgd_testing', Object(SensitiveParameterValue), 'single_file', 3306, '', 0)
#1 /Users/jclimonero/Developer/SingleFile/BE/vendor/codeigniter4/framework/system/Database/BaseConnection.php(419): CodeIgniter\Database\MySQLi\Connection->connect(false)
#2 /Users/jclimonero/Developer/SingleFile/BE/vendor/codeigniter4/framework/system/Database/BaseConnection.php(614): CodeIgniter\Database\BaseConnection->initialize()
#3 /Users/jclimonero/Developer/SingleFile/BE/app/Controllers/Api/ClientSearch.php(193): CodeIgniter\Database\BaseConnection->query('(\n             ...', Array)
#4 /Users/jclimonero/Developer/SingleFile/BE/vendor/codeigniter4/framework/system/CodeIgniter.php(933): App\Controllers\Api\ClientSearch->search()
#5 /Users/jclimonero/Developer/SingleFile/BE/vendor/codeigniter4/framework/system/CodeIgniter.php(507): CodeIgniter\CodeIgniter->runController(Object(App\Controllers\Api\ClientSearch))
#6 /Users/jclimonero/Developer/SingleFile/BE/vendor/codeigniter4/framework/system/CodeIgniter.php(354): CodeIgniter\CodeIgniter->handleRequest(NULL, Object(Config\Cache), false)
#7 /Users/jclimonero/Developer/SingleFile/BE/vendor/codeigniter4/framework/system/Boot.php(363): CodeIgniter\CodeIgniter->run()
#8 /Users/jclimonero/Developer/SingleFile/BE/vendor/codeigniter4/framework/system/Boot.php(68): CodeIgniter\Boot::runCodeIgniter(Object(CodeIgniter\CodeIgniter))
#9 /Users/jclimonero/Developer/SingleFile/BE/public/index.php(59): CodeIgniter\Boot::bootWeb(Object(Config\Paths))
#10 /Users/jclimonero/Developer/SingleFile/BE/vendor/codeigniter4/framework/system/rewrite.php(44): require_once('/Users/jclimone...')
#11 {main}

Next CodeIgniter\Database\Exceptions\DatabaseException: Operation timed out in /Users/jclimonero/Developer/SingleFile/BE/vendor/codeigniter4/framework/system/Database/MySQLi/Connection.php:246
Stack trace:
#0 /Users/jclimonero/Developer/SingleFile/BE/vendor/codeigniter4/framework/system/Database/BaseConnection.php(419): CodeIgniter\Database\MySQLi\Connection->connect(false)
#1 /Users/jclimonero/Developer/SingleFile/BE/vendor/codeigniter4/framework/system/Database/BaseConnection.php(614): CodeIgniter\Database\BaseConnection->initialize()
#2 /Users/jclimonero/Developer/SingleFile/BE/app/Controllers/Api/ClientSearch.php(193): CodeIgniter\Database\BaseConnection->query('(\n             ...', Array)
#3 /Users/jclimonero/Developer/SingleFile/BE/vendor/codeigniter4/framework/system/CodeIgniter.php(933): App\Controllers\Api\ClientSearch->search()
#4 /Users/jclimonero/Developer/SingleFile/BE/vendor/codeigniter4/framework/system/CodeIgniter.php(507): CodeIgniter\CodeIgniter->runController(Object(App\Controllers\Api\ClientSearch))
#5 /Users/jclimonero/Developer/SingleFile/BE/vendor/codeigniter4/framework/system/CodeIgniter.php(354): CodeIgniter\CodeIgniter->handleRequest(NULL, Object(Config\Cache), false)
#6 /Users/jclimonero/Developer/SingleFile/BE/vendor/codeigniter4/framework/system/Boot.php(363): CodeIgniter\CodeIgniter->run()
#7 /Users/jclimonero/Developer/SingleFile/BE/vendor/codeigniter4/framework/system/Boot.php(68): CodeIgniter\Boot::runCodeIgniter(Object(CodeIgniter\CodeIgniter))
#8 /Users/jclimonero/Developer/SingleFile/BE/public/index.php(59): CodeIgniter\Boot::bootWeb(Object(Config\Paths))
#9 /Users/jclimonero/Developer/SingleFile/BE/vendor/codeigniter4/framework/system/rewrite.php(44): require_once('/Users/jclimone...')
#10 {main}
