ERROR - 2026-02-05 15:31:46 --> mysqli_sql_exception: Unknown column 'IdClient' in 'field list' in C:\inetpub\wwwroot\Nexus_SingleFile_BE\BE\vendor\codeigniter4\framework\system\Database\MySQLi\Connection.php:327
Stack trace:
#0 C:\inetpub\wwwroot\Nexus_SingleFile_BE\BE\vendor\codeigniter4\framework\system\Database\MySQLi\Connection.php(327): mysqli->query()
#1 C:\inetpub\wwwroot\Nexus_SingleFile_BE\BE\vendor\codeigniter4\framework\system\Database\BaseConnection.php(729): CodeIgniter\Database\MySQLi\Connection->execute()
#2 C:\inetpub\wwwroot\Nexus_SingleFile_BE\BE\vendor\codeigniter4\framework\system\Database\BaseConnection.php(646): CodeIgniter\Database\BaseConnection->simpleQuery()
#3 C:\inetpub\wwwroot\Nexus_SingleFile_BE\BE\app\Controllers\Api\Files.php(1302): CodeIgniter\Database\BaseConnection->query()
#4 C:\inetpub\wwwroot\Nexus_SingleFile_BE\BE\vendor\codeigniter4\framework\system\CodeIgniter.php(933): App\Controllers\Api\Files->checkExistingOrders()
#5 C:\inetpub\wwwroot\Nexus_SingleFile_BE\BE\vendor\codeigniter4\framework\system\CodeIgniter.php(507): CodeIgniter\CodeIgniter->runController()
#6 C:\inetpub\wwwroot\Nexus_SingleFile_BE\BE\vendor\codeigniter4\framework\system\CodeIgniter.php(354): CodeIgniter\CodeIgniter->handleRequest()
#7 C:\inetpub\wwwroot\Nexus_SingleFile_BE\BE\vendor\codeigniter4\framework\system\Boot.php(363): CodeIgniter\CodeIgniter->run()
#8 C:\inetpub\wwwroot\Nexus_SingleFile_BE\BE\vendor\codeigniter4\framework\system\Boot.php(68): CodeIgniter\Boot::runCodeIgniter()
#9 C:\inetpub\wwwroot\Nexus_SingleFile_BE\BE\public\index.php(59): CodeIgniter\Boot::bootWeb()
#10 {main}
CRITICAL - 2026-02-05 16:51:45 --> CodeIgniter\Cache\Exceptions\CacheException: Cache unable to write to "C:\inetpub\wwwroot\Nexus_SingleFile_BE\BE\writable\cache/".
[Method: POST, Route: api/auth/login]
in SYSTEMPATH\Cache\Handlers\FileHandler.php on line 66.
 1 SYSTEMPATH\Cache\Handlers\FileHandler.php(66): CodeIgniter\Cache\Exceptions\CacheException::forUnableToWrite()
 2 SYSTEMPATH\Cache\CacheFactory.php(67): CodeIgniter\Cache\Handlers\FileHandler->__construct()
 3 SYSTEMPATH\Config\Services.php(129): CodeIgniter\Cache\CacheFactory::getHandler()
 4 SYSTEMPATH\Config\BaseService.php(312): CodeIgniter\Config\Services::cache()
 5 SYSTEMPATH\Config\BaseService.php(251): CodeIgniter\Config\BaseService::__callStatic()
 6 SYSTEMPATH\Config\Services.php(124): CodeIgniter\Config\BaseService::getSharedInstance()
 7 SYSTEMPATH\Config\BaseService.php(321): CodeIgniter\Config\Services::cache()
 8 SYSTEMPATH\Config\BaseService.php(202): CodeIgniter\Config\BaseService::__callStatic()
 9 SYSTEMPATH\Config\Services.php(454): CodeIgniter\Config\BaseService::get()
10 SYSTEMPATH\Config\BaseService.php(312): CodeIgniter\Config\Services::responsecache()
11 SYSTEMPATH\Config\BaseService.php(251): CodeIgniter\Config\BaseService::__callStatic()
12 SYSTEMPATH\Config\Services.php(450): CodeIgniter\Config\BaseService::getSharedInstance()
13 SYSTEMPATH\Config\BaseService.php(321): CodeIgniter\Config\Services::responsecache()
14 SYSTEMPATH\CodeIgniter.php(178): CodeIgniter\Config\BaseService::__callStatic()
15 SYSTEMPATH\Config\Services.php(164): CodeIgniter\CodeIgniter->__construct()
16 SYSTEMPATH\Config\BaseService.php(312): CodeIgniter\Config\Services::codeigniter()
17 SYSTEMPATH\Config\BaseService.php(251): CodeIgniter\Config\BaseService::__callStatic()
18 SYSTEMPATH\Config\Services.php(159): CodeIgniter\Config\BaseService::getSharedInstance()
19 SYSTEMPATH\Config\BaseService.php(321): CodeIgniter\Config\Services::codeigniter()
20 SYSTEMPATH\Config\BaseService.php(202): CodeIgniter\Config\BaseService::__callStatic()
21 SYSTEMPATH\Common.php(995): CodeIgniter\Config\BaseService::get()
22 SYSTEMPATH\Boot.php(349): service()
23 SYSTEMPATH\Boot.php(67): CodeIgniter\Boot::initializeCodeIgniter()
24 FCPATH\index.php(59): CodeIgniter\Boot::bootWeb()
