ERROR - 2026-02-03 14:15:25 --> Error connecting to the database: mysqli_sql_exception: A connection attempt failed because the connected party did not properly respond after a period of time, or established connection failed because connected host has failed to respond in C:\inetpub\wwwroot\Nexus_SingleFile_BE\BE\vendor\codeigniter4\framework\system\Database\MySQLi\Connection.php:202
Stack trace:
#0 C:\inetpub\wwwroot\Nexus_SingleFile_BE\BE\vendor\codeigniter4\framework\system\Database\MySQLi\Connection.php(202): mysqli->real_connect()
#1 C:\inetpub\wwwroot\Nexus_SingleFile_BE\BE\vendor\codeigniter4\framework\system\Database\BaseConnection.php(419): CodeIgniter\Database\MySQLi\Connection->connect()
#2 C:\inetpub\wwwroot\Nexus_SingleFile_BE\BE\vendor\codeigniter4\framework\system\Database\BaseConnection.php(614): CodeIgniter\Database\BaseConnection->initialize()
#3 C:\inetpub\wwwroot\Nexus_SingleFile_BE\BE\vendor\codeigniter4\framework\system\Database\BaseBuilder.php(1649): CodeIgniter\Database\BaseConnection->query()
#4 C:\inetpub\wwwroot\Nexus_SingleFile_BE\BE\vendor\codeigniter4\framework\system\Model.php(925): CodeIgniter\Database\BaseBuilder->get()
#5 C:\inetpub\wwwroot\Nexus_SingleFile_BE\BE\app\Models\AuthModel.php(35): CodeIgniter\Model->__call()
#6 C:\inetpub\wwwroot\Nexus_SingleFile_BE\BE\app\Controllers\Api\Auth.php(41): App\Models\AuthModel->authenticate()
#7 C:\inetpub\wwwroot\Nexus_SingleFile_BE\BE\vendor\codeigniter4\framework\system\CodeIgniter.php(933): App\Controllers\Api\Auth->login()
#8 C:\inetpub\wwwroot\Nexus_SingleFile_BE\BE\vendor\codeigniter4\framework\system\CodeIgniter.php(507): CodeIgniter\CodeIgniter->runController()
#9 C:\inetpub\wwwroot\Nexus_SingleFile_BE\BE\vendor\codeigniter4\framework\system\CodeIgniter.php(354): CodeIgniter\CodeIgniter->handleRequest()
#10 C:\inetpub\wwwroot\Nexus_SingleFile_BE\BE\vendor\codeigniter4\framework\system\Boot.php(363): CodeIgniter\CodeIgniter->run()
#11 C:\inetpub\wwwroot\Nexus_SingleFile_BE\BE\vendor\codeigniter4\framework\system\Boot.php(68): CodeIgniter\Boot::runCodeIgniter()
#12 C:\inetpub\wwwroot\Nexus_SingleFile_BE\BE\public\index.php(59): CodeIgniter\Boot::bootWeb()
#13 {main}

Next CodeIgniter\Database\Exceptions\DatabaseException: A connection attempt failed because the connected party did not properly respond after a period of time, or established connection failed because connected host has failed to respond in C:\inetpub\wwwroot\Nexus_SingleFile_BE\BE\vendor\codeigniter4\framework\system\Database\MySQLi\Connection.php:246
Stack trace:
#0 C:\inetpub\wwwroot\Nexus_SingleFile_BE\BE\vendor\codeigniter4\framework\system\Database\BaseConnection.php(419): CodeIgniter\Database\MySQLi\Connection->connect()
#1 C:\inetpub\wwwroot\Nexus_SingleFile_BE\BE\vendor\codeigniter4\framework\system\Database\BaseConnection.php(614): CodeIgniter\Database\BaseConnection->initialize()
#2 C:\inetpub\wwwroot\Nexus_SingleFile_BE\BE\vendor\codeigniter4\framework\system\Database\BaseBuilder.php(1649): CodeIgniter\Database\BaseConnection->query()
#3 C:\inetpub\wwwroot\Nexus_SingleFile_BE\BE\vendor\codeigniter4\framework\system\Model.php(925): CodeIgniter\Database\BaseBuilder->get()
#4 C:\inetpub\wwwroot\Nexus_SingleFile_BE\BE\app\Models\AuthModel.php(35): CodeIgniter\Model->__call()
#5 C:\inetpub\wwwroot\Nexus_SingleFile_BE\BE\app\Controllers\Api\Auth.php(41): App\Models\AuthModel->authenticate()
#6 C:\inetpub\wwwroot\Nexus_SingleFile_BE\BE\vendor\codeigniter4\framework\system\CodeIgniter.php(933): App\Controllers\Api\Auth->login()
#7 C:\inetpub\wwwroot\Nexus_SingleFile_BE\BE\vendor\codeigniter4\framework\system\CodeIgniter.php(507): CodeIgniter\CodeIgniter->runController()
#8 C:\inetpub\wwwroot\Nexus_SingleFile_BE\BE\vendor\codeigniter4\framework\system\CodeIgniter.php(354): CodeIgniter\CodeIgniter->handleRequest()
#9 C:\inetpub\wwwroot\Nexus_SingleFile_BE\BE\vendor\codeigniter4\framework\system\Boot.php(363): CodeIgniter\CodeIgniter->run()
#10 C:\inetpub\wwwroot\Nexus_SingleFile_BE\BE\vendor\codeigniter4\framework\system\Boot.php(68): CodeIgniter\Boot::runCodeIgniter()
#11 C:\inetpub\wwwroot\Nexus_SingleFile_BE\BE\public\index.php(59): CodeIgniter\Boot::bootWeb()
#12 {main}
ERROR - 2026-02-03 15:24:48 --> Error connecting to the database: mysqli_sql_exception: A connection attempt failed because the connected party did not properly respond after a period of time, or established connection failed because connected host has failed to respond in C:\inetpub\wwwroot\Nexus_SingleFile_BE\BE\vendor\codeigniter4\framework\system\Database\MySQLi\Connection.php:202
Stack trace:
#0 C:\inetpub\wwwroot\Nexus_SingleFile_BE\BE\vendor\codeigniter4\framework\system\Database\MySQLi\Connection.php(202): mysqli->real_connect()
#1 C:\inetpub\wwwroot\Nexus_SingleFile_BE\BE\vendor\codeigniter4\framework\system\Database\BaseConnection.php(419): CodeIgniter\Database\MySQLi\Connection->connect()
#2 C:\inetpub\wwwroot\Nexus_SingleFile_BE\BE\vendor\codeigniter4\framework\system\Database\BaseConnection.php(614): CodeIgniter\Database\BaseConnection->initialize()
#3 C:\inetpub\wwwroot\Nexus_SingleFile_BE\BE\vendor\codeigniter4\framework\system\Database\BaseBuilder.php(1649): CodeIgniter\Database\BaseConnection->query()
#4 C:\inetpub\wwwroot\Nexus_SingleFile_BE\BE\vendor\codeigniter4\framework\system\Model.php(925): CodeIgniter\Database\BaseBuilder->get()
#5 C:\inetpub\wwwroot\Nexus_SingleFile_BE\BE\app\Models\AuthModel.php(35): CodeIgniter\Model->__call()
#6 C:\inetpub\wwwroot\Nexus_SingleFile_BE\BE\app\Controllers\Api\Auth.php(41): App\Models\AuthModel->authenticate()
#7 C:\inetpub\wwwroot\Nexus_SingleFile_BE\BE\vendor\codeigniter4\framework\system\CodeIgniter.php(933): App\Controllers\Api\Auth->login()
#8 C:\inetpub\wwwroot\Nexus_SingleFile_BE\BE\vendor\codeigniter4\framework\system\CodeIgniter.php(507): CodeIgniter\CodeIgniter->runController()
#9 C:\inetpub\wwwroot\Nexus_SingleFile_BE\BE\vendor\codeigniter4\framework\system\CodeIgniter.php(354): CodeIgniter\CodeIgniter->handleRequest()
#10 C:\inetpub\wwwroot\Nexus_SingleFile_BE\BE\vendor\codeigniter4\framework\system\Boot.php(363): CodeIgniter\CodeIgniter->run()
#11 C:\inetpub\wwwroot\Nexus_SingleFile_BE\BE\vendor\codeigniter4\framework\system\Boot.php(68): CodeIgniter\Boot::runCodeIgniter()
#12 C:\inetpub\wwwroot\Nexus_SingleFile_BE\BE\public\index.php(59): CodeIgniter\Boot::bootWeb()
#13 {main}

Next CodeIgniter\Database\Exceptions\DatabaseException: A connection attempt failed because the connected party did not properly respond after a period of time, or established connection failed because connected host has failed to respond in C:\inetpub\wwwroot\Nexus_SingleFile_BE\BE\vendor\codeigniter4\framework\system\Database\MySQLi\Connection.php:246
Stack trace:
#0 C:\inetpub\wwwroot\Nexus_SingleFile_BE\BE\vendor\codeigniter4\framework\system\Database\BaseConnection.php(419): CodeIgniter\Database\MySQLi\Connection->connect()
#1 C:\inetpub\wwwroot\Nexus_SingleFile_BE\BE\vendor\codeigniter4\framework\system\Database\BaseConnection.php(614): CodeIgniter\Database\BaseConnection->initialize()
#2 C:\inetpub\wwwroot\Nexus_SingleFile_BE\BE\vendor\codeigniter4\framework\system\Database\BaseBuilder.php(1649): CodeIgniter\Database\BaseConnection->query()
#3 C:\inetpub\wwwroot\Nexus_SingleFile_BE\BE\vendor\codeigniter4\framework\system\Model.php(925): CodeIgniter\Database\BaseBuilder->get()
#4 C:\inetpub\wwwroot\Nexus_SingleFile_BE\BE\app\Models\AuthModel.php(35): CodeIgniter\Model->__call()
#5 C:\inetpub\wwwroot\Nexus_SingleFile_BE\BE\app\Controllers\Api\Auth.php(41): App\Models\AuthModel->authenticate()
#6 C:\inetpub\wwwroot\Nexus_SingleFile_BE\BE\vendor\codeigniter4\framework\system\CodeIgniter.php(933): App\Controllers\Api\Auth->login()
#7 C:\inetpub\wwwroot\Nexus_SingleFile_BE\BE\vendor\codeigniter4\framework\system\CodeIgniter.php(507): CodeIgniter\CodeIgniter->runController()
#8 C:\inetpub\wwwroot\Nexus_SingleFile_BE\BE\vendor\codeigniter4\framework\system\CodeIgniter.php(354): CodeIgniter\CodeIgniter->handleRequest()
#9 C:\inetpub\wwwroot\Nexus_SingleFile_BE\BE\vendor\codeigniter4\framework\system\Boot.php(363): CodeIgniter\CodeIgniter->run()
#10 C:\inetpub\wwwroot\Nexus_SingleFile_BE\BE\vendor\codeigniter4\framework\system\Boot.php(68): CodeIgniter\Boot::runCodeIgniter()
#11 C:\inetpub\wwwroot\Nexus_SingleFile_BE\BE\public\index.php(59): CodeIgniter\Boot::bootWeb()
#12 {main}
ERROR - 2026-02-03 15:35:37 --> Error connecting to the database: mysqli_sql_exception: A connection attempt failed because the connected party did not properly respond after a period of time, or established connection failed because connected host has failed to respond in C:\inetpub\wwwroot\Nexus_SingleFile_BE\BE\vendor\codeigniter4\framework\system\Database\MySQLi\Connection.php:202
Stack trace:
#0 C:\inetpub\wwwroot\Nexus_SingleFile_BE\BE\vendor\codeigniter4\framework\system\Database\MySQLi\Connection.php(202): mysqli->real_connect()
#1 C:\inetpub\wwwroot\Nexus_SingleFile_BE\BE\vendor\codeigniter4\framework\system\Database\BaseConnection.php(419): CodeIgniter\Database\MySQLi\Connection->connect()
#2 C:\inetpub\wwwroot\Nexus_SingleFile_BE\BE\vendor\codeigniter4\framework\system\Database\BaseConnection.php(614): CodeIgniter\Database\BaseConnection->initialize()
#3 C:\inetpub\wwwroot\Nexus_SingleFile_BE\BE\vendor\codeigniter4\framework\system\Database\BaseBuilder.php(1649): CodeIgniter\Database\BaseConnection->query()
#4 C:\inetpub\wwwroot\Nexus_SingleFile_BE\BE\vendor\codeigniter4\framework\system\Model.php(925): CodeIgniter\Database\BaseBuilder->get()
#5 C:\inetpub\wwwroot\Nexus_SingleFile_BE\BE\app\Models\AuthModel.php(35): CodeIgniter\Model->__call()
#6 C:\inetpub\wwwroot\Nexus_SingleFile_BE\BE\app\Controllers\Api\Auth.php(41): App\Models\AuthModel->authenticate()
#7 C:\inetpub\wwwroot\Nexus_SingleFile_BE\BE\vendor\codeigniter4\framework\system\CodeIgniter.php(933): App\Controllers\Api\Auth->login()
#8 C:\inetpub\wwwroot\Nexus_SingleFile_BE\BE\vendor\codeigniter4\framework\system\CodeIgniter.php(507): CodeIgniter\CodeIgniter->runController()
#9 C:\inetpub\wwwroot\Nexus_SingleFile_BE\BE\vendor\codeigniter4\framework\system\CodeIgniter.php(354): CodeIgniter\CodeIgniter->handleRequest()
#10 C:\inetpub\wwwroot\Nexus_SingleFile_BE\BE\vendor\codeigniter4\framework\system\Boot.php(363): CodeIgniter\CodeIgniter->run()
#11 C:\inetpub\wwwroot\Nexus_SingleFile_BE\BE\vendor\codeigniter4\framework\system\Boot.php(68): CodeIgniter\Boot::runCodeIgniter()
#12 C:\inetpub\wwwroot\Nexus_SingleFile_BE\BE\public\index.php(59): CodeIgniter\Boot::bootWeb()
#13 {main}

Next CodeIgniter\Database\Exceptions\DatabaseException: A connection attempt failed because the connected party did not properly respond after a period of time, or established connection failed because connected host has failed to respond in C:\inetpub\wwwroot\Nexus_SingleFile_BE\BE\vendor\codeigniter4\framework\system\Database\MySQLi\Connection.php:246
Stack trace:
#0 C:\inetpub\wwwroot\Nexus_SingleFile_BE\BE\vendor\codeigniter4\framework\system\Database\BaseConnection.php(419): CodeIgniter\Database\MySQLi\Connection->connect()
#1 C:\inetpub\wwwroot\Nexus_SingleFile_BE\BE\vendor\codeigniter4\framework\system\Database\BaseConnection.php(614): CodeIgniter\Database\BaseConnection->initialize()
#2 C:\inetpub\wwwroot\Nexus_SingleFile_BE\BE\vendor\codeigniter4\framework\system\Database\BaseBuilder.php(1649): CodeIgniter\Database\BaseConnection->query()
#3 C:\inetpub\wwwroot\Nexus_SingleFile_BE\BE\vendor\codeigniter4\framework\system\Model.php(925): CodeIgniter\Database\BaseBuilder->get()
#4 C:\inetpub\wwwroot\Nexus_SingleFile_BE\BE\app\Models\AuthModel.php(35): CodeIgniter\Model->__call()
#5 C:\inetpub\wwwroot\Nexus_SingleFile_BE\BE\app\Controllers\Api\Auth.php(41): App\Models\AuthModel->authenticate()
#6 C:\inetpub\wwwroot\Nexus_SingleFile_BE\BE\vendor\codeigniter4\framework\system\CodeIgniter.php(933): App\Controllers\Api\Auth->login()
#7 C:\inetpub\wwwroot\Nexus_SingleFile_BE\BE\vendor\codeigniter4\framework\system\CodeIgniter.php(507): CodeIgniter\CodeIgniter->runController()
#8 C:\inetpub\wwwroot\Nexus_SingleFile_BE\BE\vendor\codeigniter4\framework\system\CodeIgniter.php(354): CodeIgniter\CodeIgniter->handleRequest()
#9 C:\inetpub\wwwroot\Nexus_SingleFile_BE\BE\vendor\codeigniter4\framework\system\Boot.php(363): CodeIgniter\CodeIgniter->run()
#10 C:\inetpub\wwwroot\Nexus_SingleFile_BE\BE\vendor\codeigniter4\framework\system\Boot.php(68): CodeIgniter\Boot::runCodeIgniter()
#11 C:\inetpub\wwwroot\Nexus_SingleFile_BE\BE\public\index.php(59): CodeIgniter\Boot::bootWeb()
#12 {main}
ERROR - 2026-02-03 15:36:22 --> Error connecting to the database: mysqli_sql_exception: A connection attempt failed because the connected party did not properly respond after a period of time, or established connection failed because connected host has failed to respond in C:\inetpub\wwwroot\Nexus_SingleFile_BE\BE\vendor\codeigniter4\framework\system\Database\MySQLi\Connection.php:202
Stack trace:
#0 C:\inetpub\wwwroot\Nexus_SingleFile_BE\BE\vendor\codeigniter4\framework\system\Database\MySQLi\Connection.php(202): mysqli->real_connect()
#1 C:\inetpub\wwwroot\Nexus_SingleFile_BE\BE\vendor\codeigniter4\framework\system\Database\BaseConnection.php(419): CodeIgniter\Database\MySQLi\Connection->connect()
#2 C:\inetpub\wwwroot\Nexus_SingleFile_BE\BE\vendor\codeigniter4\framework\system\Database\BaseConnection.php(614): CodeIgniter\Database\BaseConnection->initialize()
#3 C:\inetpub\wwwroot\Nexus_SingleFile_BE\BE\vendor\codeigniter4\framework\system\Database\BaseBuilder.php(1649): CodeIgniter\Database\BaseConnection->query()
#4 C:\inetpub\wwwroot\Nexus_SingleFile_BE\BE\vendor\codeigniter4\framework\system\Model.php(925): CodeIgniter\Database\BaseBuilder->get()
#5 C:\inetpub\wwwroot\Nexus_SingleFile_BE\BE\app\Models\AuthModel.php(35): CodeIgniter\Model->__call()
#6 C:\inetpub\wwwroot\Nexus_SingleFile_BE\BE\app\Controllers\Api\Auth.php(41): App\Models\AuthModel->authenticate()
#7 C:\inetpub\wwwroot\Nexus_SingleFile_BE\BE\vendor\codeigniter4\framework\system\CodeIgniter.php(933): App\Controllers\Api\Auth->login()
#8 C:\inetpub\wwwroot\Nexus_SingleFile_BE\BE\vendor\codeigniter4\framework\system\CodeIgniter.php(507): CodeIgniter\CodeIgniter->runController()
#9 C:\inetpub\wwwroot\Nexus_SingleFile_BE\BE\vendor\codeigniter4\framework\system\CodeIgniter.php(354): CodeIgniter\CodeIgniter->handleRequest()
#10 C:\inetpub\wwwroot\Nexus_SingleFile_BE\BE\vendor\codeigniter4\framework\system\Boot.php(363): CodeIgniter\CodeIgniter->run()
#11 C:\inetpub\wwwroot\Nexus_SingleFile_BE\BE\vendor\codeigniter4\framework\system\Boot.php(68): CodeIgniter\Boot::runCodeIgniter()
#12 C:\inetpub\wwwroot\Nexus_SingleFile_BE\BE\public\index.php(59): CodeIgniter\Boot::bootWeb()
#13 {main}

Next CodeIgniter\Database\Exceptions\DatabaseException: A connection attempt failed because the connected party did not properly respond after a period of time, or established connection failed because connected host has failed to respond in C:\inetpub\wwwroot\Nexus_SingleFile_BE\BE\vendor\codeigniter4\framework\system\Database\MySQLi\Connection.php:246
Stack trace:
#0 C:\inetpub\wwwroot\Nexus_SingleFile_BE\BE\vendor\codeigniter4\framework\system\Database\BaseConnection.php(419): CodeIgniter\Database\MySQLi\Connection->connect()
#1 C:\inetpub\wwwroot\Nexus_SingleFile_BE\BE\vendor\codeigniter4\framework\system\Database\BaseConnection.php(614): CodeIgniter\Database\BaseConnection->initialize()
#2 C:\inetpub\wwwroot\Nexus_SingleFile_BE\BE\vendor\codeigniter4\framework\system\Database\BaseBuilder.php(1649): CodeIgniter\Database\BaseConnection->query()
#3 C:\inetpub\wwwroot\Nexus_SingleFile_BE\BE\vendor\codeigniter4\framework\system\Model.php(925): CodeIgniter\Database\BaseBuilder->get()
#4 C:\inetpub\wwwroot\Nexus_SingleFile_BE\BE\app\Models\AuthModel.php(35): CodeIgniter\Model->__call()
#5 C:\inetpub\wwwroot\Nexus_SingleFile_BE\BE\app\Controllers\Api\Auth.php(41): App\Models\AuthModel->authenticate()
#6 C:\inetpub\wwwroot\Nexus_SingleFile_BE\BE\vendor\codeigniter4\framework\system\CodeIgniter.php(933): App\Controllers\Api\Auth->login()
#7 C:\inetpub\wwwroot\Nexus_SingleFile_BE\BE\vendor\codeigniter4\framework\system\CodeIgniter.php(507): CodeIgniter\CodeIgniter->runController()
#8 C:\inetpub\wwwroot\Nexus_SingleFile_BE\BE\vendor\codeigniter4\framework\system\CodeIgniter.php(354): CodeIgniter\CodeIgniter->handleRequest()
#9 C:\inetpub\wwwroot\Nexus_SingleFile_BE\BE\vendor\codeigniter4\framework\system\Boot.php(363): CodeIgniter\CodeIgniter->run()
#10 C:\inetpub\wwwroot\Nexus_SingleFile_BE\BE\vendor\codeigniter4\framework\system\Boot.php(68): CodeIgniter\Boot::runCodeIgniter()
#11 C:\inetpub\wwwroot\Nexus_SingleFile_BE\BE\public\index.php(59): CodeIgniter\Boot::bootWeb()
#12 {main}
ERROR - 2026-02-03 16:23:35 --> Error connecting to the database: mysqli_sql_exception: A connection attempt failed because the connected party did not properly respond after a period of time, or established connection failed because connected host has failed to respond in C:\inetpub\wwwroot\Nexus_SingleFile_BE\BE\vendor\codeigniter4\framework\system\Database\MySQLi\Connection.php:202
Stack trace:
#0 C:\inetpub\wwwroot\Nexus_SingleFile_BE\BE\vendor\codeigniter4\framework\system\Database\MySQLi\Connection.php(202): mysqli->real_connect()
#1 C:\inetpub\wwwroot\Nexus_SingleFile_BE\BE\vendor\codeigniter4\framework\system\Database\BaseConnection.php(419): CodeIgniter\Database\MySQLi\Connection->connect()
#2 C:\inetpub\wwwroot\Nexus_SingleFile_BE\BE\vendor\codeigniter4\framework\system\Database\BaseConnection.php(614): CodeIgniter\Database\BaseConnection->initialize()
#3 C:\inetpub\wwwroot\Nexus_SingleFile_BE\BE\vendor\codeigniter4\framework\system\Database\BaseBuilder.php(1649): CodeIgniter\Database\BaseConnection->query()
#4 C:\inetpub\wwwroot\Nexus_SingleFile_BE\BE\vendor\codeigniter4\framework\system\Model.php(925): CodeIgniter\Database\BaseBuilder->get()
#5 C:\inetpub\wwwroot\Nexus_SingleFile_BE\BE\app\Models\AuthModel.php(35): CodeIgniter\Model->__call()
#6 C:\inetpub\wwwroot\Nexus_SingleFile_BE\BE\app\Controllers\Api\Auth.php(41): App\Models\AuthModel->authenticate()
#7 C:\inetpub\wwwroot\Nexus_SingleFile_BE\BE\vendor\codeigniter4\framework\system\CodeIgniter.php(933): App\Controllers\Api\Auth->login()
#8 C:\inetpub\wwwroot\Nexus_SingleFile_BE\BE\vendor\codeigniter4\framework\system\CodeIgniter.php(507): CodeIgniter\CodeIgniter->runController()
#9 C:\inetpub\wwwroot\Nexus_SingleFile_BE\BE\vendor\codeigniter4\framework\system\CodeIgniter.php(354): CodeIgniter\CodeIgniter->handleRequest()
#10 C:\inetpub\wwwroot\Nexus_SingleFile_BE\BE\vendor\codeigniter4\framework\system\Boot.php(363): CodeIgniter\CodeIgniter->run()
#11 C:\inetpub\wwwroot\Nexus_SingleFile_BE\BE\vendor\codeigniter4\framework\system\Boot.php(68): CodeIgniter\Boot::runCodeIgniter()
#12 C:\inetpub\wwwroot\Nexus_SingleFile_BE\BE\public\index.php(59): CodeIgniter\Boot::bootWeb()
#13 {main}

Next CodeIgniter\Database\Exceptions\DatabaseException: A connection attempt failed because the connected party did not properly respond after a period of time, or established connection failed because connected host has failed to respond in C:\inetpub\wwwroot\Nexus_SingleFile_BE\BE\vendor\codeigniter4\framework\system\Database\MySQLi\Connection.php:246
Stack trace:
#0 C:\inetpub\wwwroot\Nexus_SingleFile_BE\BE\vendor\codeigniter4\framework\system\Database\BaseConnection.php(419): CodeIgniter\Database\MySQLi\Connection->connect()
#1 C:\inetpub\wwwroot\Nexus_SingleFile_BE\BE\vendor\codeigniter4\framework\system\Database\BaseConnection.php(614): CodeIgniter\Database\BaseConnection->initialize()
#2 C:\inetpub\wwwroot\Nexus_SingleFile_BE\BE\vendor\codeigniter4\framework\system\Database\BaseBuilder.php(1649): CodeIgniter\Database\BaseConnection->query()
#3 C:\inetpub\wwwroot\Nexus_SingleFile_BE\BE\vendor\codeigniter4\framework\system\Model.php(925): CodeIgniter\Database\BaseBuilder->get()
#4 C:\inetpub\wwwroot\Nexus_SingleFile_BE\BE\app\Models\AuthModel.php(35): CodeIgniter\Model->__call()
#5 C:\inetpub\wwwroot\Nexus_SingleFile_BE\BE\app\Controllers\Api\Auth.php(41): App\Models\AuthModel->authenticate()
#6 C:\inetpub\wwwroot\Nexus_SingleFile_BE\BE\vendor\codeigniter4\framework\system\CodeIgniter.php(933): App\Controllers\Api\Auth->login()
#7 C:\inetpub\wwwroot\Nexus_SingleFile_BE\BE\vendor\codeigniter4\framework\system\CodeIgniter.php(507): CodeIgniter\CodeIgniter->runController()
#8 C:\inetpub\wwwroot\Nexus_SingleFile_BE\BE\vendor\codeigniter4\framework\system\CodeIgniter.php(354): CodeIgniter\CodeIgniter->handleRequest()
#9 C:\inetpub\wwwroot\Nexus_SingleFile_BE\BE\vendor\codeigniter4\framework\system\Boot.php(363): CodeIgniter\CodeIgniter->run()
#10 C:\inetpub\wwwroot\Nexus_SingleFile_BE\BE\vendor\codeigniter4\framework\system\Boot.php(68): CodeIgniter\Boot::runCodeIgniter()
#11 C:\inetpub\wwwroot\Nexus_SingleFile_BE\BE\public\index.php(59): CodeIgniter\Boot::bootWeb()
#12 {main}
ERROR - 2026-02-03 18:18:36 --> Error connecting to the database: mysqli_sql_exception: A connection attempt failed because the connected party did not properly respond after a period of time, or established connection failed because connected host has failed to respond in C:\inetpub\wwwroot\Nexus_SingleFile_BE\BE\vendor\codeigniter4\framework\system\Database\MySQLi\Connection.php:202
Stack trace:
#0 C:\inetpub\wwwroot\Nexus_SingleFile_BE\BE\vendor\codeigniter4\framework\system\Database\MySQLi\Connection.php(202): mysqli->real_connect()
#1 C:\inetpub\wwwroot\Nexus_SingleFile_BE\BE\vendor\codeigniter4\framework\system\Database\BaseConnection.php(419): CodeIgniter\Database\MySQLi\Connection->connect()
#2 C:\inetpub\wwwroot\Nexus_SingleFile_BE\BE\vendor\codeigniter4\framework\system\Database\BaseConnection.php(614): CodeIgniter\Database\BaseConnection->initialize()
#3 C:\inetpub\wwwroot\Nexus_SingleFile_BE\BE\vendor\codeigniter4\framework\system\Database\BaseBuilder.php(1649): CodeIgniter\Database\BaseConnection->query()
#4 C:\inetpub\wwwroot\Nexus_SingleFile_BE\BE\vendor\codeigniter4\framework\system\Model.php(925): CodeIgniter\Database\BaseBuilder->get()
#5 C:\inetpub\wwwroot\Nexus_SingleFile_BE\BE\app\Models\AuthModel.php(35): CodeIgniter\Model->__call()
#6 C:\inetpub\wwwroot\Nexus_SingleFile_BE\BE\app\Controllers\Api\Auth.php(41): App\Models\AuthModel->authenticate()
#7 C:\inetpub\wwwroot\Nexus_SingleFile_BE\BE\vendor\codeigniter4\framework\system\CodeIgniter.php(933): App\Controllers\Api\Auth->login()
#8 C:\inetpub\wwwroot\Nexus_SingleFile_BE\BE\vendor\codeigniter4\framework\system\CodeIgniter.php(507): CodeIgniter\CodeIgniter->runController()
#9 C:\inetpub\wwwroot\Nexus_SingleFile_BE\BE\vendor\codeigniter4\framework\system\CodeIgniter.php(354): CodeIgniter\CodeIgniter->handleRequest()
#10 C:\inetpub\wwwroot\Nexus_SingleFile_BE\BE\vendor\codeigniter4\framework\system\Boot.php(363): CodeIgniter\CodeIgniter->run()
#11 C:\inetpub\wwwroot\Nexus_SingleFile_BE\BE\vendor\codeigniter4\framework\system\Boot.php(68): CodeIgniter\Boot::runCodeIgniter()
#12 C:\inetpub\wwwroot\Nexus_SingleFile_BE\BE\public\index.php(59): CodeIgniter\Boot::bootWeb()
#13 {main}

Next CodeIgniter\Database\Exceptions\DatabaseException: A connection attempt failed because the connected party did not properly respond after a period of time, or established connection failed because connected host has failed to respond in C:\inetpub\wwwroot\Nexus_SingleFile_BE\BE\vendor\codeigniter4\framework\system\Database\MySQLi\Connection.php:246
Stack trace:
#0 C:\inetpub\wwwroot\Nexus_SingleFile_BE\BE\vendor\codeigniter4\framework\system\Database\BaseConnection.php(419): CodeIgniter\Database\MySQLi\Connection->connect()
#1 C:\inetpub\wwwroot\Nexus_SingleFile_BE\BE\vendor\codeigniter4\framework\system\Database\BaseConnection.php(614): CodeIgniter\Database\BaseConnection->initialize()
#2 C:\inetpub\wwwroot\Nexus_SingleFile_BE\BE\vendor\codeigniter4\framework\system\Database\BaseBuilder.php(1649): CodeIgniter\Database\BaseConnection->query()
#3 C:\inetpub\wwwroot\Nexus_SingleFile_BE\BE\vendor\codeigniter4\framework\system\Model.php(925): CodeIgniter\Database\BaseBuilder->get()
#4 C:\inetpub\wwwroot\Nexus_SingleFile_BE\BE\app\Models\AuthModel.php(35): CodeIgniter\Model->__call()
#5 C:\inetpub\wwwroot\Nexus_SingleFile_BE\BE\app\Controllers\Api\Auth.php(41): App\Models\AuthModel->authenticate()
#6 C:\inetpub\wwwroot\Nexus_SingleFile_BE\BE\vendor\codeigniter4\framework\system\CodeIgniter.php(933): App\Controllers\Api\Auth->login()
#7 C:\inetpub\wwwroot\Nexus_SingleFile_BE\BE\vendor\codeigniter4\framework\system\CodeIgniter.php(507): CodeIgniter\CodeIgniter->runController()
#8 C:\inetpub\wwwroot\Nexus_SingleFile_BE\BE\vendor\codeigniter4\framework\system\CodeIgniter.php(354): CodeIgniter\CodeIgniter->handleRequest()
#9 C:\inetpub\wwwroot\Nexus_SingleFile_BE\BE\vendor\codeigniter4\framework\system\Boot.php(363): CodeIgniter\CodeIgniter->run()
#10 C:\inetpub\wwwroot\Nexus_SingleFile_BE\BE\vendor\codeigniter4\framework\system\Boot.php(68): CodeIgniter\Boot::runCodeIgniter()
#11 C:\inetpub\wwwroot\Nexus_SingleFile_BE\BE\public\index.php(59): CodeIgniter\Boot::bootWeb()
#12 {main}
ERROR - 2026-02-03 18:51:24 --> Error connecting to the database: mysqli_sql_exception: A connection attempt failed because the connected party did not properly respond after a period of time, or established connection failed because connected host has failed to respond in C:\inetpub\wwwroot\Nexus_SingleFile_BE\BE\vendor\codeigniter4\framework\system\Database\MySQLi\Connection.php:202
Stack trace:
#0 C:\inetpub\wwwroot\Nexus_SingleFile_BE\BE\vendor\codeigniter4\framework\system\Database\MySQLi\Connection.php(202): mysqli->real_connect()
#1 C:\inetpub\wwwroot\Nexus_SingleFile_BE\BE\vendor\codeigniter4\framework\system\Database\BaseConnection.php(419): CodeIgniter\Database\MySQLi\Connection->connect()
#2 C:\inetpub\wwwroot\Nexus_SingleFile_BE\BE\vendor\codeigniter4\framework\system\Database\BaseConnection.php(614): CodeIgniter\Database\BaseConnection->initialize()
#3 C:\inetpub\wwwroot\Nexus_SingleFile_BE\BE\vendor\codeigniter4\framework\system\Database\BaseBuilder.php(1649): CodeIgniter\Database\BaseConnection->query()
#4 C:\inetpub\wwwroot\Nexus_SingleFile_BE\BE\vendor\codeigniter4\framework\system\Model.php(925): CodeIgniter\Database\BaseBuilder->get()
#5 C:\inetpub\wwwroot\Nexus_SingleFile_BE\BE\app\Models\AuthModel.php(35): CodeIgniter\Model->__call()
#6 C:\inetpub\wwwroot\Nexus_SingleFile_BE\BE\app\Controllers\Api\Auth.php(41): App\Models\AuthModel->authenticate()
#7 C:\inetpub\wwwroot\Nexus_SingleFile_BE\BE\vendor\codeigniter4\framework\system\CodeIgniter.php(933): App\Controllers\Api\Auth->login()
#8 C:\inetpub\wwwroot\Nexus_SingleFile_BE\BE\vendor\codeigniter4\framework\system\CodeIgniter.php(507): CodeIgniter\CodeIgniter->runController()
#9 C:\inetpub\wwwroot\Nexus_SingleFile_BE\BE\vendor\codeigniter4\framework\system\CodeIgniter.php(354): CodeIgniter\CodeIgniter->handleRequest()
#10 C:\inetpub\wwwroot\Nexus_SingleFile_BE\BE\vendor\codeigniter4\framework\system\Boot.php(363): CodeIgniter\CodeIgniter->run()
#11 C:\inetpub\wwwroot\Nexus_SingleFile_BE\BE\vendor\codeigniter4\framework\system\Boot.php(68): CodeIgniter\Boot::runCodeIgniter()
#12 C:\inetpub\wwwroot\Nexus_SingleFile_BE\BE\public\index.php(59): CodeIgniter\Boot::bootWeb()
#13 {main}

Next CodeIgniter\Database\Exceptions\DatabaseException: A connection attempt failed because the connected party did not properly respond after a period of time, or established connection failed because connected host has failed to respond in C:\inetpub\wwwroot\Nexus_SingleFile_BE\BE\vendor\codeigniter4\framework\system\Database\MySQLi\Connection.php:246
Stack trace:
#0 C:\inetpub\wwwroot\Nexus_SingleFile_BE\BE\vendor\codeigniter4\framework\system\Database\BaseConnection.php(419): CodeIgniter\Database\MySQLi\Connection->connect()
#1 C:\inetpub\wwwroot\Nexus_SingleFile_BE\BE\vendor\codeigniter4\framework\system\Database\BaseConnection.php(614): CodeIgniter\Database\BaseConnection->initialize()
#2 C:\inetpub\wwwroot\Nexus_SingleFile_BE\BE\vendor\codeigniter4\framework\system\Database\BaseBuilder.php(1649): CodeIgniter\Database\BaseConnection->query()
#3 C:\inetpub\wwwroot\Nexus_SingleFile_BE\BE\vendor\codeigniter4\framework\system\Model.php(925): CodeIgniter\Database\BaseBuilder->get()
#4 C:\inetpub\wwwroot\Nexus_SingleFile_BE\BE\app\Models\AuthModel.php(35): CodeIgniter\Model->__call()
#5 C:\inetpub\wwwroot\Nexus_SingleFile_BE\BE\app\Controllers\Api\Auth.php(41): App\Models\AuthModel->authenticate()
#6 C:\inetpub\wwwroot\Nexus_SingleFile_BE\BE\vendor\codeigniter4\framework\system\CodeIgniter.php(933): App\Controllers\Api\Auth->login()
#7 C:\inetpub\wwwroot\Nexus_SingleFile_BE\BE\vendor\codeigniter4\framework\system\CodeIgniter.php(507): CodeIgniter\CodeIgniter->runController()
#8 C:\inetpub\wwwroot\Nexus_SingleFile_BE\BE\vendor\codeigniter4\framework\system\CodeIgniter.php(354): CodeIgniter\CodeIgniter->handleRequest()
#9 C:\inetpub\wwwroot\Nexus_SingleFile_BE\BE\vendor\codeigniter4\framework\system\Boot.php(363): CodeIgniter\CodeIgniter->run()
#10 C:\inetpub\wwwroot\Nexus_SingleFile_BE\BE\vendor\codeigniter4\framework\system\Boot.php(68): CodeIgniter\Boot::runCodeIgniter()
#11 C:\inetpub\wwwroot\Nexus_SingleFile_BE\BE\public\index.php(59): CodeIgniter\Boot::bootWeb()
#12 {main}
ERROR - 2026-02-03 19:00:25 --> Error connecting to the database: mysqli_sql_exception: A connection attempt failed because the connected party did not properly respond after a period of time, or established connection failed because connected host has failed to respond in C:\inetpub\wwwroot\Nexus_SingleFile_BE\BE\vendor\codeigniter4\framework\system\Database\MySQLi\Connection.php:202
Stack trace:
#0 C:\inetpub\wwwroot\Nexus_SingleFile_BE\BE\vendor\codeigniter4\framework\system\Database\MySQLi\Connection.php(202): mysqli->real_connect()
#1 C:\inetpub\wwwroot\Nexus_SingleFile_BE\BE\vendor\codeigniter4\framework\system\Database\BaseConnection.php(419): CodeIgniter\Database\MySQLi\Connection->connect()
#2 C:\inetpub\wwwroot\Nexus_SingleFile_BE\BE\vendor\codeigniter4\framework\system\Database\BaseConnection.php(614): CodeIgniter\Database\BaseConnection->initialize()
#3 C:\inetpub\wwwroot\Nexus_SingleFile_BE\BE\vendor\codeigniter4\framework\system\Database\BaseBuilder.php(1649): CodeIgniter\Database\BaseConnection->query()
#4 C:\inetpub\wwwroot\Nexus_SingleFile_BE\BE\vendor\codeigniter4\framework\system\Model.php(925): CodeIgniter\Database\BaseBuilder->get()
#5 C:\inetpub\wwwroot\Nexus_SingleFile_BE\BE\app\Models\AuthModel.php(35): CodeIgniter\Model->__call()
#6 C:\inetpub\wwwroot\Nexus_SingleFile_BE\BE\app\Controllers\Api\Auth.php(41): App\Models\AuthModel->authenticate()
#7 C:\inetpub\wwwroot\Nexus_SingleFile_BE\BE\vendor\codeigniter4\framework\system\CodeIgniter.php(933): App\Controllers\Api\Auth->login()
#8 C:\inetpub\wwwroot\Nexus_SingleFile_BE\BE\vendor\codeigniter4\framework\system\CodeIgniter.php(507): CodeIgniter\CodeIgniter->runController()
#9 C:\inetpub\wwwroot\Nexus_SingleFile_BE\BE\vendor\codeigniter4\framework\system\CodeIgniter.php(354): CodeIgniter\CodeIgniter->handleRequest()
#10 C:\inetpub\wwwroot\Nexus_SingleFile_BE\BE\vendor\codeigniter4\framework\system\Boot.php(363): CodeIgniter\CodeIgniter->run()
#11 C:\inetpub\wwwroot\Nexus_SingleFile_BE\BE\vendor\codeigniter4\framework\system\Boot.php(68): CodeIgniter\Boot::runCodeIgniter()
#12 C:\inetpub\wwwroot\Nexus_SingleFile_BE\BE\public\index.php(59): CodeIgniter\Boot::bootWeb()
#13 {main}

Next CodeIgniter\Database\Exceptions\DatabaseException: A connection attempt failed because the connected party did not properly respond after a period of time, or established connection failed because connected host has failed to respond in C:\inetpub\wwwroot\Nexus_SingleFile_BE\BE\vendor\codeigniter4\framework\system\Database\MySQLi\Connection.php:246
Stack trace:
#0 C:\inetpub\wwwroot\Nexus_SingleFile_BE\BE\vendor\codeigniter4\framework\system\Database\BaseConnection.php(419): CodeIgniter\Database\MySQLi\Connection->connect()
#1 C:\inetpub\wwwroot\Nexus_SingleFile_BE\BE\vendor\codeigniter4\framework\system\Database\BaseConnection.php(614): CodeIgniter\Database\BaseConnection->initialize()
#2 C:\inetpub\wwwroot\Nexus_SingleFile_BE\BE\vendor\codeigniter4\framework\system\Database\BaseBuilder.php(1649): CodeIgniter\Database\BaseConnection->query()
#3 C:\inetpub\wwwroot\Nexus_SingleFile_BE\BE\vendor\codeigniter4\framework\system\Model.php(925): CodeIgniter\Database\BaseBuilder->get()
#4 C:\inetpub\wwwroot\Nexus_SingleFile_BE\BE\app\Models\AuthModel.php(35): CodeIgniter\Model->__call()
#5 C:\inetpub\wwwroot\Nexus_SingleFile_BE\BE\app\Controllers\Api\Auth.php(41): App\Models\AuthModel->authenticate()
#6 C:\inetpub\wwwroot\Nexus_SingleFile_BE\BE\vendor\codeigniter4\framework\system\CodeIgniter.php(933): App\Controllers\Api\Auth->login()
#7 C:\inetpub\wwwroot\Nexus_SingleFile_BE\BE\vendor\codeigniter4\framework\system\CodeIgniter.php(507): CodeIgniter\CodeIgniter->runController()
#8 C:\inetpub\wwwroot\Nexus_SingleFile_BE\BE\vendor\codeigniter4\framework\system\CodeIgniter.php(354): CodeIgniter\CodeIgniter->handleRequest()
#9 C:\inetpub\wwwroot\Nexus_SingleFile_BE\BE\vendor\codeigniter4\framework\system\Boot.php(363): CodeIgniter\CodeIgniter->run()
#10 C:\inetpub\wwwroot\Nexus_SingleFile_BE\BE\vendor\codeigniter4\framework\system\Boot.php(68): CodeIgniter\Boot::runCodeIgniter()
#11 C:\inetpub\wwwroot\Nexus_SingleFile_BE\BE\public\index.php(59): CodeIgniter\Boot::bootWeb()
#12 {main}
ERROR - 2026-02-03 19:03:33 --> Error connecting to the database: mysqli_sql_exception: A connection attempt failed because the connected party did not properly respond after a period of time, or established connection failed because connected host has failed to respond in C:\inetpub\wwwroot\Nexus_SingleFile_BE\BE\vendor\codeigniter4\framework\system\Database\MySQLi\Connection.php:202
Stack trace:
#0 C:\inetpub\wwwroot\Nexus_SingleFile_BE\BE\vendor\codeigniter4\framework\system\Database\MySQLi\Connection.php(202): mysqli->real_connect()
#1 C:\inetpub\wwwroot\Nexus_SingleFile_BE\BE\vendor\codeigniter4\framework\system\Database\BaseConnection.php(419): CodeIgniter\Database\MySQLi\Connection->connect()
#2 C:\inetpub\wwwroot\Nexus_SingleFile_BE\BE\vendor\codeigniter4\framework\system\Database\BaseConnection.php(614): CodeIgniter\Database\BaseConnection->initialize()
#3 C:\inetpub\wwwroot\Nexus_SingleFile_BE\BE\vendor\codeigniter4\framework\system\Database\BaseBuilder.php(1649): CodeIgniter\Database\BaseConnection->query()
#4 C:\inetpub\wwwroot\Nexus_SingleFile_BE\BE\vendor\codeigniter4\framework\system\Model.php(925): CodeIgniter\Database\BaseBuilder->get()
#5 C:\inetpub\wwwroot\Nexus_SingleFile_BE\BE\app\Models\AuthModel.php(35): CodeIgniter\Model->__call()
#6 C:\inetpub\wwwroot\Nexus_SingleFile_BE\BE\app\Controllers\Api\Auth.php(41): App\Models\AuthModel->authenticate()
#7 C:\inetpub\wwwroot\Nexus_SingleFile_BE\BE\vendor\codeigniter4\framework\system\CodeIgniter.php(933): App\Controllers\Api\Auth->login()
#8 C:\inetpub\wwwroot\Nexus_SingleFile_BE\BE\vendor\codeigniter4\framework\system\CodeIgniter.php(507): CodeIgniter\CodeIgniter->runController()
#9 C:\inetpub\wwwroot\Nexus_SingleFile_BE\BE\vendor\codeigniter4\framework\system\CodeIgniter.php(354): CodeIgniter\CodeIgniter->handleRequest()
#10 C:\inetpub\wwwroot\Nexus_SingleFile_BE\BE\vendor\codeigniter4\framework\system\Boot.php(363): CodeIgniter\CodeIgniter->run()
#11 C:\inetpub\wwwroot\Nexus_SingleFile_BE\BE\vendor\codeigniter4\framework\system\Boot.php(68): CodeIgniter\Boot::runCodeIgniter()
#12 C:\inetpub\wwwroot\Nexus_SingleFile_BE\BE\public\index.php(59): CodeIgniter\Boot::bootWeb()
#13 {main}

Next CodeIgniter\Database\Exceptions\DatabaseException: A connection attempt failed because the connected party did not properly respond after a period of time, or established connection failed because connected host has failed to respond in C:\inetpub\wwwroot\Nexus_SingleFile_BE\BE\vendor\codeigniter4\framework\system\Database\MySQLi\Connection.php:246
Stack trace:
#0 C:\inetpub\wwwroot\Nexus_SingleFile_BE\BE\vendor\codeigniter4\framework\system\Database\BaseConnection.php(419): CodeIgniter\Database\MySQLi\Connection->connect()
#1 C:\inetpub\wwwroot\Nexus_SingleFile_BE\BE\vendor\codeigniter4\framework\system\Database\BaseConnection.php(614): CodeIgniter\Database\BaseConnection->initialize()
#2 C:\inetpub\wwwroot\Nexus_SingleFile_BE\BE\vendor\codeigniter4\framework\system\Database\BaseBuilder.php(1649): CodeIgniter\Database\BaseConnection->query()
#3 C:\inetpub\wwwroot\Nexus_SingleFile_BE\BE\vendor\codeigniter4\framework\system\Model.php(925): CodeIgniter\Database\BaseBuilder->get()
#4 C:\inetpub\wwwroot\Nexus_SingleFile_BE\BE\app\Models\AuthModel.php(35): CodeIgniter\Model->__call()
#5 C:\inetpub\wwwroot\Nexus_SingleFile_BE\BE\app\Controllers\Api\Auth.php(41): App\Models\AuthModel->authenticate()
#6 C:\inetpub\wwwroot\Nexus_SingleFile_BE\BE\vendor\codeigniter4\framework\system\CodeIgniter.php(933): App\Controllers\Api\Auth->login()
#7 C:\inetpub\wwwroot\Nexus_SingleFile_BE\BE\vendor\codeigniter4\framework\system\CodeIgniter.php(507): CodeIgniter\CodeIgniter->runController()
#8 C:\inetpub\wwwroot\Nexus_SingleFile_BE\BE\vendor\codeigniter4\framework\system\CodeIgniter.php(354): CodeIgniter\CodeIgniter->handleRequest()
#9 C:\inetpub\wwwroot\Nexus_SingleFile_BE\BE\vendor\codeigniter4\framework\system\Boot.php(363): CodeIgniter\CodeIgniter->run()
#10 C:\inetpub\wwwroot\Nexus_SingleFile_BE\BE\vendor\codeigniter4\framework\system\Boot.php(68): CodeIgniter\Boot::runCodeIgniter()
#11 C:\inetpub\wwwroot\Nexus_SingleFile_BE\BE\public\index.php(59): CodeIgniter\Boot::bootWeb()
#12 {main}
ERROR - 2026-02-03 19:10:40 --> Error connecting to the database: mysqli_sql_exception: A connection attempt failed because the connected party did not properly respond after a period of time, or established connection failed because connected host has failed to respond in C:\inetpub\wwwroot\Nexus_SingleFile_BE\BE\vendor\codeigniter4\framework\system\Database\MySQLi\Connection.php:202
Stack trace:
#0 C:\inetpub\wwwroot\Nexus_SingleFile_BE\BE\vendor\codeigniter4\framework\system\Database\MySQLi\Connection.php(202): mysqli->real_connect()
#1 C:\inetpub\wwwroot\Nexus_SingleFile_BE\BE\vendor\codeigniter4\framework\system\Database\BaseConnection.php(419): CodeIgniter\Database\MySQLi\Connection->connect()
#2 C:\inetpub\wwwroot\Nexus_SingleFile_BE\BE\vendor\codeigniter4\framework\system\Database\BaseConnection.php(614): CodeIgniter\Database\BaseConnection->initialize()
#3 C:\inetpub\wwwroot\Nexus_SingleFile_BE\BE\vendor\codeigniter4\framework\system\Database\BaseBuilder.php(1649): CodeIgniter\Database\BaseConnection->query()
#4 C:\inetpub\wwwroot\Nexus_SingleFile_BE\BE\vendor\codeigniter4\framework\system\Model.php(925): CodeIgniter\Database\BaseBuilder->get()
#5 C:\inetpub\wwwroot\Nexus_SingleFile_BE\BE\app\Models\AuthModel.php(35): CodeIgniter\Model->__call()
#6 C:\inetpub\wwwroot\Nexus_SingleFile_BE\BE\app\Controllers\Api\Auth.php(41): App\Models\AuthModel->authenticate()
#7 C:\inetpub\wwwroot\Nexus_SingleFile_BE\BE\vendor\codeigniter4\framework\system\CodeIgniter.php(933): App\Controllers\Api\Auth->login()
#8 C:\inetpub\wwwroot\Nexus_SingleFile_BE\BE\vendor\codeigniter4\framework\system\CodeIgniter.php(507): CodeIgniter\CodeIgniter->runController()
#9 C:\inetpub\wwwroot\Nexus_SingleFile_BE\BE\vendor\codeigniter4\framework\system\CodeIgniter.php(354): CodeIgniter\CodeIgniter->handleRequest()
#10 C:\inetpub\wwwroot\Nexus_SingleFile_BE\BE\vendor\codeigniter4\framework\system\Boot.php(363): CodeIgniter\CodeIgniter->run()
#11 C:\inetpub\wwwroot\Nexus_SingleFile_BE\BE\vendor\codeigniter4\framework\system\Boot.php(68): CodeIgniter\Boot::runCodeIgniter()
#12 C:\inetpub\wwwroot\Nexus_SingleFile_BE\BE\public\index.php(59): CodeIgniter\Boot::bootWeb()
#13 {main}

Next CodeIgniter\Database\Exceptions\DatabaseException: A connection attempt failed because the connected party did not properly respond after a period of time, or established connection failed because connected host has failed to respond in C:\inetpub\wwwroot\Nexus_SingleFile_BE\BE\vendor\codeigniter4\framework\system\Database\MySQLi\Connection.php:246
Stack trace:
#0 C:\inetpub\wwwroot\Nexus_SingleFile_BE\BE\vendor\codeigniter4\framework\system\Database\BaseConnection.php(419): CodeIgniter\Database\MySQLi\Connection->connect()
#1 C:\inetpub\wwwroot\Nexus_SingleFile_BE\BE\vendor\codeigniter4\framework\system\Database\BaseConnection.php(614): CodeIgniter\Database\BaseConnection->initialize()
#2 C:\inetpub\wwwroot\Nexus_SingleFile_BE\BE\vendor\codeigniter4\framework\system\Database\BaseBuilder.php(1649): CodeIgniter\Database\BaseConnection->query()
#3 C:\inetpub\wwwroot\Nexus_SingleFile_BE\BE\vendor\codeigniter4\framework\system\Model.php(925): CodeIgniter\Database\BaseBuilder->get()
#4 C:\inetpub\wwwroot\Nexus_SingleFile_BE\BE\app\Models\AuthModel.php(35): CodeIgniter\Model->__call()
#5 C:\inetpub\wwwroot\Nexus_SingleFile_BE\BE\app\Controllers\Api\Auth.php(41): App\Models\AuthModel->authenticate()
#6 C:\inetpub\wwwroot\Nexus_SingleFile_BE\BE\vendor\codeigniter4\framework\system\CodeIgniter.php(933): App\Controllers\Api\Auth->login()
#7 C:\inetpub\wwwroot\Nexus_SingleFile_BE\BE\vendor\codeigniter4\framework\system\CodeIgniter.php(507): CodeIgniter\CodeIgniter->runController()
#8 C:\inetpub\wwwroot\Nexus_SingleFile_BE\BE\vendor\codeigniter4\framework\system\CodeIgniter.php(354): CodeIgniter\CodeIgniter->handleRequest()
#9 C:\inetpub\wwwroot\Nexus_SingleFile_BE\BE\vendor\codeigniter4\framework\system\Boot.php(363): CodeIgniter\CodeIgniter->run()
#10 C:\inetpub\wwwroot\Nexus_SingleFile_BE\BE\vendor\codeigniter4\framework\system\Boot.php(68): CodeIgniter\Boot::runCodeIgniter()
#11 C:\inetpub\wwwroot\Nexus_SingleFile_BE\BE\public\index.php(59): CodeIgniter\Boot::bootWeb()
#12 {main}
ERROR - 2026-02-03 19:16:12 --> Error connecting to the database: mysqli_sql_exception: A connection attempt failed because the connected party did not properly respond after a period of time, or established connection failed because connected host has failed to respond in C:\inetpub\wwwroot\Nexus_SingleFile_BE\BE\vendor\codeigniter4\framework\system\Database\MySQLi\Connection.php:202
Stack trace:
#0 C:\inetpub\wwwroot\Nexus_SingleFile_BE\BE\vendor\codeigniter4\framework\system\Database\MySQLi\Connection.php(202): mysqli->real_connect()
#1 C:\inetpub\wwwroot\Nexus_SingleFile_BE\BE\vendor\codeigniter4\framework\system\Database\BaseConnection.php(419): CodeIgniter\Database\MySQLi\Connection->connect()
#2 C:\inetpub\wwwroot\Nexus_SingleFile_BE\BE\vendor\codeigniter4\framework\system\Database\BaseConnection.php(614): CodeIgniter\Database\BaseConnection->initialize()
#3 C:\inetpub\wwwroot\Nexus_SingleFile_BE\BE\vendor\codeigniter4\framework\system\Database\BaseBuilder.php(1649): CodeIgniter\Database\BaseConnection->query()
#4 C:\inetpub\wwwroot\Nexus_SingleFile_BE\BE\vendor\codeigniter4\framework\system\Model.php(925): CodeIgniter\Database\BaseBuilder->get()
#5 C:\inetpub\wwwroot\Nexus_SingleFile_BE\BE\app\Models\AuthModel.php(35): CodeIgniter\Model->__call()
#6 C:\inetpub\wwwroot\Nexus_SingleFile_BE\BE\app\Controllers\Api\Auth.php(41): App\Models\AuthModel->authenticate()
#7 C:\inetpub\wwwroot\Nexus_SingleFile_BE\BE\vendor\codeigniter4\framework\system\CodeIgniter.php(933): App\Controllers\Api\Auth->login()
#8 C:\inetpub\wwwroot\Nexus_SingleFile_BE\BE\vendor\codeigniter4\framework\system\CodeIgniter.php(507): CodeIgniter\CodeIgniter->runController()
#9 C:\inetpub\wwwroot\Nexus_SingleFile_BE\BE\vendor\codeigniter4\framework\system\CodeIgniter.php(354): CodeIgniter\CodeIgniter->handleRequest()
#10 C:\inetpub\wwwroot\Nexus_SingleFile_BE\BE\vendor\codeigniter4\framework\system\Boot.php(363): CodeIgniter\CodeIgniter->run()
#11 C:\inetpub\wwwroot\Nexus_SingleFile_BE\BE\vendor\codeigniter4\framework\system\Boot.php(68): CodeIgniter\Boot::runCodeIgniter()
#12 C:\inetpub\wwwroot\Nexus_SingleFile_BE\BE\public\index.php(59): CodeIgniter\Boot::bootWeb()
#13 {main}

Next CodeIgniter\Database\Exceptions\DatabaseException: A connection attempt failed because the connected party did not properly respond after a period of time, or established connection failed because connected host has failed to respond in C:\inetpub\wwwroot\Nexus_SingleFile_BE\BE\vendor\codeigniter4\framework\system\Database\MySQLi\Connection.php:246
Stack trace:
#0 C:\inetpub\wwwroot\Nexus_SingleFile_BE\BE\vendor\codeigniter4\framework\system\Database\BaseConnection.php(419): CodeIgniter\Database\MySQLi\Connection->connect()
#1 C:\inetpub\wwwroot\Nexus_SingleFile_BE\BE\vendor\codeigniter4\framework\system\Database\BaseConnection.php(614): CodeIgniter\Database\BaseConnection->initialize()
#2 C:\inetpub\wwwroot\Nexus_SingleFile_BE\BE\vendor\codeigniter4\framework\system\Database\BaseBuilder.php(1649): CodeIgniter\Database\BaseConnection->query()
#3 C:\inetpub\wwwroot\Nexus_SingleFile_BE\BE\vendor\codeigniter4\framework\system\Model.php(925): CodeIgniter\Database\BaseBuilder->get()
#4 C:\inetpub\wwwroot\Nexus_SingleFile_BE\BE\app\Models\AuthModel.php(35): CodeIgniter\Model->__call()
#5 C:\inetpub\wwwroot\Nexus_SingleFile_BE\BE\app\Controllers\Api\Auth.php(41): App\Models\AuthModel->authenticate()
#6 C:\inetpub\wwwroot\Nexus_SingleFile_BE\BE\vendor\codeigniter4\framework\system\CodeIgniter.php(933): App\Controllers\Api\Auth->login()
#7 C:\inetpub\wwwroot\Nexus_SingleFile_BE\BE\vendor\codeigniter4\framework\system\CodeIgniter.php(507): CodeIgniter\CodeIgniter->runController()
#8 C:\inetpub\wwwroot\Nexus_SingleFile_BE\BE\vendor\codeigniter4\framework\system\CodeIgniter.php(354): CodeIgniter\CodeIgniter->handleRequest()
#9 C:\inetpub\wwwroot\Nexus_SingleFile_BE\BE\vendor\codeigniter4\framework\system\Boot.php(363): CodeIgniter\CodeIgniter->run()
#10 C:\inetpub\wwwroot\Nexus_SingleFile_BE\BE\vendor\codeigniter4\framework\system\Boot.php(68): CodeIgniter\Boot::runCodeIgniter()
#11 C:\inetpub\wwwroot\Nexus_SingleFile_BE\BE\public\index.php(59): CodeIgniter\Boot::bootWeb()
#12 {main}
ERROR - 2026-02-03 19:17:11 --> Error connecting to the database: mysqli_sql_exception: A connection attempt failed because the connected party did not properly respond after a period of time, or established connection failed because connected host has failed to respond in C:\inetpub\wwwroot\Nexus_SingleFile_BE\BE\vendor\codeigniter4\framework\system\Database\MySQLi\Connection.php:202
Stack trace:
#0 C:\inetpub\wwwroot\Nexus_SingleFile_BE\BE\vendor\codeigniter4\framework\system\Database\MySQLi\Connection.php(202): mysqli->real_connect()
#1 C:\inetpub\wwwroot\Nexus_SingleFile_BE\BE\vendor\codeigniter4\framework\system\Database\BaseConnection.php(419): CodeIgniter\Database\MySQLi\Connection->connect()
#2 C:\inetpub\wwwroot\Nexus_SingleFile_BE\BE\vendor\codeigniter4\framework\system\Database\BaseConnection.php(614): CodeIgniter\Database\BaseConnection->initialize()
#3 C:\inetpub\wwwroot\Nexus_SingleFile_BE\BE\vendor\codeigniter4\framework\system\Database\BaseBuilder.php(1649): CodeIgniter\Database\BaseConnection->query()
#4 C:\inetpub\wwwroot\Nexus_SingleFile_BE\BE\vendor\codeigniter4\framework\system\Model.php(925): CodeIgniter\Database\BaseBuilder->get()
#5 C:\inetpub\wwwroot\Nexus_SingleFile_BE\BE\app\Models\AuthModel.php(35): CodeIgniter\Model->__call()
#6 C:\inetpub\wwwroot\Nexus_SingleFile_BE\BE\app\Controllers\Api\Auth.php(41): App\Models\AuthModel->authenticate()
#7 C:\inetpub\wwwroot\Nexus_SingleFile_BE\BE\vendor\codeigniter4\framework\system\CodeIgniter.php(933): App\Controllers\Api\Auth->login()
#8 C:\inetpub\wwwroot\Nexus_SingleFile_BE\BE\vendor\codeigniter4\framework\system\CodeIgniter.php(507): CodeIgniter\CodeIgniter->runController()
#9 C:\inetpub\wwwroot\Nexus_SingleFile_BE\BE\vendor\codeigniter4\framework\system\CodeIgniter.php(354): CodeIgniter\CodeIgniter->handleRequest()
#10 C:\inetpub\wwwroot\Nexus_SingleFile_BE\BE\vendor\codeigniter4\framework\system\Boot.php(363): CodeIgniter\CodeIgniter->run()
#11 C:\inetpub\wwwroot\Nexus_SingleFile_BE\BE\vendor\codeigniter4\framework\system\Boot.php(68): CodeIgniter\Boot::runCodeIgniter()
#12 C:\inetpub\wwwroot\Nexus_SingleFile_BE\BE\public\index.php(59): CodeIgniter\Boot::bootWeb()
#13 {main}

Next CodeIgniter\Database\Exceptions\DatabaseException: A connection attempt failed because the connected party did not properly respond after a period of time, or established connection failed because connected host has failed to respond in C:\inetpub\wwwroot\Nexus_SingleFile_BE\BE\vendor\codeigniter4\framework\system\Database\MySQLi\Connection.php:246
Stack trace:
#0 C:\inetpub\wwwroot\Nexus_SingleFile_BE\BE\vendor\codeigniter4\framework\system\Database\BaseConnection.php(419): CodeIgniter\Database\MySQLi\Connection->connect()
#1 C:\inetpub\wwwroot\Nexus_SingleFile_BE\BE\vendor\codeigniter4\framework\system\Database\BaseConnection.php(614): CodeIgniter\Database\BaseConnection->initialize()
#2 C:\inetpub\wwwroot\Nexus_SingleFile_BE\BE\vendor\codeigniter4\framework\system\Database\BaseBuilder.php(1649): CodeIgniter\Database\BaseConnection->query()
#3 C:\inetpub\wwwroot\Nexus_SingleFile_BE\BE\vendor\codeigniter4\framework\system\Model.php(925): CodeIgniter\Database\BaseBuilder->get()
#4 C:\inetpub\wwwroot\Nexus_SingleFile_BE\BE\app\Models\AuthModel.php(35): CodeIgniter\Model->__call()
#5 C:\inetpub\wwwroot\Nexus_SingleFile_BE\BE\app\Controllers\Api\Auth.php(41): App\Models\AuthModel->authenticate()
#6 C:\inetpub\wwwroot\Nexus_SingleFile_BE\BE\vendor\codeigniter4\framework\system\CodeIgniter.php(933): App\Controllers\Api\Auth->login()
#7 C:\inetpub\wwwroot\Nexus_SingleFile_BE\BE\vendor\codeigniter4\framework\system\CodeIgniter.php(507): CodeIgniter\CodeIgniter->runController()
#8 C:\inetpub\wwwroot\Nexus_SingleFile_BE\BE\vendor\codeigniter4\framework\system\CodeIgniter.php(354): CodeIgniter\CodeIgniter->handleRequest()
#9 C:\inetpub\wwwroot\Nexus_SingleFile_BE\BE\vendor\codeigniter4\framework\system\Boot.php(363): CodeIgniter\CodeIgniter->run()
#10 C:\inetpub\wwwroot\Nexus_SingleFile_BE\BE\vendor\codeigniter4\framework\system\Boot.php(68): CodeIgniter\Boot::runCodeIgniter()
#11 C:\inetpub\wwwroot\Nexus_SingleFile_BE\BE\public\index.php(59): CodeIgniter\Boot::bootWeb()
#12 {main}
ERROR - 2026-02-03 19:19:25 --> Error connecting to the database: mysqli_sql_exception: A connection attempt failed because the connected party did not properly respond after a period of time, or established connection failed because connected host has failed to respond in C:\inetpub\wwwroot\Nexus_SingleFile_BE\BE\vendor\codeigniter4\framework\system\Database\MySQLi\Connection.php:202
Stack trace:
#0 C:\inetpub\wwwroot\Nexus_SingleFile_BE\BE\vendor\codeigniter4\framework\system\Database\MySQLi\Connection.php(202): mysqli->real_connect()
#1 C:\inetpub\wwwroot\Nexus_SingleFile_BE\BE\vendor\codeigniter4\framework\system\Database\BaseConnection.php(419): CodeIgniter\Database\MySQLi\Connection->connect()
#2 C:\inetpub\wwwroot\Nexus_SingleFile_BE\BE\vendor\codeigniter4\framework\system\Database\BaseConnection.php(614): CodeIgniter\Database\BaseConnection->initialize()
#3 C:\inetpub\wwwroot\Nexus_SingleFile_BE\BE\vendor\codeigniter4\framework\system\Database\BaseBuilder.php(1649): CodeIgniter\Database\BaseConnection->query()
#4 C:\inetpub\wwwroot\Nexus_SingleFile_BE\BE\vendor\codeigniter4\framework\system\Model.php(925): CodeIgniter\Database\BaseBuilder->get()
#5 C:\inetpub\wwwroot\Nexus_SingleFile_BE\BE\app\Models\AuthModel.php(35): CodeIgniter\Model->__call()
#6 C:\inetpub\wwwroot\Nexus_SingleFile_BE\BE\app\Controllers\Api\Auth.php(41): App\Models\AuthModel->authenticate()
#7 C:\inetpub\wwwroot\Nexus_SingleFile_BE\BE\vendor\codeigniter4\framework\system\CodeIgniter.php(933): App\Controllers\Api\Auth->login()
#8 C:\inetpub\wwwroot\Nexus_SingleFile_BE\BE\vendor\codeigniter4\framework\system\CodeIgniter.php(507): CodeIgniter\CodeIgniter->runController()
#9 C:\inetpub\wwwroot\Nexus_SingleFile_BE\BE\vendor\codeigniter4\framework\system\CodeIgniter.php(354): CodeIgniter\CodeIgniter->handleRequest()
#10 C:\inetpub\wwwroot\Nexus_SingleFile_BE\BE\vendor\codeigniter4\framework\system\Boot.php(363): CodeIgniter\CodeIgniter->run()
#11 C:\inetpub\wwwroot\Nexus_SingleFile_BE\BE\vendor\codeigniter4\framework\system\Boot.php(68): CodeIgniter\Boot::runCodeIgniter()
#12 C:\inetpub\wwwroot\Nexus_SingleFile_BE\BE\public\index.php(59): CodeIgniter\Boot::bootWeb()
#13 {main}

Next CodeIgniter\Database\Exceptions\DatabaseException: A connection attempt failed because the connected party did not properly respond after a period of time, or established connection failed because connected host has failed to respond in C:\inetpub\wwwroot\Nexus_SingleFile_BE\BE\vendor\codeigniter4\framework\system\Database\MySQLi\Connection.php:246
Stack trace:
#0 C:\inetpub\wwwroot\Nexus_SingleFile_BE\BE\vendor\codeigniter4\framework\system\Database\BaseConnection.php(419): CodeIgniter\Database\MySQLi\Connection->connect()
#1 C:\inetpub\wwwroot\Nexus_SingleFile_BE\BE\vendor\codeigniter4\framework\system\Database\BaseConnection.php(614): CodeIgniter\Database\BaseConnection->initialize()
#2 C:\inetpub\wwwroot\Nexus_SingleFile_BE\BE\vendor\codeigniter4\framework\system\Database\BaseBuilder.php(1649): CodeIgniter\Database\BaseConnection->query()
#3 C:\inetpub\wwwroot\Nexus_SingleFile_BE\BE\vendor\codeigniter4\framework\system\Model.php(925): CodeIgniter\Database\BaseBuilder->get()
#4 C:\inetpub\wwwroot\Nexus_SingleFile_BE\BE\app\Models\AuthModel.php(35): CodeIgniter\Model->__call()
#5 C:\inetpub\wwwroot\Nexus_SingleFile_BE\BE\app\Controllers\Api\Auth.php(41): App\Models\AuthModel->authenticate()
#6 C:\inetpub\wwwroot\Nexus_SingleFile_BE\BE\vendor\codeigniter4\framework\system\CodeIgniter.php(933): App\Controllers\Api\Auth->login()
#7 C:\inetpub\wwwroot\Nexus_SingleFile_BE\BE\vendor\codeigniter4\framework\system\CodeIgniter.php(507): CodeIgniter\CodeIgniter->runController()
#8 C:\inetpub\wwwroot\Nexus_SingleFile_BE\BE\vendor\codeigniter4\framework\system\CodeIgniter.php(354): CodeIgniter\CodeIgniter->handleRequest()
#9 C:\inetpub\wwwroot\Nexus_SingleFile_BE\BE\vendor\codeigniter4\framework\system\Boot.php(363): CodeIgniter\CodeIgniter->run()
#10 C:\inetpub\wwwroot\Nexus_SingleFile_BE\BE\vendor\codeigniter4\framework\system\Boot.php(68): CodeIgniter\Boot::runCodeIgniter()
#11 C:\inetpub\wwwroot\Nexus_SingleFile_BE\BE\public\index.php(59): CodeIgniter\Boot::bootWeb()
#12 {main}
