ERROR - 2025-10-16 19:29:43 --> Error connecting to the database: mysqli_sql_exception: Operation timed out in /Users/jclimonero/Developer/SingleFile/BE/vendor/codeigniter4/framework/system/Database/MySQLi/Connection.php:201
Stack trace:
#0 /Users/jclimonero/Developer/SingleFile/BE/vendor/codeigniter4/framework/system/Database/MySQLi/Connection.php(201): mysqli->real_connect('192.168.190.140', 'vgd_testing', Object(SensitiveParameterValue), 'singlefile_db', 3306, '', 0)
#1 /Users/jclimonero/Developer/SingleFile/BE/vendor/codeigniter4/framework/system/Database/BaseConnection.php(419): CodeIgniter\Database\MySQLi\Connection->connect(false)
#2 /Users/jclimonero/Developer/SingleFile/BE/vendor/codeigniter4/framework/system/Database/BaseConnection.php(614): CodeIgniter\Database\BaseConnection->initialize()
#3 /Users/jclimonero/Developer/SingleFile/BE/vendor/codeigniter4/framework/system/Database/BaseBuilder.php(1649): CodeIgniter\Database\BaseConnection->query('SELECT `dbf`.`I...', Array, false)
#4 /Users/jclimonero/Developer/SingleFile/BE/app/Controllers/Api/Validacion.php(612): CodeIgniter\Database\BaseBuilder->get()
#5 /Users/jclimonero/Developer/SingleFile/BE/vendor/codeigniter4/framework/system/CodeIgniter.php(933): App\Controllers\Api\Validacion->getDocumentos()
#6 /Users/jclimonero/Developer/SingleFile/BE/vendor/codeigniter4/framework/system/CodeIgniter.php(507): CodeIgniter\CodeIgniter->runController(Object(App\Controllers\Api\Validacion))
#7 /Users/jclimonero/Developer/SingleFile/BE/vendor/codeigniter4/framework/system/CodeIgniter.php(354): CodeIgniter\CodeIgniter->handleRequest(NULL, Object(Config\Cache), false)
#8 /Users/jclimonero/Developer/SingleFile/BE/vendor/codeigniter4/framework/system/Boot.php(363): CodeIgniter\CodeIgniter->run()
#9 /Users/jclimonero/Developer/SingleFile/BE/vendor/codeigniter4/framework/system/Boot.php(68): CodeIgniter\Boot::runCodeIgniter(Object(CodeIgniter\CodeIgniter))
#10 /Users/jclimonero/Developer/SingleFile/BE/public/index.php(59): CodeIgniter\Boot::bootWeb(Object(Config\Paths))
#11 /Users/jclimonero/Developer/SingleFile/BE/vendor/codeigniter4/framework/system/rewrite.php(44): require_once('/Users/jclimone...')
#12 {main}

Next CodeIgniter\Database\Exceptions\DatabaseException: Operation timed out in /Users/jclimonero/Developer/SingleFile/BE/vendor/codeigniter4/framework/system/Database/MySQLi/Connection.php:246
Stack trace:
#0 /Users/jclimonero/Developer/SingleFile/BE/vendor/codeigniter4/framework/system/Database/BaseConnection.php(419): CodeIgniter\Database\MySQLi\Connection->connect(false)
#1 /Users/jclimonero/Developer/SingleFile/BE/vendor/codeigniter4/framework/system/Database/BaseConnection.php(614): CodeIgniter\Database\BaseConnection->initialize()
#2 /Users/jclimonero/Developer/SingleFile/BE/vendor/codeigniter4/framework/system/Database/BaseBuilder.php(1649): CodeIgniter\Database\BaseConnection->query('SELECT `dbf`.`I...', Array, false)
#3 /Users/jclimonero/Developer/SingleFile/BE/app/Controllers/Api/Validacion.php(612): CodeIgniter\Database\BaseBuilder->get()
#4 /Users/jclimonero/Developer/SingleFile/BE/vendor/codeigniter4/framework/system/CodeIgniter.php(933): App\Controllers\Api\Validacion->getDocumentos()
#5 /Users/jclimonero/Developer/SingleFile/BE/vendor/codeigniter4/framework/system/CodeIgniter.php(507): CodeIgniter\CodeIgniter->runController(Object(App\Controllers\Api\Validacion))
#6 /Users/jclimonero/Developer/SingleFile/BE/vendor/codeigniter4/framework/system/CodeIgniter.php(354): CodeIgniter\CodeIgniter->handleRequest(NULL, Object(Config\Cache), false)
#7 /Users/jclimonero/Developer/SingleFile/BE/vendor/codeigniter4/framework/system/Boot.php(363): CodeIgniter\CodeIgniter->run()
#8 /Users/jclimonero/Developer/SingleFile/BE/vendor/codeigniter4/framework/system/Boot.php(68): CodeIgniter\Boot::runCodeIgniter(Object(CodeIgniter\CodeIgniter))
#9 /Users/jclimonero/Developer/SingleFile/BE/public/index.php(59): CodeIgniter\Boot::bootWeb(Object(Config\Paths))
#10 /Users/jclimonero/Developer/SingleFile/BE/vendor/codeigniter4/framework/system/rewrite.php(44): require_once('/Users/jclimone...')
#11 {main}
