ERROR - 2026-01-17 07:12:06 --> mysqli_sql_exception: You have an error in your SQL syntax; check the manual that corresponds to your MySQL server version for the right syntax to use near '?
             AND f.IdCurrentState = ? AND EXISTS (
                    SELECT ' at line 22 in /Users/jclimonero/Developer/SingleFile/BE/vendor/codeigniter4/framework/system/Database/MySQLi/Connection.php:327
Stack trace:
#0 /Users/jclimonero/Developer/SingleFile/BE/vendor/codeigniter4/framework/system/Database/MySQLi/Connection.php(327): mysqli->query('\n              ...', 0)
#1 /Users/jclimonero/Developer/SingleFile/BE/vendor/codeigniter4/framework/system/Database/BaseConnection.php(729): CodeIgniter\Database\MySQLi\Connection->execute('\n              ...')
#2 /Users/jclimonero/Developer/SingleFile/BE/vendor/codeigniter4/framework/system/Database/BaseConnection.php(646): CodeIgniter\Database\BaseConnection->simpleQuery('\n              ...')
#3 /Users/jclimonero/Developer/SingleFile/BE/app/Controllers/Api/Files.php(175): CodeIgniter\Database\BaseConnection->query('\n              ...', Array)
#4 /Users/jclimonero/Developer/SingleFile/BE/vendor/codeigniter4/framework/system/CodeIgniter.php(933): App\Controllers\Api\Files->getByAgency()
#5 /Users/jclimonero/Developer/SingleFile/BE/vendor/codeigniter4/framework/system/CodeIgniter.php(507): CodeIgniter\CodeIgniter->runController(Object(App\Controllers\Api\Files))
#6 /Users/jclimonero/Developer/SingleFile/BE/vendor/codeigniter4/framework/system/CodeIgniter.php(354): CodeIgniter\CodeIgniter->handleRequest(NULL, Object(Config\Cache), false)
#7 /Users/jclimonero/Developer/SingleFile/BE/vendor/codeigniter4/framework/system/Boot.php(363): CodeIgniter\CodeIgniter->run()
#8 /Users/jclimonero/Developer/SingleFile/BE/vendor/codeigniter4/framework/system/Boot.php(68): CodeIgniter\Boot::runCodeIgniter(Object(CodeIgniter\CodeIgniter))
#9 /Users/jclimonero/Developer/SingleFile/BE/public/index.php(59): CodeIgniter\Boot::bootWeb(Object(Config\Paths))
#10 /Users/jclimonero/Developer/SingleFile/BE/vendor/codeigniter4/framework/system/rewrite.php(44): require_once('/Users/jclimone...')
#11 {main}
ERROR - 2026-01-17 07:15:54 --> mysqli_sql_exception: You have an error in your SQL syntax; check the manual that corresponds to your MySQL server version for the right syntax to use near '?
             AND f.IdCurrentState = ? AND EXISTS (
                    SELECT ' at line 22 in /Users/jclimonero/Developer/SingleFile/BE/vendor/codeigniter4/framework/system/Database/MySQLi/Connection.php:327
Stack trace:
#0 /Users/jclimonero/Developer/SingleFile/BE/vendor/codeigniter4/framework/system/Database/MySQLi/Connection.php(327): mysqli->query('\n              ...', 0)
#1 /Users/jclimonero/Developer/SingleFile/BE/vendor/codeigniter4/framework/system/Database/BaseConnection.php(729): CodeIgniter\Database\MySQLi\Connection->execute('\n              ...')
#2 /Users/jclimonero/Developer/SingleFile/BE/vendor/codeigniter4/framework/system/Database/BaseConnection.php(646): CodeIgniter\Database\BaseConnection->simpleQuery('\n              ...')
#3 /Users/jclimonero/Developer/SingleFile/BE/app/Controllers/Api/Files.php(175): CodeIgniter\Database\BaseConnection->query('\n              ...', Array)
#4 /Users/jclimonero/Developer/SingleFile/BE/vendor/codeigniter4/framework/system/CodeIgniter.php(933): App\Controllers\Api\Files->getByAgency()
#5 /Users/jclimonero/Developer/SingleFile/BE/vendor/codeigniter4/framework/system/CodeIgniter.php(507): CodeIgniter\CodeIgniter->runController(Object(App\Controllers\Api\Files))
#6 /Users/jclimonero/Developer/SingleFile/BE/vendor/codeigniter4/framework/system/CodeIgniter.php(354): CodeIgniter\CodeIgniter->handleRequest(NULL, Object(Config\Cache), false)
#7 /Users/jclimonero/Developer/SingleFile/BE/vendor/codeigniter4/framework/system/Boot.php(363): CodeIgniter\CodeIgniter->run()
#8 /Users/jclimonero/Developer/SingleFile/BE/vendor/codeigniter4/framework/system/Boot.php(68): CodeIgniter\Boot::runCodeIgniter(Object(CodeIgniter\CodeIgniter))
#9 /Users/jclimonero/Developer/SingleFile/BE/public/index.php(59): CodeIgniter\Boot::bootWeb(Object(Config\Paths))
#10 /Users/jclimonero/Developer/SingleFile/BE/vendor/codeigniter4/framework/system/rewrite.php(44): require_once('/Users/jclimone...')
#11 {main}
ERROR - 2026-01-17 07:17:30 --> mysqli_sql_exception: Unknown column 'vc.ndClient' in 'order clause' in /Users/jclimonero/Developer/SingleFile/BE/vendor/codeigniter4/framework/system/Database/MySQLi/Connection.php:327
Stack trace:
#0 /Users/jclimonero/Developer/SingleFile/BE/vendor/codeigniter4/framework/system/Database/MySQLi/Connection.php(327): mysqli->query('\n              ...', 0)
#1 /Users/jclimonero/Developer/SingleFile/BE/vendor/codeigniter4/framework/system/Database/BaseConnection.php(729): CodeIgniter\Database\MySQLi\Connection->execute('\n              ...')
#2 /Users/jclimonero/Developer/SingleFile/BE/vendor/codeigniter4/framework/system/Database/BaseConnection.php(646): CodeIgniter\Database\BaseConnection->simpleQuery('\n              ...')
#3 /Users/jclimonero/Developer/SingleFile/BE/app/Controllers/Api/ClientSearch.php(135): CodeIgniter\Database\BaseConnection->query('\n              ...', Array)
#4 /Users/jclimonero/Developer/SingleFile/BE/vendor/codeigniter4/framework/system/CodeIgniter.php(933): App\Controllers\Api\ClientSearch->search()
#5 /Users/jclimonero/Developer/SingleFile/BE/vendor/codeigniter4/framework/system/CodeIgniter.php(507): CodeIgniter\CodeIgniter->runController(Object(App\Controllers\Api\ClientSearch))
#6 /Users/jclimonero/Developer/SingleFile/BE/vendor/codeigniter4/framework/system/CodeIgniter.php(354): CodeIgniter\CodeIgniter->handleRequest(NULL, Object(Config\Cache), false)
#7 /Users/jclimonero/Developer/SingleFile/BE/vendor/codeigniter4/framework/system/Boot.php(363): CodeIgniter\CodeIgniter->run()
#8 /Users/jclimonero/Developer/SingleFile/BE/vendor/codeigniter4/framework/system/Boot.php(68): CodeIgniter\Boot::runCodeIgniter(Object(CodeIgniter\CodeIgniter))
#9 /Users/jclimonero/Developer/SingleFile/BE/public/index.php(59): CodeIgniter\Boot::bootWeb(Object(Config\Paths))
#10 /Users/jclimonero/Developer/SingleFile/BE/vendor/codeigniter4/framework/system/rewrite.php(44): require_once('/Users/jclimone...')
#11 {main}
ERROR - 2026-01-17 07:17:33 --> mysqli_sql_exception: Unknown column 'vc.ndClient' in 'order clause' in /Users/jclimonero/Developer/SingleFile/BE/vendor/codeigniter4/framework/system/Database/MySQLi/Connection.php:327
Stack trace:
#0 /Users/jclimonero/Developer/SingleFile/BE/vendor/codeigniter4/framework/system/Database/MySQLi/Connection.php(327): mysqli->query('\n              ...', 0)
#1 /Users/jclimonero/Developer/SingleFile/BE/vendor/codeigniter4/framework/system/Database/BaseConnection.php(729): CodeIgniter\Database\MySQLi\Connection->execute('\n              ...')
#2 /Users/jclimonero/Developer/SingleFile/BE/vendor/codeigniter4/framework/system/Database/BaseConnection.php(646): CodeIgniter\Database\BaseConnection->simpleQuery('\n              ...')
#3 /Users/jclimonero/Developer/SingleFile/BE/app/Controllers/Api/ClientSearch.php(135): CodeIgniter\Database\BaseConnection->query('\n              ...', Array)
#4 /Users/jclimonero/Developer/SingleFile/BE/vendor/codeigniter4/framework/system/CodeIgniter.php(933): App\Controllers\Api\ClientSearch->search()
#5 /Users/jclimonero/Developer/SingleFile/BE/vendor/codeigniter4/framework/system/CodeIgniter.php(507): CodeIgniter\CodeIgniter->runController(Object(App\Controllers\Api\ClientSearch))
#6 /Users/jclimonero/Developer/SingleFile/BE/vendor/codeigniter4/framework/system/CodeIgniter.php(354): CodeIgniter\CodeIgniter->handleRequest(NULL, Object(Config\Cache), false)
#7 /Users/jclimonero/Developer/SingleFile/BE/vendor/codeigniter4/framework/system/Boot.php(363): CodeIgniter\CodeIgniter->run()
#8 /Users/jclimonero/Developer/SingleFile/BE/vendor/codeigniter4/framework/system/Boot.php(68): CodeIgniter\Boot::runCodeIgniter(Object(CodeIgniter\CodeIgniter))
#9 /Users/jclimonero/Developer/SingleFile/BE/public/index.php(59): CodeIgniter\Boot::bootWeb(Object(Config\Paths))
#10 /Users/jclimonero/Developer/SingleFile/BE/vendor/codeigniter4/framework/system/rewrite.php(44): require_once('/Users/jclimone...')
#11 {main}
ERROR - 2026-01-17 07:17:46 --> mysqli_sql_exception: Unknown column 'vc.ndClient' in 'order clause' in /Users/jclimonero/Developer/SingleFile/BE/vendor/codeigniter4/framework/system/Database/MySQLi/Connection.php:327
Stack trace:
#0 /Users/jclimonero/Developer/SingleFile/BE/vendor/codeigniter4/framework/system/Database/MySQLi/Connection.php(327): mysqli->query('\n              ...', 0)
#1 /Users/jclimonero/Developer/SingleFile/BE/vendor/codeigniter4/framework/system/Database/BaseConnection.php(729): CodeIgniter\Database\MySQLi\Connection->execute('\n              ...')
#2 /Users/jclimonero/Developer/SingleFile/BE/vendor/codeigniter4/framework/system/Database/BaseConnection.php(646): CodeIgniter\Database\BaseConnection->simpleQuery('\n              ...')
#3 /Users/jclimonero/Developer/SingleFile/BE/app/Controllers/Api/ClientSearch.php(135): CodeIgniter\Database\BaseConnection->query('\n              ...', Array)
#4 /Users/jclimonero/Developer/SingleFile/BE/vendor/codeigniter4/framework/system/CodeIgniter.php(933): App\Controllers\Api\ClientSearch->search()
#5 /Users/jclimonero/Developer/SingleFile/BE/vendor/codeigniter4/framework/system/CodeIgniter.php(507): CodeIgniter\CodeIgniter->runController(Object(App\Controllers\Api\ClientSearch))
#6 /Users/jclimonero/Developer/SingleFile/BE/vendor/codeigniter4/framework/system/CodeIgniter.php(354): CodeIgniter\CodeIgniter->handleRequest(NULL, Object(Config\Cache), false)
#7 /Users/jclimonero/Developer/SingleFile/BE/vendor/codeigniter4/framework/system/Boot.php(363): CodeIgniter\CodeIgniter->run()
#8 /Users/jclimonero/Developer/SingleFile/BE/vendor/codeigniter4/framework/system/Boot.php(68): CodeIgniter\Boot::runCodeIgniter(Object(CodeIgniter\CodeIgniter))
#9 /Users/jclimonero/Developer/SingleFile/BE/public/index.php(59): CodeIgniter\Boot::bootWeb(Object(Config\Paths))
#10 /Users/jclimonero/Developer/SingleFile/BE/vendor/codeigniter4/framework/system/rewrite.php(44): require_once('/Users/jclimone...')
#11 {main}
ERROR - 2026-01-17 07:18:26 --> mysqli_sql_exception: You have an error in your SQL syntax; check the manual that corresponds to your MySQL server version for the right syntax to use near '?
             AND f.IdCurrentState = ? AND EXISTS (
                    SELECT ' at line 22 in /Users/jclimonero/Developer/SingleFile/BE/vendor/codeigniter4/framework/system/Database/MySQLi/Connection.php:327
Stack trace:
#0 /Users/jclimonero/Developer/SingleFile/BE/vendor/codeigniter4/framework/system/Database/MySQLi/Connection.php(327): mysqli->query('\n              ...', 0)
#1 /Users/jclimonero/Developer/SingleFile/BE/vendor/codeigniter4/framework/system/Database/BaseConnection.php(729): CodeIgniter\Database\MySQLi\Connection->execute('\n              ...')
#2 /Users/jclimonero/Developer/SingleFile/BE/vendor/codeigniter4/framework/system/Database/BaseConnection.php(646): CodeIgniter\Database\BaseConnection->simpleQuery('\n              ...')
#3 /Users/jclimonero/Developer/SingleFile/BE/app/Controllers/Api/Files.php(175): CodeIgniter\Database\BaseConnection->query('\n              ...', Array)
#4 /Users/jclimonero/Developer/SingleFile/BE/vendor/codeigniter4/framework/system/CodeIgniter.php(933): App\Controllers\Api\Files->getByAgency()
#5 /Users/jclimonero/Developer/SingleFile/BE/vendor/codeigniter4/framework/system/CodeIgniter.php(507): CodeIgniter\CodeIgniter->runController(Object(App\Controllers\Api\Files))
#6 /Users/jclimonero/Developer/SingleFile/BE/vendor/codeigniter4/framework/system/CodeIgniter.php(354): CodeIgniter\CodeIgniter->handleRequest(NULL, Object(Config\Cache), false)
#7 /Users/jclimonero/Developer/SingleFile/BE/vendor/codeigniter4/framework/system/Boot.php(363): CodeIgniter\CodeIgniter->run()
#8 /Users/jclimonero/Developer/SingleFile/BE/vendor/codeigniter4/framework/system/Boot.php(68): CodeIgniter\Boot::runCodeIgniter(Object(CodeIgniter\CodeIgniter))
#9 /Users/jclimonero/Developer/SingleFile/BE/public/index.php(59): CodeIgniter\Boot::bootWeb(Object(Config\Paths))
#10 /Users/jclimonero/Developer/SingleFile/BE/vendor/codeigniter4/framework/system/rewrite.php(44): require_once('/Users/jclimone...')
#11 {main}
ERROR - 2026-01-17 07:18:41 --> mysqli_sql_exception: You have an error in your SQL syntax; check the manual that corresponds to your MySQL server version for the right syntax to use near '?
             AND f.IdCurrentState = ? AND EXISTS (
                    SELECT ' at line 22 in /Users/jclimonero/Developer/SingleFile/BE/vendor/codeigniter4/framework/system/Database/MySQLi/Connection.php:327
Stack trace:
#0 /Users/jclimonero/Developer/SingleFile/BE/vendor/codeigniter4/framework/system/Database/MySQLi/Connection.php(327): mysqli->query('\n              ...', 0)
#1 /Users/jclimonero/Developer/SingleFile/BE/vendor/codeigniter4/framework/system/Database/BaseConnection.php(729): CodeIgniter\Database\MySQLi\Connection->execute('\n              ...')
#2 /Users/jclimonero/Developer/SingleFile/BE/vendor/codeigniter4/framework/system/Database/BaseConnection.php(646): CodeIgniter\Database\BaseConnection->simpleQuery('\n              ...')
#3 /Users/jclimonero/Developer/SingleFile/BE/app/Controllers/Api/Files.php(175): CodeIgniter\Database\BaseConnection->query('\n              ...', Array)
#4 /Users/jclimonero/Developer/SingleFile/BE/vendor/codeigniter4/framework/system/CodeIgniter.php(933): App\Controllers\Api\Files->getByAgency()
#5 /Users/jclimonero/Developer/SingleFile/BE/vendor/codeigniter4/framework/system/CodeIgniter.php(507): CodeIgniter\CodeIgniter->runController(Object(App\Controllers\Api\Files))
#6 /Users/jclimonero/Developer/SingleFile/BE/vendor/codeigniter4/framework/system/CodeIgniter.php(354): CodeIgniter\CodeIgniter->handleRequest(NULL, Object(Config\Cache), false)
#7 /Users/jclimonero/Developer/SingleFile/BE/vendor/codeigniter4/framework/system/Boot.php(363): CodeIgniter\CodeIgniter->run()
#8 /Users/jclimonero/Developer/SingleFile/BE/vendor/codeigniter4/framework/system/Boot.php(68): CodeIgniter\Boot::runCodeIgniter(Object(CodeIgniter\CodeIgniter))
#9 /Users/jclimonero/Developer/SingleFile/BE/public/index.php(59): CodeIgniter\Boot::bootWeb(Object(Config\Paths))
#10 /Users/jclimonero/Developer/SingleFile/BE/vendor/codeigniter4/framework/system/rewrite.php(44): require_once('/Users/jclimone...')
#11 {main}
ERROR - 2026-01-17 07:20:17 --> mysqli_sql_exception: You have an error in your SQL syntax; check the manual that corresponds to your MySQL server version for the right syntax to use near '?
             AND f.IdCurrentState = ? AND EXISTS (
                    SELECT ' at line 22 in /Users/jclimonero/Developer/SingleFile/BE/vendor/codeigniter4/framework/system/Database/MySQLi/Connection.php:327
Stack trace:
#0 /Users/jclimonero/Developer/SingleFile/BE/vendor/codeigniter4/framework/system/Database/MySQLi/Connection.php(327): mysqli->query('\n              ...', 0)
#1 /Users/jclimonero/Developer/SingleFile/BE/vendor/codeigniter4/framework/system/Database/BaseConnection.php(729): CodeIgniter\Database\MySQLi\Connection->execute('\n              ...')
#2 /Users/jclimonero/Developer/SingleFile/BE/vendor/codeigniter4/framework/system/Database/BaseConnection.php(646): CodeIgniter\Database\BaseConnection->simpleQuery('\n              ...')
#3 /Users/jclimonero/Developer/SingleFile/BE/app/Controllers/Api/Files.php(175): CodeIgniter\Database\BaseConnection->query('\n              ...', Array)
#4 /Users/jclimonero/Developer/SingleFile/BE/vendor/codeigniter4/framework/system/CodeIgniter.php(933): App\Controllers\Api\Files->getByAgency()
#5 /Users/jclimonero/Developer/SingleFile/BE/vendor/codeigniter4/framework/system/CodeIgniter.php(507): CodeIgniter\CodeIgniter->runController(Object(App\Controllers\Api\Files))
#6 /Users/jclimonero/Developer/SingleFile/BE/vendor/codeigniter4/framework/system/CodeIgniter.php(354): CodeIgniter\CodeIgniter->handleRequest(NULL, Object(Config\Cache), false)
#7 /Users/jclimonero/Developer/SingleFile/BE/vendor/codeigniter4/framework/system/Boot.php(363): CodeIgniter\CodeIgniter->run()
#8 /Users/jclimonero/Developer/SingleFile/BE/vendor/codeigniter4/framework/system/Boot.php(68): CodeIgniter\Boot::runCodeIgniter(Object(CodeIgniter\CodeIgniter))
#9 /Users/jclimonero/Developer/SingleFile/BE/public/index.php(59): CodeIgniter\Boot::bootWeb(Object(Config\Paths))
#10 /Users/jclimonero/Developer/SingleFile/BE/vendor/codeigniter4/framework/system/rewrite.php(44): require_once('/Users/jclimone...')
#11 {main}
ERROR - 2026-01-17 07:21:30 --> mysqli_sql_exception: You have an error in your SQL syntax; check the manual that corresponds to your MySQL server version for the right syntax to use near '?
             AND f.IdCurrentState = ? AND EXISTS (
                    SELECT ' at line 22 in /Users/jclimonero/Developer/SingleFile/BE/vendor/codeigniter4/framework/system/Database/MySQLi/Connection.php:327
Stack trace:
#0 /Users/jclimonero/Developer/SingleFile/BE/vendor/codeigniter4/framework/system/Database/MySQLi/Connection.php(327): mysqli->query('\n              ...', 0)
#1 /Users/jclimonero/Developer/SingleFile/BE/vendor/codeigniter4/framework/system/Database/BaseConnection.php(729): CodeIgniter\Database\MySQLi\Connection->execute('\n              ...')
#2 /Users/jclimonero/Developer/SingleFile/BE/vendor/codeigniter4/framework/system/Database/BaseConnection.php(646): CodeIgniter\Database\BaseConnection->simpleQuery('\n              ...')
#3 /Users/jclimonero/Developer/SingleFile/BE/app/Controllers/Api/Files.php(175): CodeIgniter\Database\BaseConnection->query('\n              ...', Array)
#4 /Users/jclimonero/Developer/SingleFile/BE/vendor/codeigniter4/framework/system/CodeIgniter.php(933): App\Controllers\Api\Files->getByAgency()
#5 /Users/jclimonero/Developer/SingleFile/BE/vendor/codeigniter4/framework/system/CodeIgniter.php(507): CodeIgniter\CodeIgniter->runController(Object(App\Controllers\Api\Files))
#6 /Users/jclimonero/Developer/SingleFile/BE/vendor/codeigniter4/framework/system/CodeIgniter.php(354): CodeIgniter\CodeIgniter->handleRequest(NULL, Object(Config\Cache), false)
#7 /Users/jclimonero/Developer/SingleFile/BE/vendor/codeigniter4/framework/system/Boot.php(363): CodeIgniter\CodeIgniter->run()
#8 /Users/jclimonero/Developer/SingleFile/BE/vendor/codeigniter4/framework/system/Boot.php(68): CodeIgniter\Boot::runCodeIgniter(Object(CodeIgniter\CodeIgniter))
#9 /Users/jclimonero/Developer/SingleFile/BE/public/index.php(59): CodeIgniter\Boot::bootWeb(Object(Config\Paths))
#10 /Users/jclimonero/Developer/SingleFile/BE/vendor/codeigniter4/framework/system/rewrite.php(44): require_once('/Users/jclimone...')
#11 {main}
