ERROR - 2025-11-17 06:21:41 --> Error connecting to the database: mysqli_sql_exception: The server requested authentication method unknown to the client [auth_gssapi_client] in D:\Developer\singleFile\Nexus_SingleFile_BE\BE\vendor\codeigniter4\framework\system\Database\MySQLi\Connection.php:201
Stack trace:
#0 D:\Developer\singleFile\Nexus_SingleFile_BE\BE\vendor\codeigniter4\framework\system\Database\MySQLi\Connection.php(201): mysqli->real_connect('localhost', 'root', Object(SensitiveParameterValue), 'singlefile_db', 3306, '', 0)
#1 D:\Developer\singleFile\Nexus_SingleFile_BE\BE\vendor\codeigniter4\framework\system\Database\BaseConnection.php(419): CodeIgniter\Database\MySQLi\Connection->connect(false)
#2 D:\Developer\singleFile\Nexus_SingleFile_BE\BE\vendor\codeigniter4\framework\system\Database\BaseConnection.php(614): CodeIgniter\Database\BaseConnection->initialize()
#3 D:\Developer\singleFile\Nexus_SingleFile_BE\BE\vendor\codeigniter4\framework\system\Database\BaseBuilder.php(1649): CodeIgniter\Database\BaseConnection->query('SELECT `User`.*...', Array, false)
#4 D:\Developer\singleFile\Nexus_SingleFile_BE\BE\vendor\codeigniter4\framework\system\Model.php(925): CodeIgniter\Database\BaseBuilder->get()
#5 D:\Developer\singleFile\Nexus_SingleFile_BE\BE\app\Models\AuthModel.php(31): CodeIgniter\Model->__call('get', Array)
#6 D:\Developer\singleFile\Nexus_SingleFile_BE\BE\app\Controllers\Api\Auth.php(50): App\Models\AuthModel->authenticate('carlos.limon@ne...', '00@Limonero')
#7 D:\Developer\singleFile\Nexus_SingleFile_BE\BE\vendor\codeigniter4\framework\system\CodeIgniter.php(933): App\Controllers\Api\Auth->login()
#8 D:\Developer\singleFile\Nexus_SingleFile_BE\BE\vendor\codeigniter4\framework\system\CodeIgniter.php(507): CodeIgniter\CodeIgniter->runController(Object(App\Controllers\Api\Auth))
#9 D:\Developer\singleFile\Nexus_SingleFile_BE\BE\vendor\codeigniter4\framework\system\CodeIgniter.php(354): CodeIgniter\CodeIgniter->handleRequest(NULL, Object(Config\Cache), false)
#10 D:\Developer\singleFile\Nexus_SingleFile_BE\BE\vendor\codeigniter4\framework\system\Boot.php(363): CodeIgniter\CodeIgniter->run()
#11 D:\Developer\singleFile\Nexus_SingleFile_BE\BE\vendor\codeigniter4\framework\system\Boot.php(68): CodeIgniter\Boot::runCodeIgniter(Object(CodeIgniter\CodeIgniter))
#12 D:\Developer\singleFile\Nexus_SingleFile_BE\BE\public\index.php(59): CodeIgniter\Boot::bootWeb(Object(Config\Paths))
#13 D:\Developer\singleFile\Nexus_SingleFile_BE\BE\vendor\codeigniter4\framework\system\rewrite.php(44): require_once('D:\\Developer\\si...')
#14 {main}

Next CodeIgniter\Database\Exceptions\DatabaseException: The server requested authentication method unknown to the client [auth_gssapi_client] in D:\Developer\singleFile\Nexus_SingleFile_BE\BE\vendor\codeigniter4\framework\system\Database\MySQLi\Connection.php:246
Stack trace:
#0 D:\Developer\singleFile\Nexus_SingleFile_BE\BE\vendor\codeigniter4\framework\system\Database\BaseConnection.php(419): CodeIgniter\Database\MySQLi\Connection->connect(false)
#1 D:\Developer\singleFile\Nexus_SingleFile_BE\BE\vendor\codeigniter4\framework\system\Database\BaseConnection.php(614): CodeIgniter\Database\BaseConnection->initialize()
#2 D:\Developer\singleFile\Nexus_SingleFile_BE\BE\vendor\codeigniter4\framework\system\Database\BaseBuilder.php(1649): CodeIgniter\Database\BaseConnection->query('SELECT `User`.*...', Array, false)
#3 D:\Developer\singleFile\Nexus_SingleFile_BE\BE\vendor\codeigniter4\framework\system\Model.php(925): CodeIgniter\Database\BaseBuilder->get()
#4 D:\Developer\singleFile\Nexus_SingleFile_BE\BE\app\Models\AuthModel.php(31): CodeIgniter\Model->__call('get', Array)
#5 D:\Developer\singleFile\Nexus_SingleFile_BE\BE\app\Controllers\Api\Auth.php(50): App\Models\AuthModel->authenticate('carlos.limon@ne...', '00@Limonero')
#6 D:\Developer\singleFile\Nexus_SingleFile_BE\BE\vendor\codeigniter4\framework\system\CodeIgniter.php(933): App\Controllers\Api\Auth->login()
#7 D:\Developer\singleFile\Nexus_SingleFile_BE\BE\vendor\codeigniter4\framework\system\CodeIgniter.php(507): CodeIgniter\CodeIgniter->runController(Object(App\Controllers\Api\Auth))
#8 D:\Developer\singleFile\Nexus_SingleFile_BE\BE\vendor\codeigniter4\framework\system\CodeIgniter.php(354): CodeIgniter\CodeIgniter->handleRequest(NULL, Object(Config\Cache), false)
#9 D:\Developer\singleFile\Nexus_SingleFile_BE\BE\vendor\codeigniter4\framework\system\Boot.php(363): CodeIgniter\CodeIgniter->run()
#10 D:\Developer\singleFile\Nexus_SingleFile_BE\BE\vendor\codeigniter4\framework\system\Boot.php(68): CodeIgniter\Boot::runCodeIgniter(Object(CodeIgniter\CodeIgniter))
#11 D:\Developer\singleFile\Nexus_SingleFile_BE\BE\public\index.php(59): CodeIgniter\Boot::bootWeb(Object(Config\Paths))
#12 D:\Developer\singleFile\Nexus_SingleFile_BE\BE\vendor\codeigniter4\framework\system\rewrite.php(44): require_once('D:\\Developer\\si...')
#13 {main}
ERROR - 2025-11-17 06:21:47 --> Error connecting to the database: mysqli_sql_exception: The server requested authentication method unknown to the client [auth_gssapi_client] in D:\Developer\singleFile\Nexus_SingleFile_BE\BE\vendor\codeigniter4\framework\system\Database\MySQLi\Connection.php:201
Stack trace:
#0 D:\Developer\singleFile\Nexus_SingleFile_BE\BE\vendor\codeigniter4\framework\system\Database\MySQLi\Connection.php(201): mysqli->real_connect('localhost', 'root', Object(SensitiveParameterValue), 'singlefile_db', 3306, '', 0)
#1 D:\Developer\singleFile\Nexus_SingleFile_BE\BE\vendor\codeigniter4\framework\system\Database\BaseConnection.php(419): CodeIgniter\Database\MySQLi\Connection->connect(false)
#2 D:\Developer\singleFile\Nexus_SingleFile_BE\BE\vendor\codeigniter4\framework\system\Database\BaseConnection.php(614): CodeIgniter\Database\BaseConnection->initialize()
#3 D:\Developer\singleFile\Nexus_SingleFile_BE\BE\vendor\codeigniter4\framework\system\Database\BaseBuilder.php(1649): CodeIgniter\Database\BaseConnection->query('SELECT `User`.*...', Array, false)
#4 D:\Developer\singleFile\Nexus_SingleFile_BE\BE\vendor\codeigniter4\framework\system\Model.php(925): CodeIgniter\Database\BaseBuilder->get()
#5 D:\Developer\singleFile\Nexus_SingleFile_BE\BE\app\Models\AuthModel.php(31): CodeIgniter\Model->__call('get', Array)
#6 D:\Developer\singleFile\Nexus_SingleFile_BE\BE\app\Controllers\Api\Auth.php(50): App\Models\AuthModel->authenticate('carlos.limon@ne...', '00@Limonero')
#7 D:\Developer\singleFile\Nexus_SingleFile_BE\BE\vendor\codeigniter4\framework\system\CodeIgniter.php(933): App\Controllers\Api\Auth->login()
#8 D:\Developer\singleFile\Nexus_SingleFile_BE\BE\vendor\codeigniter4\framework\system\CodeIgniter.php(507): CodeIgniter\CodeIgniter->runController(Object(App\Controllers\Api\Auth))
#9 D:\Developer\singleFile\Nexus_SingleFile_BE\BE\vendor\codeigniter4\framework\system\CodeIgniter.php(354): CodeIgniter\CodeIgniter->handleRequest(NULL, Object(Config\Cache), false)
#10 D:\Developer\singleFile\Nexus_SingleFile_BE\BE\vendor\codeigniter4\framework\system\Boot.php(363): CodeIgniter\CodeIgniter->run()
#11 D:\Developer\singleFile\Nexus_SingleFile_BE\BE\vendor\codeigniter4\framework\system\Boot.php(68): CodeIgniter\Boot::runCodeIgniter(Object(CodeIgniter\CodeIgniter))
#12 D:\Developer\singleFile\Nexus_SingleFile_BE\BE\public\index.php(59): CodeIgniter\Boot::bootWeb(Object(Config\Paths))
#13 D:\Developer\singleFile\Nexus_SingleFile_BE\BE\vendor\codeigniter4\framework\system\rewrite.php(44): require_once('D:\\Developer\\si...')
#14 {main}

Next CodeIgniter\Database\Exceptions\DatabaseException: The server requested authentication method unknown to the client [auth_gssapi_client] in D:\Developer\singleFile\Nexus_SingleFile_BE\BE\vendor\codeigniter4\framework\system\Database\MySQLi\Connection.php:246
Stack trace:
#0 D:\Developer\singleFile\Nexus_SingleFile_BE\BE\vendor\codeigniter4\framework\system\Database\BaseConnection.php(419): CodeIgniter\Database\MySQLi\Connection->connect(false)
#1 D:\Developer\singleFile\Nexus_SingleFile_BE\BE\vendor\codeigniter4\framework\system\Database\BaseConnection.php(614): CodeIgniter\Database\BaseConnection->initialize()
#2 D:\Developer\singleFile\Nexus_SingleFile_BE\BE\vendor\codeigniter4\framework\system\Database\BaseBuilder.php(1649): CodeIgniter\Database\BaseConnection->query('SELECT `User`.*...', Array, false)
#3 D:\Developer\singleFile\Nexus_SingleFile_BE\BE\vendor\codeigniter4\framework\system\Model.php(925): CodeIgniter\Database\BaseBuilder->get()
#4 D:\Developer\singleFile\Nexus_SingleFile_BE\BE\app\Models\AuthModel.php(31): CodeIgniter\Model->__call('get', Array)
#5 D:\Developer\singleFile\Nexus_SingleFile_BE\BE\app\Controllers\Api\Auth.php(50): App\Models\AuthModel->authenticate('carlos.limon@ne...', '00@Limonero')
#6 D:\Developer\singleFile\Nexus_SingleFile_BE\BE\vendor\codeigniter4\framework\system\CodeIgniter.php(933): App\Controllers\Api\Auth->login()
#7 D:\Developer\singleFile\Nexus_SingleFile_BE\BE\vendor\codeigniter4\framework\system\CodeIgniter.php(507): CodeIgniter\CodeIgniter->runController(Object(App\Controllers\Api\Auth))
#8 D:\Developer\singleFile\Nexus_SingleFile_BE\BE\vendor\codeigniter4\framework\system\CodeIgniter.php(354): CodeIgniter\CodeIgniter->handleRequest(NULL, Object(Config\Cache), false)
#9 D:\Developer\singleFile\Nexus_SingleFile_BE\BE\vendor\codeigniter4\framework\system\Boot.php(363): CodeIgniter\CodeIgniter->run()
#10 D:\Developer\singleFile\Nexus_SingleFile_BE\BE\vendor\codeigniter4\framework\system\Boot.php(68): CodeIgniter\Boot::runCodeIgniter(Object(CodeIgniter\CodeIgniter))
#11 D:\Developer\singleFile\Nexus_SingleFile_BE\BE\public\index.php(59): CodeIgniter\Boot::bootWeb(Object(Config\Paths))
#12 D:\Developer\singleFile\Nexus_SingleFile_BE\BE\vendor\codeigniter4\framework\system\rewrite.php(44): require_once('D:\\Developer\\si...')
#13 {main}
ERROR - 2025-11-17 06:23:04 --> Error connecting to the database: mysqli_sql_exception: The server requested authentication method unknown to the client [auth_gssapi_client] in D:\Developer\singleFile\Nexus_SingleFile_BE\BE\vendor\codeigniter4\framework\system\Database\MySQLi\Connection.php:201
Stack trace:
#0 D:\Developer\singleFile\Nexus_SingleFile_BE\BE\vendor\codeigniter4\framework\system\Database\MySQLi\Connection.php(201): mysqli->real_connect('localhost', 'root', Object(SensitiveParameterValue), 'singlefile_db', 3306, '', 0)
#1 D:\Developer\singleFile\Nexus_SingleFile_BE\BE\vendor\codeigniter4\framework\system\Database\BaseConnection.php(419): CodeIgniter\Database\MySQLi\Connection->connect(false)
#2 D:\Developer\singleFile\Nexus_SingleFile_BE\BE\vendor\codeigniter4\framework\system\Database\BaseConnection.php(614): CodeIgniter\Database\BaseConnection->initialize()
#3 D:\Developer\singleFile\Nexus_SingleFile_BE\BE\vendor\codeigniter4\framework\system\Database\BaseBuilder.php(1649): CodeIgniter\Database\BaseConnection->query('SELECT `User`.*...', Array, false)
#4 D:\Developer\singleFile\Nexus_SingleFile_BE\BE\vendor\codeigniter4\framework\system\Model.php(925): CodeIgniter\Database\BaseBuilder->get()
#5 D:\Developer\singleFile\Nexus_SingleFile_BE\BE\app\Models\AuthModel.php(31): CodeIgniter\Model->__call('get', Array)
#6 D:\Developer\singleFile\Nexus_SingleFile_BE\BE\app\Controllers\Api\Auth.php(50): App\Models\AuthModel->authenticate('carlos.limon@ne...', '00@Limonero')
#7 D:\Developer\singleFile\Nexus_SingleFile_BE\BE\vendor\codeigniter4\framework\system\CodeIgniter.php(933): App\Controllers\Api\Auth->login()
#8 D:\Developer\singleFile\Nexus_SingleFile_BE\BE\vendor\codeigniter4\framework\system\CodeIgniter.php(507): CodeIgniter\CodeIgniter->runController(Object(App\Controllers\Api\Auth))
#9 D:\Developer\singleFile\Nexus_SingleFile_BE\BE\vendor\codeigniter4\framework\system\CodeIgniter.php(354): CodeIgniter\CodeIgniter->handleRequest(NULL, Object(Config\Cache), false)
#10 D:\Developer\singleFile\Nexus_SingleFile_BE\BE\vendor\codeigniter4\framework\system\Boot.php(363): CodeIgniter\CodeIgniter->run()
#11 D:\Developer\singleFile\Nexus_SingleFile_BE\BE\vendor\codeigniter4\framework\system\Boot.php(68): CodeIgniter\Boot::runCodeIgniter(Object(CodeIgniter\CodeIgniter))
#12 D:\Developer\singleFile\Nexus_SingleFile_BE\BE\public\index.php(59): CodeIgniter\Boot::bootWeb(Object(Config\Paths))
#13 D:\Developer\singleFile\Nexus_SingleFile_BE\BE\vendor\codeigniter4\framework\system\rewrite.php(44): require_once('D:\\Developer\\si...')
#14 {main}

Next CodeIgniter\Database\Exceptions\DatabaseException: The server requested authentication method unknown to the client [auth_gssapi_client] in D:\Developer\singleFile\Nexus_SingleFile_BE\BE\vendor\codeigniter4\framework\system\Database\MySQLi\Connection.php:246
Stack trace:
#0 D:\Developer\singleFile\Nexus_SingleFile_BE\BE\vendor\codeigniter4\framework\system\Database\BaseConnection.php(419): CodeIgniter\Database\MySQLi\Connection->connect(false)
#1 D:\Developer\singleFile\Nexus_SingleFile_BE\BE\vendor\codeigniter4\framework\system\Database\BaseConnection.php(614): CodeIgniter\Database\BaseConnection->initialize()
#2 D:\Developer\singleFile\Nexus_SingleFile_BE\BE\vendor\codeigniter4\framework\system\Database\BaseBuilder.php(1649): CodeIgniter\Database\BaseConnection->query('SELECT `User`.*...', Array, false)
#3 D:\Developer\singleFile\Nexus_SingleFile_BE\BE\vendor\codeigniter4\framework\system\Model.php(925): CodeIgniter\Database\BaseBuilder->get()
#4 D:\Developer\singleFile\Nexus_SingleFile_BE\BE\app\Models\AuthModel.php(31): CodeIgniter\Model->__call('get', Array)
#5 D:\Developer\singleFile\Nexus_SingleFile_BE\BE\app\Controllers\Api\Auth.php(50): App\Models\AuthModel->authenticate('carlos.limon@ne...', '00@Limonero')
#6 D:\Developer\singleFile\Nexus_SingleFile_BE\BE\vendor\codeigniter4\framework\system\CodeIgniter.php(933): App\Controllers\Api\Auth->login()
#7 D:\Developer\singleFile\Nexus_SingleFile_BE\BE\vendor\codeigniter4\framework\system\CodeIgniter.php(507): CodeIgniter\CodeIgniter->runController(Object(App\Controllers\Api\Auth))
#8 D:\Developer\singleFile\Nexus_SingleFile_BE\BE\vendor\codeigniter4\framework\system\CodeIgniter.php(354): CodeIgniter\CodeIgniter->handleRequest(NULL, Object(Config\Cache), false)
#9 D:\Developer\singleFile\Nexus_SingleFile_BE\BE\vendor\codeigniter4\framework\system\Boot.php(363): CodeIgniter\CodeIgniter->run()
#10 D:\Developer\singleFile\Nexus_SingleFile_BE\BE\vendor\codeigniter4\framework\system\Boot.php(68): CodeIgniter\Boot::runCodeIgniter(Object(CodeIgniter\CodeIgniter))
#11 D:\Developer\singleFile\Nexus_SingleFile_BE\BE\public\index.php(59): CodeIgniter\Boot::bootWeb(Object(Config\Paths))
#12 D:\Developer\singleFile\Nexus_SingleFile_BE\BE\vendor\codeigniter4\framework\system\rewrite.php(44): require_once('D:\\Developer\\si...')
#13 {main}
ERROR - 2025-11-17 06:26:27 --> Error connecting to the database: mysqli_sql_exception: The server requested authentication method unknown to the client [auth_gssapi_client] in D:\Developer\singleFile\Nexus_SingleFile_BE\BE\vendor\codeigniter4\framework\system\Database\MySQLi\Connection.php:201
Stack trace:
#0 D:\Developer\singleFile\Nexus_SingleFile_BE\BE\vendor\codeigniter4\framework\system\Database\MySQLi\Connection.php(201): mysqli->real_connect('localhost', 'root', Object(SensitiveParameterValue), 'singlefile_db', 3306, '', 0)
#1 D:\Developer\singleFile\Nexus_SingleFile_BE\BE\vendor\codeigniter4\framework\system\Database\BaseConnection.php(419): CodeIgniter\Database\MySQLi\Connection->connect(false)
#2 D:\Developer\singleFile\Nexus_SingleFile_BE\BE\vendor\codeigniter4\framework\system\Database\BaseConnection.php(614): CodeIgniter\Database\BaseConnection->initialize()
#3 D:\Developer\singleFile\Nexus_SingleFile_BE\BE\vendor\codeigniter4\framework\system\Database\BaseBuilder.php(1649): CodeIgniter\Database\BaseConnection->query('SELECT `User`.*...', Array, false)
#4 D:\Developer\singleFile\Nexus_SingleFile_BE\BE\vendor\codeigniter4\framework\system\Model.php(925): CodeIgniter\Database\BaseBuilder->get()
#5 D:\Developer\singleFile\Nexus_SingleFile_BE\BE\app\Models\AuthModel.php(31): CodeIgniter\Model->__call('get', Array)
#6 D:\Developer\singleFile\Nexus_SingleFile_BE\BE\app\Controllers\Api\Auth.php(50): App\Models\AuthModel->authenticate('carlos.limon@ne...', '00@Limonero')
#7 D:\Developer\singleFile\Nexus_SingleFile_BE\BE\vendor\codeigniter4\framework\system\CodeIgniter.php(933): App\Controllers\Api\Auth->login()
#8 D:\Developer\singleFile\Nexus_SingleFile_BE\BE\vendor\codeigniter4\framework\system\CodeIgniter.php(507): CodeIgniter\CodeIgniter->runController(Object(App\Controllers\Api\Auth))
#9 D:\Developer\singleFile\Nexus_SingleFile_BE\BE\vendor\codeigniter4\framework\system\CodeIgniter.php(354): CodeIgniter\CodeIgniter->handleRequest(NULL, Object(Config\Cache), false)
#10 D:\Developer\singleFile\Nexus_SingleFile_BE\BE\vendor\codeigniter4\framework\system\Boot.php(363): CodeIgniter\CodeIgniter->run()
#11 D:\Developer\singleFile\Nexus_SingleFile_BE\BE\vendor\codeigniter4\framework\system\Boot.php(68): CodeIgniter\Boot::runCodeIgniter(Object(CodeIgniter\CodeIgniter))
#12 D:\Developer\singleFile\Nexus_SingleFile_BE\BE\public\index.php(59): CodeIgniter\Boot::bootWeb(Object(Config\Paths))
#13 D:\Developer\singleFile\Nexus_SingleFile_BE\BE\vendor\codeigniter4\framework\system\rewrite.php(44): require_once('D:\\Developer\\si...')
#14 {main}

Next CodeIgniter\Database\Exceptions\DatabaseException: The server requested authentication method unknown to the client [auth_gssapi_client] in D:\Developer\singleFile\Nexus_SingleFile_BE\BE\vendor\codeigniter4\framework\system\Database\MySQLi\Connection.php:246
Stack trace:
#0 D:\Developer\singleFile\Nexus_SingleFile_BE\BE\vendor\codeigniter4\framework\system\Database\BaseConnection.php(419): CodeIgniter\Database\MySQLi\Connection->connect(false)
#1 D:\Developer\singleFile\Nexus_SingleFile_BE\BE\vendor\codeigniter4\framework\system\Database\BaseConnection.php(614): CodeIgniter\Database\BaseConnection->initialize()
#2 D:\Developer\singleFile\Nexus_SingleFile_BE\BE\vendor\codeigniter4\framework\system\Database\BaseBuilder.php(1649): CodeIgniter\Database\BaseConnection->query('SELECT `User`.*...', Array, false)
#3 D:\Developer\singleFile\Nexus_SingleFile_BE\BE\vendor\codeigniter4\framework\system\Model.php(925): CodeIgniter\Database\BaseBuilder->get()
#4 D:\Developer\singleFile\Nexus_SingleFile_BE\BE\app\Models\AuthModel.php(31): CodeIgniter\Model->__call('get', Array)
#5 D:\Developer\singleFile\Nexus_SingleFile_BE\BE\app\Controllers\Api\Auth.php(50): App\Models\AuthModel->authenticate('carlos.limon@ne...', '00@Limonero')
#6 D:\Developer\singleFile\Nexus_SingleFile_BE\BE\vendor\codeigniter4\framework\system\CodeIgniter.php(933): App\Controllers\Api\Auth->login()
#7 D:\Developer\singleFile\Nexus_SingleFile_BE\BE\vendor\codeigniter4\framework\system\CodeIgniter.php(507): CodeIgniter\CodeIgniter->runController(Object(App\Controllers\Api\Auth))
#8 D:\Developer\singleFile\Nexus_SingleFile_BE\BE\vendor\codeigniter4\framework\system\CodeIgniter.php(354): CodeIgniter\CodeIgniter->handleRequest(NULL, Object(Config\Cache), false)
#9 D:\Developer\singleFile\Nexus_SingleFile_BE\BE\vendor\codeigniter4\framework\system\Boot.php(363): CodeIgniter\CodeIgniter->run()
#10 D:\Developer\singleFile\Nexus_SingleFile_BE\BE\vendor\codeigniter4\framework\system\Boot.php(68): CodeIgniter\Boot::runCodeIgniter(Object(CodeIgniter\CodeIgniter))
#11 D:\Developer\singleFile\Nexus_SingleFile_BE\BE\public\index.php(59): CodeIgniter\Boot::bootWeb(Object(Config\Paths))
#12 D:\Developer\singleFile\Nexus_SingleFile_BE\BE\vendor\codeigniter4\framework\system\rewrite.php(44): require_once('D:\\Developer\\si...')
#13 {main}
ERROR - 2025-11-17 06:29:52 --> Error connecting to the database: mysqli_sql_exception: The server requested authentication method unknown to the client [auth_gssapi_client] in D:\Developer\singleFile\Nexus_SingleFile_BE\BE\vendor\codeigniter4\framework\system\Database\MySQLi\Connection.php:201
Stack trace:
#0 D:\Developer\singleFile\Nexus_SingleFile_BE\BE\vendor\codeigniter4\framework\system\Database\MySQLi\Connection.php(201): mysqli->real_connect('localhost', 'root', Object(SensitiveParameterValue), 'singlefile_db', 3306, '', 0)
#1 D:\Developer\singleFile\Nexus_SingleFile_BE\BE\vendor\codeigniter4\framework\system\Database\BaseConnection.php(419): CodeIgniter\Database\MySQLi\Connection->connect(false)
#2 D:\Developer\singleFile\Nexus_SingleFile_BE\BE\vendor\codeigniter4\framework\system\Database\BaseConnection.php(614): CodeIgniter\Database\BaseConnection->initialize()
#3 D:\Developer\singleFile\Nexus_SingleFile_BE\BE\vendor\codeigniter4\framework\system\Database\BaseBuilder.php(1649): CodeIgniter\Database\BaseConnection->query('SELECT `User`.*...', Array, false)
#4 D:\Developer\singleFile\Nexus_SingleFile_BE\BE\vendor\codeigniter4\framework\system\Model.php(925): CodeIgniter\Database\BaseBuilder->get()
#5 D:\Developer\singleFile\Nexus_SingleFile_BE\BE\app\Models\AuthModel.php(31): CodeIgniter\Model->__call('get', Array)
#6 D:\Developer\singleFile\Nexus_SingleFile_BE\BE\app\Controllers\Api\Auth.php(50): App\Models\AuthModel->authenticate('carlos.limon@ne...', '00@Limonero')
#7 D:\Developer\singleFile\Nexus_SingleFile_BE\BE\vendor\codeigniter4\framework\system\CodeIgniter.php(933): App\Controllers\Api\Auth->login()
#8 D:\Developer\singleFile\Nexus_SingleFile_BE\BE\vendor\codeigniter4\framework\system\CodeIgniter.php(507): CodeIgniter\CodeIgniter->runController(Object(App\Controllers\Api\Auth))
#9 D:\Developer\singleFile\Nexus_SingleFile_BE\BE\vendor\codeigniter4\framework\system\CodeIgniter.php(354): CodeIgniter\CodeIgniter->handleRequest(NULL, Object(Config\Cache), false)
#10 D:\Developer\singleFile\Nexus_SingleFile_BE\BE\vendor\codeigniter4\framework\system\Boot.php(363): CodeIgniter\CodeIgniter->run()
#11 D:\Developer\singleFile\Nexus_SingleFile_BE\BE\vendor\codeigniter4\framework\system\Boot.php(68): CodeIgniter\Boot::runCodeIgniter(Object(CodeIgniter\CodeIgniter))
#12 D:\Developer\singleFile\Nexus_SingleFile_BE\BE\public\index.php(59): CodeIgniter\Boot::bootWeb(Object(Config\Paths))
#13 D:\Developer\singleFile\Nexus_SingleFile_BE\BE\vendor\codeigniter4\framework\system\rewrite.php(44): require_once('D:\\Developer\\si...')
#14 {main}

Next CodeIgniter\Database\Exceptions\DatabaseException: The server requested authentication method unknown to the client [auth_gssapi_client] in D:\Developer\singleFile\Nexus_SingleFile_BE\BE\vendor\codeigniter4\framework\system\Database\MySQLi\Connection.php:246
Stack trace:
#0 D:\Developer\singleFile\Nexus_SingleFile_BE\BE\vendor\codeigniter4\framework\system\Database\BaseConnection.php(419): CodeIgniter\Database\MySQLi\Connection->connect(false)
#1 D:\Developer\singleFile\Nexus_SingleFile_BE\BE\vendor\codeigniter4\framework\system\Database\BaseConnection.php(614): CodeIgniter\Database\BaseConnection->initialize()
#2 D:\Developer\singleFile\Nexus_SingleFile_BE\BE\vendor\codeigniter4\framework\system\Database\BaseBuilder.php(1649): CodeIgniter\Database\BaseConnection->query('SELECT `User`.*...', Array, false)
#3 D:\Developer\singleFile\Nexus_SingleFile_BE\BE\vendor\codeigniter4\framework\system\Model.php(925): CodeIgniter\Database\BaseBuilder->get()
#4 D:\Developer\singleFile\Nexus_SingleFile_BE\BE\app\Models\AuthModel.php(31): CodeIgniter\Model->__call('get', Array)
#5 D:\Developer\singleFile\Nexus_SingleFile_BE\BE\app\Controllers\Api\Auth.php(50): App\Models\AuthModel->authenticate('carlos.limon@ne...', '00@Limonero')
#6 D:\Developer\singleFile\Nexus_SingleFile_BE\BE\vendor\codeigniter4\framework\system\CodeIgniter.php(933): App\Controllers\Api\Auth->login()
#7 D:\Developer\singleFile\Nexus_SingleFile_BE\BE\vendor\codeigniter4\framework\system\CodeIgniter.php(507): CodeIgniter\CodeIgniter->runController(Object(App\Controllers\Api\Auth))
#8 D:\Developer\singleFile\Nexus_SingleFile_BE\BE\vendor\codeigniter4\framework\system\CodeIgniter.php(354): CodeIgniter\CodeIgniter->handleRequest(NULL, Object(Config\Cache), false)
#9 D:\Developer\singleFile\Nexus_SingleFile_BE\BE\vendor\codeigniter4\framework\system\Boot.php(363): CodeIgniter\CodeIgniter->run()
#10 D:\Developer\singleFile\Nexus_SingleFile_BE\BE\vendor\codeigniter4\framework\system\Boot.php(68): CodeIgniter\Boot::runCodeIgniter(Object(CodeIgniter\CodeIgniter))
#11 D:\Developer\singleFile\Nexus_SingleFile_BE\BE\public\index.php(59): CodeIgniter\Boot::bootWeb(Object(Config\Paths))
#12 D:\Developer\singleFile\Nexus_SingleFile_BE\BE\vendor\codeigniter4\framework\system\rewrite.php(44): require_once('D:\\Developer\\si...')
#13 {main}
ERROR - 2025-11-17 06:30:48 --> Error connecting to the database: mysqli_sql_exception: The server requested authentication method unknown to the client [auth_gssapi_client] in D:\Developer\singleFile\Nexus_SingleFile_BE\BE\vendor\codeigniter4\framework\system\Database\MySQLi\Connection.php:201
Stack trace:
#0 D:\Developer\singleFile\Nexus_SingleFile_BE\BE\vendor\codeigniter4\framework\system\Database\MySQLi\Connection.php(201): mysqli->real_connect('localhost', 'root', Object(SensitiveParameterValue), 'singlefile_db', 3306, '', 0)
#1 D:\Developer\singleFile\Nexus_SingleFile_BE\BE\vendor\codeigniter4\framework\system\Database\BaseConnection.php(419): CodeIgniter\Database\MySQLi\Connection->connect(false)
#2 D:\Developer\singleFile\Nexus_SingleFile_BE\BE\vendor\codeigniter4\framework\system\Database\BaseConnection.php(614): CodeIgniter\Database\BaseConnection->initialize()
#3 D:\Developer\singleFile\Nexus_SingleFile_BE\BE\vendor\codeigniter4\framework\system\Database\BaseBuilder.php(1649): CodeIgniter\Database\BaseConnection->query('SELECT `User`.*...', Array, false)
#4 D:\Developer\singleFile\Nexus_SingleFile_BE\BE\vendor\codeigniter4\framework\system\Model.php(925): CodeIgniter\Database\BaseBuilder->get()
#5 D:\Developer\singleFile\Nexus_SingleFile_BE\BE\app\Models\AuthModel.php(31): CodeIgniter\Model->__call('get', Array)
#6 D:\Developer\singleFile\Nexus_SingleFile_BE\BE\app\Controllers\Api\Auth.php(50): App\Models\AuthModel->authenticate('carlos.limon@ne...', '00@Limonero')
#7 D:\Developer\singleFile\Nexus_SingleFile_BE\BE\vendor\codeigniter4\framework\system\CodeIgniter.php(933): App\Controllers\Api\Auth->login()
#8 D:\Developer\singleFile\Nexus_SingleFile_BE\BE\vendor\codeigniter4\framework\system\CodeIgniter.php(507): CodeIgniter\CodeIgniter->runController(Object(App\Controllers\Api\Auth))
#9 D:\Developer\singleFile\Nexus_SingleFile_BE\BE\vendor\codeigniter4\framework\system\CodeIgniter.php(354): CodeIgniter\CodeIgniter->handleRequest(NULL, Object(Config\Cache), false)
#10 D:\Developer\singleFile\Nexus_SingleFile_BE\BE\vendor\codeigniter4\framework\system\Boot.php(363): CodeIgniter\CodeIgniter->run()
#11 D:\Developer\singleFile\Nexus_SingleFile_BE\BE\vendor\codeigniter4\framework\system\Boot.php(68): CodeIgniter\Boot::runCodeIgniter(Object(CodeIgniter\CodeIgniter))
#12 D:\Developer\singleFile\Nexus_SingleFile_BE\BE\public\index.php(59): CodeIgniter\Boot::bootWeb(Object(Config\Paths))
#13 D:\Developer\singleFile\Nexus_SingleFile_BE\BE\vendor\codeigniter4\framework\system\rewrite.php(44): require_once('D:\\Developer\\si...')
#14 {main}

Next CodeIgniter\Database\Exceptions\DatabaseException: The server requested authentication method unknown to the client [auth_gssapi_client] in D:\Developer\singleFile\Nexus_SingleFile_BE\BE\vendor\codeigniter4\framework\system\Database\MySQLi\Connection.php:246
Stack trace:
#0 D:\Developer\singleFile\Nexus_SingleFile_BE\BE\vendor\codeigniter4\framework\system\Database\BaseConnection.php(419): CodeIgniter\Database\MySQLi\Connection->connect(false)
#1 D:\Developer\singleFile\Nexus_SingleFile_BE\BE\vendor\codeigniter4\framework\system\Database\BaseConnection.php(614): CodeIgniter\Database\BaseConnection->initialize()
#2 D:\Developer\singleFile\Nexus_SingleFile_BE\BE\vendor\codeigniter4\framework\system\Database\BaseBuilder.php(1649): CodeIgniter\Database\BaseConnection->query('SELECT `User`.*...', Array, false)
#3 D:\Developer\singleFile\Nexus_SingleFile_BE\BE\vendor\codeigniter4\framework\system\Model.php(925): CodeIgniter\Database\BaseBuilder->get()
#4 D:\Developer\singleFile\Nexus_SingleFile_BE\BE\app\Models\AuthModel.php(31): CodeIgniter\Model->__call('get', Array)
#5 D:\Developer\singleFile\Nexus_SingleFile_BE\BE\app\Controllers\Api\Auth.php(50): App\Models\AuthModel->authenticate('carlos.limon@ne...', '00@Limonero')
#6 D:\Developer\singleFile\Nexus_SingleFile_BE\BE\vendor\codeigniter4\framework\system\CodeIgniter.php(933): App\Controllers\Api\Auth->login()
#7 D:\Developer\singleFile\Nexus_SingleFile_BE\BE\vendor\codeigniter4\framework\system\CodeIgniter.php(507): CodeIgniter\CodeIgniter->runController(Object(App\Controllers\Api\Auth))
#8 D:\Developer\singleFile\Nexus_SingleFile_BE\BE\vendor\codeigniter4\framework\system\CodeIgniter.php(354): CodeIgniter\CodeIgniter->handleRequest(NULL, Object(Config\Cache), false)
#9 D:\Developer\singleFile\Nexus_SingleFile_BE\BE\vendor\codeigniter4\framework\system\Boot.php(363): CodeIgniter\CodeIgniter->run()
#10 D:\Developer\singleFile\Nexus_SingleFile_BE\BE\vendor\codeigniter4\framework\system\Boot.php(68): CodeIgniter\Boot::runCodeIgniter(Object(CodeIgniter\CodeIgniter))
#11 D:\Developer\singleFile\Nexus_SingleFile_BE\BE\public\index.php(59): CodeIgniter\Boot::bootWeb(Object(Config\Paths))
#12 D:\Developer\singleFile\Nexus_SingleFile_BE\BE\vendor\codeigniter4\framework\system\rewrite.php(44): require_once('D:\\Developer\\si...')
#13 {main}
ERROR - 2025-11-17 06:32:15 --> Error connecting to the database: mysqli_sql_exception: The server requested authentication method unknown to the client [auth_gssapi_client] in D:\Developer\singleFile\Nexus_SingleFile_BE\BE\vendor\codeigniter4\framework\system\Database\MySQLi\Connection.php:201
Stack trace:
#0 D:\Developer\singleFile\Nexus_SingleFile_BE\BE\vendor\codeigniter4\framework\system\Database\MySQLi\Connection.php(201): mysqli->real_connect('localhost', 'root', Object(SensitiveParameterValue), 'singlefile_db', 3306, '', 0)
#1 D:\Developer\singleFile\Nexus_SingleFile_BE\BE\vendor\codeigniter4\framework\system\Database\BaseConnection.php(419): CodeIgniter\Database\MySQLi\Connection->connect(false)
#2 D:\Developer\singleFile\Nexus_SingleFile_BE\BE\vendor\codeigniter4\framework\system\Database\BaseConnection.php(614): CodeIgniter\Database\BaseConnection->initialize()
#3 D:\Developer\singleFile\Nexus_SingleFile_BE\BE\vendor\codeigniter4\framework\system\Database\BaseBuilder.php(1649): CodeIgniter\Database\BaseConnection->query('SELECT `User`.*...', Array, false)
#4 D:\Developer\singleFile\Nexus_SingleFile_BE\BE\vendor\codeigniter4\framework\system\Model.php(925): CodeIgniter\Database\BaseBuilder->get()
#5 D:\Developer\singleFile\Nexus_SingleFile_BE\BE\app\Models\AuthModel.php(31): CodeIgniter\Model->__call('get', Array)
#6 D:\Developer\singleFile\Nexus_SingleFile_BE\BE\app\Controllers\Api\Auth.php(50): App\Models\AuthModel->authenticate('carlos.limon@ne...', '00@Limonero')
#7 D:\Developer\singleFile\Nexus_SingleFile_BE\BE\vendor\codeigniter4\framework\system\CodeIgniter.php(933): App\Controllers\Api\Auth->login()
#8 D:\Developer\singleFile\Nexus_SingleFile_BE\BE\vendor\codeigniter4\framework\system\CodeIgniter.php(507): CodeIgniter\CodeIgniter->runController(Object(App\Controllers\Api\Auth))
#9 D:\Developer\singleFile\Nexus_SingleFile_BE\BE\vendor\codeigniter4\framework\system\CodeIgniter.php(354): CodeIgniter\CodeIgniter->handleRequest(NULL, Object(Config\Cache), false)
#10 D:\Developer\singleFile\Nexus_SingleFile_BE\BE\vendor\codeigniter4\framework\system\Boot.php(363): CodeIgniter\CodeIgniter->run()
#11 D:\Developer\singleFile\Nexus_SingleFile_BE\BE\vendor\codeigniter4\framework\system\Boot.php(68): CodeIgniter\Boot::runCodeIgniter(Object(CodeIgniter\CodeIgniter))
#12 D:\Developer\singleFile\Nexus_SingleFile_BE\BE\public\index.php(59): CodeIgniter\Boot::bootWeb(Object(Config\Paths))
#13 D:\Developer\singleFile\Nexus_SingleFile_BE\BE\vendor\codeigniter4\framework\system\rewrite.php(44): require_once('D:\\Developer\\si...')
#14 {main}

Next CodeIgniter\Database\Exceptions\DatabaseException: The server requested authentication method unknown to the client [auth_gssapi_client] in D:\Developer\singleFile\Nexus_SingleFile_BE\BE\vendor\codeigniter4\framework\system\Database\MySQLi\Connection.php:246
Stack trace:
#0 D:\Developer\singleFile\Nexus_SingleFile_BE\BE\vendor\codeigniter4\framework\system\Database\BaseConnection.php(419): CodeIgniter\Database\MySQLi\Connection->connect(false)
#1 D:\Developer\singleFile\Nexus_SingleFile_BE\BE\vendor\codeigniter4\framework\system\Database\BaseConnection.php(614): CodeIgniter\Database\BaseConnection->initialize()
#2 D:\Developer\singleFile\Nexus_SingleFile_BE\BE\vendor\codeigniter4\framework\system\Database\BaseBuilder.php(1649): CodeIgniter\Database\BaseConnection->query('SELECT `User`.*...', Array, false)
#3 D:\Developer\singleFile\Nexus_SingleFile_BE\BE\vendor\codeigniter4\framework\system\Model.php(925): CodeIgniter\Database\BaseBuilder->get()
#4 D:\Developer\singleFile\Nexus_SingleFile_BE\BE\app\Models\AuthModel.php(31): CodeIgniter\Model->__call('get', Array)
#5 D:\Developer\singleFile\Nexus_SingleFile_BE\BE\app\Controllers\Api\Auth.php(50): App\Models\AuthModel->authenticate('carlos.limon@ne...', '00@Limonero')
#6 D:\Developer\singleFile\Nexus_SingleFile_BE\BE\vendor\codeigniter4\framework\system\CodeIgniter.php(933): App\Controllers\Api\Auth->login()
#7 D:\Developer\singleFile\Nexus_SingleFile_BE\BE\vendor\codeigniter4\framework\system\CodeIgniter.php(507): CodeIgniter\CodeIgniter->runController(Object(App\Controllers\Api\Auth))
#8 D:\Developer\singleFile\Nexus_SingleFile_BE\BE\vendor\codeigniter4\framework\system\CodeIgniter.php(354): CodeIgniter\CodeIgniter->handleRequest(NULL, Object(Config\Cache), false)
#9 D:\Developer\singleFile\Nexus_SingleFile_BE\BE\vendor\codeigniter4\framework\system\Boot.php(363): CodeIgniter\CodeIgniter->run()
#10 D:\Developer\singleFile\Nexus_SingleFile_BE\BE\vendor\codeigniter4\framework\system\Boot.php(68): CodeIgniter\Boot::runCodeIgniter(Object(CodeIgniter\CodeIgniter))
#11 D:\Developer\singleFile\Nexus_SingleFile_BE\BE\public\index.php(59): CodeIgniter\Boot::bootWeb(Object(Config\Paths))
#12 D:\Developer\singleFile\Nexus_SingleFile_BE\BE\vendor\codeigniter4\framework\system\rewrite.php(44): require_once('D:\\Developer\\si...')
#13 {main}
