ERROR - 2026-01-13 01:15:17 --> Error connecting to the database: mysqli_sql_exception: Operation timed out in /Users/jclimonero/Developer/SingleFile/BE/vendor/codeigniter4/framework/system/Database/MySQLi/Connection.php:201
Stack trace:
#0 /Users/jclimonero/Developer/SingleFile/BE/vendor/codeigniter4/framework/system/Database/MySQLi/Connection.php(201): mysqli->real_connect('192.168.190.140', 'vgd_testing', Object(SensitiveParameterValue), 'single_file', 3306, '', 0)
#1 /Users/jclimonero/Developer/SingleFile/BE/vendor/codeigniter4/framework/system/Database/BaseConnection.php(419): CodeIgniter\Database\MySQLi\Connection->connect(false)
#2 /Users/jclimonero/Developer/SingleFile/BE/vendor/codeigniter4/framework/system/Database/BaseConnection.php(614): CodeIgniter\Database\BaseConnection->initialize()
#3 /Users/jclimonero/Developer/SingleFile/BE/vendor/codeigniter4/framework/system/Database/BaseBuilder.php(1649): CodeIgniter\Database\BaseConnection->query('SELECT `User`.*...', Array, false)
#4 /Users/jclimonero/Developer/SingleFile/BE/vendor/codeigniter4/framework/system/Model.php(925): CodeIgniter\Database\BaseBuilder->get()
#5 /Users/jclimonero/Developer/SingleFile/BE/app/Models/AuthModel.php(35): CodeIgniter\Model->__call('get', Array)
#6 /Users/jclimonero/Developer/SingleFile/BE/app/Controllers/Api/Auth.php(41): App\Models\AuthModel->authenticate('carlos.limon@ne...', '00@Limonero')
#7 /Users/jclimonero/Developer/SingleFile/BE/vendor/codeigniter4/framework/system/CodeIgniter.php(933): App\Controllers\Api\Auth->login()
#8 /Users/jclimonero/Developer/SingleFile/BE/vendor/codeigniter4/framework/system/CodeIgniter.php(507): CodeIgniter\CodeIgniter->runController(Object(App\Controllers\Api\Auth))
#9 /Users/jclimonero/Developer/SingleFile/BE/vendor/codeigniter4/framework/system/CodeIgniter.php(354): CodeIgniter\CodeIgniter->handleRequest(NULL, Object(Config\Cache), false)
#10 /Users/jclimonero/Developer/SingleFile/BE/vendor/codeigniter4/framework/system/Boot.php(363): CodeIgniter\CodeIgniter->run()
#11 /Users/jclimonero/Developer/SingleFile/BE/vendor/codeigniter4/framework/system/Boot.php(68): CodeIgniter\Boot::runCodeIgniter(Object(CodeIgniter\CodeIgniter))
#12 /Users/jclimonero/Developer/SingleFile/BE/public/index.php(59): CodeIgniter\Boot::bootWeb(Object(Config\Paths))
#13 /Users/jclimonero/Developer/SingleFile/BE/vendor/codeigniter4/framework/system/rewrite.php(44): require_once('/Users/jclimone...')
#14 {main}

Next CodeIgniter\Database\Exceptions\DatabaseException: Operation timed out in /Users/jclimonero/Developer/SingleFile/BE/vendor/codeigniter4/framework/system/Database/MySQLi/Connection.php:246
Stack trace:
#0 /Users/jclimonero/Developer/SingleFile/BE/vendor/codeigniter4/framework/system/Database/BaseConnection.php(419): CodeIgniter\Database\MySQLi\Connection->connect(false)
#1 /Users/jclimonero/Developer/SingleFile/BE/vendor/codeigniter4/framework/system/Database/BaseConnection.php(614): CodeIgniter\Database\BaseConnection->initialize()
#2 /Users/jclimonero/Developer/SingleFile/BE/vendor/codeigniter4/framework/system/Database/BaseBuilder.php(1649): CodeIgniter\Database\BaseConnection->query('SELECT `User`.*...', Array, false)
#3 /Users/jclimonero/Developer/SingleFile/BE/vendor/codeigniter4/framework/system/Model.php(925): CodeIgniter\Database\BaseBuilder->get()
#4 /Users/jclimonero/Developer/SingleFile/BE/app/Models/AuthModel.php(35): CodeIgniter\Model->__call('get', Array)
#5 /Users/jclimonero/Developer/SingleFile/BE/app/Controllers/Api/Auth.php(41): App\Models\AuthModel->authenticate('carlos.limon@ne...', '00@Limonero')
#6 /Users/jclimonero/Developer/SingleFile/BE/vendor/codeigniter4/framework/system/CodeIgniter.php(933): App\Controllers\Api\Auth->login()
#7 /Users/jclimonero/Developer/SingleFile/BE/vendor/codeigniter4/framework/system/CodeIgniter.php(507): CodeIgniter\CodeIgniter->runController(Object(App\Controllers\Api\Auth))
#8 /Users/jclimonero/Developer/SingleFile/BE/vendor/codeigniter4/framework/system/CodeIgniter.php(354): CodeIgniter\CodeIgniter->handleRequest(NULL, Object(Config\Cache), false)
#9 /Users/jclimonero/Developer/SingleFile/BE/vendor/codeigniter4/framework/system/Boot.php(363): CodeIgniter\CodeIgniter->run()
#10 /Users/jclimonero/Developer/SingleFile/BE/vendor/codeigniter4/framework/system/Boot.php(68): CodeIgniter\Boot::runCodeIgniter(Object(CodeIgniter\CodeIgniter))
#11 /Users/jclimonero/Developer/SingleFile/BE/public/index.php(59): CodeIgniter\Boot::bootWeb(Object(Config\Paths))
#12 /Users/jclimonero/Developer/SingleFile/BE/vendor/codeigniter4/framework/system/rewrite.php(44): require_once('/Users/jclimone...')
#13 {main}
ERROR - 2026-01-13 01:18:07 --> mysqli_sql_exception: Cannot delete or update a parent row: a foreign key constraint fails (`single_file`.`file`, CONSTRAINT `file_ibfk_2` FOREIGN KEY (`IdOrder`) REFERENCES `orderbycar` (`Id`)) in /Users/jclimonero/Developer/SingleFile/BE/vendor/codeigniter4/framework/system/Database/MySQLi/Connection.php:327
Stack trace:
#0 /Users/jclimonero/Developer/SingleFile/BE/vendor/codeigniter4/framework/system/Database/MySQLi/Connection.php(327): mysqli->query('DELETE FROM `Or...', 0)
#1 /Users/jclimonero/Developer/SingleFile/BE/vendor/codeigniter4/framework/system/Database/BaseConnection.php(729): CodeIgniter\Database\MySQLi\Connection->execute('DELETE FROM `Or...')
#2 /Users/jclimonero/Developer/SingleFile/BE/vendor/codeigniter4/framework/system/Database/BaseConnection.php(646): CodeIgniter\Database\BaseConnection->simpleQuery('DELETE FROM `Or...')
#3 /Users/jclimonero/Developer/SingleFile/BE/vendor/codeigniter4/framework/system/Database/BaseBuilder.php(2848): CodeIgniter\Database\BaseConnection->query('DELETE FROM `Or...', Array, false)
#4 /Users/jclimonero/Developer/SingleFile/BE/app/Controllers/Api/Files.php(1311): CodeIgniter\Database\BaseBuilder->delete()
#5 /Users/jclimonero/Developer/SingleFile/BE/vendor/codeigniter4/framework/system/CodeIgniter.php(933): App\Controllers\Api\Files->deleteFile()
#6 /Users/jclimonero/Developer/SingleFile/BE/vendor/codeigniter4/framework/system/CodeIgniter.php(507): CodeIgniter\CodeIgniter->runController(Object(App\Controllers\Api\Files))
#7 /Users/jclimonero/Developer/SingleFile/BE/vendor/codeigniter4/framework/system/CodeIgniter.php(354): CodeIgniter\CodeIgniter->handleRequest(NULL, Object(Config\Cache), false)
#8 /Users/jclimonero/Developer/SingleFile/BE/vendor/codeigniter4/framework/system/Boot.php(363): CodeIgniter\CodeIgniter->run()
#9 /Users/jclimonero/Developer/SingleFile/BE/vendor/codeigniter4/framework/system/Boot.php(68): CodeIgniter\Boot::runCodeIgniter(Object(CodeIgniter\CodeIgniter))
#10 /Users/jclimonero/Developer/SingleFile/BE/public/index.php(59): CodeIgniter\Boot::bootWeb(Object(Config\Paths))
#11 /Users/jclimonero/Developer/SingleFile/BE/vendor/codeigniter4/framework/system/rewrite.php(44): require_once('/Users/jclimone...')
#12 {main}
ERROR - 2026-01-13 18:51:24 --> mysqli_sql_exception: Cannot delete or update a parent row: a foreign key constraint fails (`single_file`.`file`, CONSTRAINT `file_ibfk_2` FOREIGN KEY (`IdOrder`) REFERENCES `orderbycar` (`Id`)) in /Users/jclimonero/Developer/SingleFile/BE/vendor/codeigniter4/framework/system/Database/MySQLi/Connection.php:327
Stack trace:
#0 /Users/jclimonero/Developer/SingleFile/BE/vendor/codeigniter4/framework/system/Database/MySQLi/Connection.php(327): mysqli->query('DELETE FROM `Or...', 0)
#1 /Users/jclimonero/Developer/SingleFile/BE/vendor/codeigniter4/framework/system/Database/BaseConnection.php(729): CodeIgniter\Database\MySQLi\Connection->execute('DELETE FROM `Or...')
#2 /Users/jclimonero/Developer/SingleFile/BE/vendor/codeigniter4/framework/system/Database/BaseConnection.php(646): CodeIgniter\Database\BaseConnection->simpleQuery('DELETE FROM `Or...')
#3 /Users/jclimonero/Developer/SingleFile/BE/vendor/codeigniter4/framework/system/Database/BaseBuilder.php(2848): CodeIgniter\Database\BaseConnection->query('DELETE FROM `Or...', Array, false)
#4 /Users/jclimonero/Developer/SingleFile/BE/app/Controllers/Api/Files.php(1311): CodeIgniter\Database\BaseBuilder->delete()
#5 /Users/jclimonero/Developer/SingleFile/BE/vendor/codeigniter4/framework/system/CodeIgniter.php(933): App\Controllers\Api\Files->deleteFile()
#6 /Users/jclimonero/Developer/SingleFile/BE/vendor/codeigniter4/framework/system/CodeIgniter.php(507): CodeIgniter\CodeIgniter->runController(Object(App\Controllers\Api\Files))
#7 /Users/jclimonero/Developer/SingleFile/BE/vendor/codeigniter4/framework/system/CodeIgniter.php(354): CodeIgniter\CodeIgniter->handleRequest(NULL, Object(Config\Cache), false)
#8 /Users/jclimonero/Developer/SingleFile/BE/vendor/codeigniter4/framework/system/Boot.php(363): CodeIgniter\CodeIgniter->run()
#9 /Users/jclimonero/Developer/SingleFile/BE/vendor/codeigniter4/framework/system/Boot.php(68): CodeIgniter\Boot::runCodeIgniter(Object(CodeIgniter\CodeIgniter))
#10 /Users/jclimonero/Developer/SingleFile/BE/public/index.php(59): CodeIgniter\Boot::bootWeb(Object(Config\Paths))
#11 /Users/jclimonero/Developer/SingleFile/BE/vendor/codeigniter4/framework/system/rewrite.php(44): require_once('/Users/jclimone...')
#12 {main}
ERROR - 2026-01-13 19:40:26 --> Error connecting to the database: mysqli_sql_exception: Operation timed out in /Users/jclimonero/Developer/SingleFile/BE/vendor/codeigniter4/framework/system/Database/MySQLi/Connection.php:201
Stack trace:
#0 /Users/jclimonero/Developer/SingleFile/BE/vendor/codeigniter4/framework/system/Database/MySQLi/Connection.php(201): mysqli->real_connect('192.168.190.140', 'vgd_testing', Object(SensitiveParameterValue), 'single_file', 3306, '', 0)
#1 /Users/jclimonero/Developer/SingleFile/BE/vendor/codeigniter4/framework/system/Database/BaseConnection.php(419): CodeIgniter\Database\MySQLi\Connection->connect(false)
#2 /Users/jclimonero/Developer/SingleFile/BE/vendor/codeigniter4/framework/system/Database/BaseConnection.php(614): CodeIgniter\Database\BaseConnection->initialize()
#3 /Users/jclimonero/Developer/SingleFile/BE/vendor/codeigniter4/framework/system/Database/BaseBuilder.php(1649): CodeIgniter\Database\BaseConnection->query('SELECT `Agency`...', Array, false)
#4 /Users/jclimonero/Developer/SingleFile/BE/vendor/codeigniter4/framework/system/Model.php(286): CodeIgniter\Database\BaseBuilder->get()
#5 /Users/jclimonero/Developer/SingleFile/BE/vendor/codeigniter4/framework/system/BaseModel.php(677): CodeIgniter\Model->doFindAll(0, 0)
#6 /Users/jclimonero/Developer/SingleFile/BE/app/Models/AgencyModel.php(169): CodeIgniter\BaseModel->findAll()
#7 /Users/jclimonero/Developer/SingleFile/BE/app/Controllers/Api/Agency.php(72): App\Models\AgencyModel->getAllAgenciesWithUser('Name', 'ASC')
#8 /Users/jclimonero/Developer/SingleFile/BE/vendor/codeigniter4/framework/system/CodeIgniter.php(933): App\Controllers\Api\Agency->index()
#9 /Users/jclimonero/Developer/SingleFile/BE/vendor/codeigniter4/framework/system/CodeIgniter.php(507): CodeIgniter\CodeIgniter->runController(Object(App\Controllers\Api\Agency))
#10 /Users/jclimonero/Developer/SingleFile/BE/vendor/codeigniter4/framework/system/CodeIgniter.php(354): CodeIgniter\CodeIgniter->handleRequest(NULL, Object(Config\Cache), false)
#11 /Users/jclimonero/Developer/SingleFile/BE/vendor/codeigniter4/framework/system/Boot.php(363): CodeIgniter\CodeIgniter->run()
#12 /Users/jclimonero/Developer/SingleFile/BE/vendor/codeigniter4/framework/system/Boot.php(68): CodeIgniter\Boot::runCodeIgniter(Object(CodeIgniter\CodeIgniter))
#13 /Users/jclimonero/Developer/SingleFile/BE/public/index.php(59): CodeIgniter\Boot::bootWeb(Object(Config\Paths))
#14 /Users/jclimonero/Developer/SingleFile/BE/vendor/codeigniter4/framework/system/rewrite.php(44): require_once('/Users/jclimone...')
#15 {main}

Next CodeIgniter\Database\Exceptions\DatabaseException: Operation timed out in /Users/jclimonero/Developer/SingleFile/BE/vendor/codeigniter4/framework/system/Database/MySQLi/Connection.php:246
Stack trace:
#0 /Users/jclimonero/Developer/SingleFile/BE/vendor/codeigniter4/framework/system/Database/BaseConnection.php(419): CodeIgniter\Database\MySQLi\Connection->connect(false)
#1 /Users/jclimonero/Developer/SingleFile/BE/vendor/codeigniter4/framework/system/Database/BaseConnection.php(614): CodeIgniter\Database\BaseConnection->initialize()
#2 /Users/jclimonero/Developer/SingleFile/BE/vendor/codeigniter4/framework/system/Database/BaseBuilder.php(1649): CodeIgniter\Database\BaseConnection->query('SELECT `Agency`...', Array, false)
#3 /Users/jclimonero/Developer/SingleFile/BE/vendor/codeigniter4/framework/system/Model.php(286): CodeIgniter\Database\BaseBuilder->get()
#4 /Users/jclimonero/Developer/SingleFile/BE/vendor/codeigniter4/framework/system/BaseModel.php(677): CodeIgniter\Model->doFindAll(0, 0)
#5 /Users/jclimonero/Developer/SingleFile/BE/app/Models/AgencyModel.php(169): CodeIgniter\BaseModel->findAll()
#6 /Users/jclimonero/Developer/SingleFile/BE/app/Controllers/Api/Agency.php(72): App\Models\AgencyModel->getAllAgenciesWithUser('Name', 'ASC')
#7 /Users/jclimonero/Developer/SingleFile/BE/vendor/codeigniter4/framework/system/CodeIgniter.php(933): App\Controllers\Api\Agency->index()
#8 /Users/jclimonero/Developer/SingleFile/BE/vendor/codeigniter4/framework/system/CodeIgniter.php(507): CodeIgniter\CodeIgniter->runController(Object(App\Controllers\Api\Agency))
#9 /Users/jclimonero/Developer/SingleFile/BE/vendor/codeigniter4/framework/system/CodeIgniter.php(354): CodeIgniter\CodeIgniter->handleRequest(NULL, Object(Config\Cache), false)
#10 /Users/jclimonero/Developer/SingleFile/BE/vendor/codeigniter4/framework/system/Boot.php(363): CodeIgniter\CodeIgniter->run()
#11 /Users/jclimonero/Developer/SingleFile/BE/vendor/codeigniter4/framework/system/Boot.php(68): CodeIgniter\Boot::runCodeIgniter(Object(CodeIgniter\CodeIgniter))
#12 /Users/jclimonero/Developer/SingleFile/BE/public/index.php(59): CodeIgniter\Boot::bootWeb(Object(Config\Paths))
#13 /Users/jclimonero/Developer/SingleFile/BE/vendor/codeigniter4/framework/system/rewrite.php(44): require_once('/Users/jclimone...')
#14 {main}
ERROR - 2026-01-13 19:40:56 --> Error connecting to the database: mysqli_sql_exception: Operation timed out in /Users/jclimonero/Developer/SingleFile/BE/vendor/codeigniter4/framework/system/Database/MySQLi/Connection.php:201
Stack trace:
#0 /Users/jclimonero/Developer/SingleFile/BE/vendor/codeigniter4/framework/system/Database/MySQLi/Connection.php(201): mysqli->real_connect('192.168.190.140', 'vgd_testing', Object(SensitiveParameterValue), 'single_file', 3306, '', 0)
#1 /Users/jclimonero/Developer/SingleFile/BE/vendor/codeigniter4/framework/system/Database/BaseConnection.php(419): CodeIgniter\Database\MySQLi\Connection->connect(false)
#2 /Users/jclimonero/Developer/SingleFile/BE/vendor/codeigniter4/framework/system/Database/BaseConnection.php(614): CodeIgniter\Database\BaseConnection->initialize()
#3 /Users/jclimonero/Developer/SingleFile/BE/vendor/codeigniter4/framework/system/Database/BaseBuilder.php(1733): CodeIgniter\Database\BaseConnection->query('SELECT COUNT(*)...', Array, false)
#4 /Users/jclimonero/Developer/SingleFile/BE/app/Models/UserActivityLogModel.php(178): CodeIgniter\Database\BaseBuilder->countAllResults()
#5 /Users/jclimonero/Developer/SingleFile/BE/app/Controllers/Api/UserActivityLog.php(146): App\Models\UserActivityLogModel->getLogStats(NULL, NULL, NULL)
#6 /Users/jclimonero/Developer/SingleFile/BE/vendor/codeigniter4/framework/system/CodeIgniter.php(933): App\Controllers\Api\UserActivityLog->getStats()
#7 /Users/jclimonero/Developer/SingleFile/BE/vendor/codeigniter4/framework/system/CodeIgniter.php(507): CodeIgniter\CodeIgniter->runController(Object(App\Controllers\Api\UserActivityLog))
#8 /Users/jclimonero/Developer/SingleFile/BE/vendor/codeigniter4/framework/system/CodeIgniter.php(354): CodeIgniter\CodeIgniter->handleRequest(NULL, Object(Config\Cache), false)
#9 /Users/jclimonero/Developer/SingleFile/BE/vendor/codeigniter4/framework/system/Boot.php(363): CodeIgniter\CodeIgniter->run()
#10 /Users/jclimonero/Developer/SingleFile/BE/vendor/codeigniter4/framework/system/Boot.php(68): CodeIgniter\Boot::runCodeIgniter(Object(CodeIgniter\CodeIgniter))
#11 /Users/jclimonero/Developer/SingleFile/BE/public/index.php(59): CodeIgniter\Boot::bootWeb(Object(Config\Paths))
#12 /Users/jclimonero/Developer/SingleFile/BE/vendor/codeigniter4/framework/system/rewrite.php(44): require_once('/Users/jclimone...')
#13 {main}

Next CodeIgniter\Database\Exceptions\DatabaseException: Operation timed out in /Users/jclimonero/Developer/SingleFile/BE/vendor/codeigniter4/framework/system/Database/MySQLi/Connection.php:246
Stack trace:
#0 /Users/jclimonero/Developer/SingleFile/BE/vendor/codeigniter4/framework/system/Database/BaseConnection.php(419): CodeIgniter\Database\MySQLi\Connection->connect(false)
#1 /Users/jclimonero/Developer/SingleFile/BE/vendor/codeigniter4/framework/system/Database/BaseConnection.php(614): CodeIgniter\Database\BaseConnection->initialize()
#2 /Users/jclimonero/Developer/SingleFile/BE/vendor/codeigniter4/framework/system/Database/BaseBuilder.php(1733): CodeIgniter\Database\BaseConnection->query('SELECT COUNT(*)...', Array, false)
#3 /Users/jclimonero/Developer/SingleFile/BE/app/Models/UserActivityLogModel.php(178): CodeIgniter\Database\BaseBuilder->countAllResults()
#4 /Users/jclimonero/Developer/SingleFile/BE/app/Controllers/Api/UserActivityLog.php(146): App\Models\UserActivityLogModel->getLogStats(NULL, NULL, NULL)
#5 /Users/jclimonero/Developer/SingleFile/BE/vendor/codeigniter4/framework/system/CodeIgniter.php(933): App\Controllers\Api\UserActivityLog->getStats()
#6 /Users/jclimonero/Developer/SingleFile/BE/vendor/codeigniter4/framework/system/CodeIgniter.php(507): CodeIgniter\CodeIgniter->runController(Object(App\Controllers\Api\UserActivityLog))
#7 /Users/jclimonero/Developer/SingleFile/BE/vendor/codeigniter4/framework/system/CodeIgniter.php(354): CodeIgniter\CodeIgniter->handleRequest(NULL, Object(Config\Cache), false)
#8 /Users/jclimonero/Developer/SingleFile/BE/vendor/codeigniter4/framework/system/Boot.php(363): CodeIgniter\CodeIgniter->run()
#9 /Users/jclimonero/Developer/SingleFile/BE/vendor/codeigniter4/framework/system/Boot.php(68): CodeIgniter\Boot::runCodeIgniter(Object(CodeIgniter\CodeIgniter))
#10 /Users/jclimonero/Developer/SingleFile/BE/public/index.php(59): CodeIgniter\Boot::bootWeb(Object(Config\Paths))
#11 /Users/jclimonero/Developer/SingleFile/BE/vendor/codeigniter4/framework/system/rewrite.php(44): require_once('/Users/jclimone...')
#12 {main}
ERROR - 2026-01-13 19:40:56 --> Error en UserActivityLog::getStats: Unable to connect to the database.
Main connection [MySQLi]: Operation timed out
ERROR - 2026-01-13 19:41:06 --> Error connecting to the database: mysqli_sql_exception: Operation timed out in /Users/jclimonero/Developer/SingleFile/BE/vendor/codeigniter4/framework/system/Database/MySQLi/Connection.php:201
Stack trace:
#0 /Users/jclimonero/Developer/SingleFile/BE/vendor/codeigniter4/framework/system/Database/MySQLi/Connection.php(201): mysqli->real_connect('192.168.190.140', 'vgd_testing', Object(SensitiveParameterValue), 'single_file', 3306, '', 0)
#1 /Users/jclimonero/Developer/SingleFile/BE/vendor/codeigniter4/framework/system/Database/BaseConnection.php(419): CodeIgniter\Database\MySQLi\Connection->connect(false)
#2 /Users/jclimonero/Developer/SingleFile/BE/vendor/codeigniter4/framework/system/Database/BaseConnection.php(614): CodeIgniter\Database\BaseConnection->initialize()
#3 /Users/jclimonero/Developer/SingleFile/BE/vendor/codeigniter4/framework/system/Database/BaseBuilder.php(1733): CodeIgniter\Database\BaseConnection->query('SELECT COUNT(*)...', Array, false)
#4 /Users/jclimonero/Developer/SingleFile/BE/app/Controllers/Api/Analytics.php(121): CodeIgniter\Database\BaseBuilder->countAllResults(false)
#5 /Users/jclimonero/Developer/SingleFile/BE/vendor/codeigniter4/framework/system/CodeIgniter.php(933): App\Controllers\Api\Analytics->getDocumentStats()
#6 /Users/jclimonero/Developer/SingleFile/BE/vendor/codeigniter4/framework/system/CodeIgniter.php(507): CodeIgniter\CodeIgniter->runController(Object(App\Controllers\Api\Analytics))
#7 /Users/jclimonero/Developer/SingleFile/BE/vendor/codeigniter4/framework/system/CodeIgniter.php(354): CodeIgniter\CodeIgniter->handleRequest(NULL, Object(Config\Cache), false)
#8 /Users/jclimonero/Developer/SingleFile/BE/vendor/codeigniter4/framework/system/Boot.php(363): CodeIgniter\CodeIgniter->run()
#9 /Users/jclimonero/Developer/SingleFile/BE/vendor/codeigniter4/framework/system/Boot.php(68): CodeIgniter\Boot::runCodeIgniter(Object(CodeIgniter\CodeIgniter))
#10 /Users/jclimonero/Developer/SingleFile/BE/public/index.php(59): CodeIgniter\Boot::bootWeb(Object(Config\Paths))
#11 /Users/jclimonero/Developer/SingleFile/BE/vendor/codeigniter4/framework/system/rewrite.php(44): require_once('/Users/jclimone...')
#12 {main}

Next CodeIgniter\Database\Exceptions\DatabaseException: Operation timed out in /Users/jclimonero/Developer/SingleFile/BE/vendor/codeigniter4/framework/system/Database/MySQLi/Connection.php:246
Stack trace:
#0 /Users/jclimonero/Developer/SingleFile/BE/vendor/codeigniter4/framework/system/Database/BaseConnection.php(419): CodeIgniter\Database\MySQLi\Connection->connect(false)
#1 /Users/jclimonero/Developer/SingleFile/BE/vendor/codeigniter4/framework/system/Database/BaseConnection.php(614): CodeIgniter\Database\BaseConnection->initialize()
#2 /Users/jclimonero/Developer/SingleFile/BE/vendor/codeigniter4/framework/system/Database/BaseBuilder.php(1733): CodeIgniter\Database\BaseConnection->query('SELECT COUNT(*)...', Array, false)
#3 /Users/jclimonero/Developer/SingleFile/BE/app/Controllers/Api/Analytics.php(121): CodeIgniter\Database\BaseBuilder->countAllResults(false)
#4 /Users/jclimonero/Developer/SingleFile/BE/vendor/codeigniter4/framework/system/CodeIgniter.php(933): App\Controllers\Api\Analytics->getDocumentStats()
#5 /Users/jclimonero/Developer/SingleFile/BE/vendor/codeigniter4/framework/system/CodeIgniter.php(507): CodeIgniter\CodeIgniter->runController(Object(App\Controllers\Api\Analytics))
#6 /Users/jclimonero/Developer/SingleFile/BE/vendor/codeigniter4/framework/system/CodeIgniter.php(354): CodeIgniter\CodeIgniter->handleRequest(NULL, Object(Config\Cache), false)
#7 /Users/jclimonero/Developer/SingleFile/BE/vendor/codeigniter4/framework/system/Boot.php(363): CodeIgniter\CodeIgniter->run()
#8 /Users/jclimonero/Developer/SingleFile/BE/vendor/codeigniter4/framework/system/Boot.php(68): CodeIgniter\Boot::runCodeIgniter(Object(CodeIgniter\CodeIgniter))
#9 /Users/jclimonero/Developer/SingleFile/BE/public/index.php(59): CodeIgniter\Boot::bootWeb(Object(Config\Paths))
#10 /Users/jclimonero/Developer/SingleFile/BE/vendor/codeigniter4/framework/system/rewrite.php(44): require_once('/Users/jclimone...')
#11 {main}
ERROR - 2026-01-13 19:41:06 --> Error en Analytics::getDocumentStats: Unable to connect to the database.
Main connection [MySQLi]: Operation timed out
ERROR - 2026-01-13 19:41:16 --> Error connecting to the database: mysqli_sql_exception: Operation timed out in /Users/jclimonero/Developer/SingleFile/BE/vendor/codeigniter4/framework/system/Database/MySQLi/Connection.php:201
Stack trace:
#0 /Users/jclimonero/Developer/SingleFile/BE/vendor/codeigniter4/framework/system/Database/MySQLi/Connection.php(201): mysqli->real_connect('192.168.190.140', 'vgd_testing', Object(SensitiveParameterValue), 'single_file', 3306, '', 0)
#1 /Users/jclimonero/Developer/SingleFile/BE/vendor/codeigniter4/framework/system/Database/BaseConnection.php(419): CodeIgniter\Database\MySQLi\Connection->connect(false)
#2 /Users/jclimonero/Developer/SingleFile/BE/vendor/codeigniter4/framework/system/Database/BaseConnection.php(614): CodeIgniter\Database\BaseConnection->initialize()
#3 /Users/jclimonero/Developer/SingleFile/BE/vendor/codeigniter4/framework/system/Database/BaseBuilder.php(1733): CodeIgniter\Database\BaseConnection->query('SELECT COUNT(*)...', Array, false)
#4 /Users/jclimonero/Developer/SingleFile/BE/app/Controllers/Api/Analytics.php(216): CodeIgniter\Database\BaseBuilder->countAllResults(false)
#5 /Users/jclimonero/Developer/SingleFile/BE/vendor/codeigniter4/framework/system/CodeIgniter.php(933): App\Controllers\Api\Analytics->getProcessStats()
#6 /Users/jclimonero/Developer/SingleFile/BE/vendor/codeigniter4/framework/system/CodeIgniter.php(507): CodeIgniter\CodeIgniter->runController(Object(App\Controllers\Api\Analytics))
#7 /Users/jclimonero/Developer/SingleFile/BE/vendor/codeigniter4/framework/system/CodeIgniter.php(354): CodeIgniter\CodeIgniter->handleRequest(NULL, Object(Config\Cache), false)
#8 /Users/jclimonero/Developer/SingleFile/BE/vendor/codeigniter4/framework/system/Boot.php(363): CodeIgniter\CodeIgniter->run()
#9 /Users/jclimonero/Developer/SingleFile/BE/vendor/codeigniter4/framework/system/Boot.php(68): CodeIgniter\Boot::runCodeIgniter(Object(CodeIgniter\CodeIgniter))
#10 /Users/jclimonero/Developer/SingleFile/BE/public/index.php(59): CodeIgniter\Boot::bootWeb(Object(Config\Paths))
#11 /Users/jclimonero/Developer/SingleFile/BE/vendor/codeigniter4/framework/system/rewrite.php(44): require_once('/Users/jclimone...')
#12 {main}

Next CodeIgniter\Database\Exceptions\DatabaseException: Operation timed out in /Users/jclimonero/Developer/SingleFile/BE/vendor/codeigniter4/framework/system/Database/MySQLi/Connection.php:246
Stack trace:
#0 /Users/jclimonero/Developer/SingleFile/BE/vendor/codeigniter4/framework/system/Database/BaseConnection.php(419): CodeIgniter\Database\MySQLi\Connection->connect(false)
#1 /Users/jclimonero/Developer/SingleFile/BE/vendor/codeigniter4/framework/system/Database/BaseConnection.php(614): CodeIgniter\Database\BaseConnection->initialize()
#2 /Users/jclimonero/Developer/SingleFile/BE/vendor/codeigniter4/framework/system/Database/BaseBuilder.php(1733): CodeIgniter\Database\BaseConnection->query('SELECT COUNT(*)...', Array, false)
#3 /Users/jclimonero/Developer/SingleFile/BE/app/Controllers/Api/Analytics.php(216): CodeIgniter\Database\BaseBuilder->countAllResults(false)
#4 /Users/jclimonero/Developer/SingleFile/BE/vendor/codeigniter4/framework/system/CodeIgniter.php(933): App\Controllers\Api\Analytics->getProcessStats()
#5 /Users/jclimonero/Developer/SingleFile/BE/vendor/codeigniter4/framework/system/CodeIgniter.php(507): CodeIgniter\CodeIgniter->runController(Object(App\Controllers\Api\Analytics))
#6 /Users/jclimonero/Developer/SingleFile/BE/vendor/codeigniter4/framework/system/CodeIgniter.php(354): CodeIgniter\CodeIgniter->handleRequest(NULL, Object(Config\Cache), false)
#7 /Users/jclimonero/Developer/SingleFile/BE/vendor/codeigniter4/framework/system/Boot.php(363): CodeIgniter\CodeIgniter->run()
#8 /Users/jclimonero/Developer/SingleFile/BE/vendor/codeigniter4/framework/system/Boot.php(68): CodeIgniter\Boot::runCodeIgniter(Object(CodeIgniter\CodeIgniter))
#9 /Users/jclimonero/Developer/SingleFile/BE/public/index.php(59): CodeIgniter\Boot::bootWeb(Object(Config\Paths))
#10 /Users/jclimonero/Developer/SingleFile/BE/vendor/codeigniter4/framework/system/rewrite.php(44): require_once('/Users/jclimone...')
#11 {main}
ERROR - 2026-01-13 19:41:16 --> Error en Analytics::getProcessStats: Unable to connect to the database.
Main connection [MySQLi]: Operation timed out
ERROR - 2026-01-13 19:41:16 --> Trace: #0 /Users/jclimonero/Developer/SingleFile/BE/vendor/codeigniter4/framework/system/Database/BaseConnection.php(614): CodeIgniter\Database\BaseConnection->initialize()
#1 /Users/jclimonero/Developer/SingleFile/BE/vendor/codeigniter4/framework/system/Database/BaseBuilder.php(1733): CodeIgniter\Database\BaseConnection->query('SELECT COUNT(*)...', Array, false)
#2 /Users/jclimonero/Developer/SingleFile/BE/app/Controllers/Api/Analytics.php(216): CodeIgniter\Database\BaseBuilder->countAllResults(false)
#3 /Users/jclimonero/Developer/SingleFile/BE/vendor/codeigniter4/framework/system/CodeIgniter.php(933): App\Controllers\Api\Analytics->getProcessStats()
#4 /Users/jclimonero/Developer/SingleFile/BE/vendor/codeigniter4/framework/system/CodeIgniter.php(507): CodeIgniter\CodeIgniter->runController(Object(App\Controllers\Api\Analytics))
#5 /Users/jclimonero/Developer/SingleFile/BE/vendor/codeigniter4/framework/system/CodeIgniter.php(354): CodeIgniter\CodeIgniter->handleRequest(NULL, Object(Config\Cache), false)
#6 /Users/jclimonero/Developer/SingleFile/BE/vendor/codeigniter4/framework/system/Boot.php(363): CodeIgniter\CodeIgniter->run()
#7 /Users/jclimonero/Developer/SingleFile/BE/vendor/codeigniter4/framework/system/Boot.php(68): CodeIgniter\Boot::runCodeIgniter(Object(CodeIgniter\CodeIgniter))
#8 /Users/jclimonero/Developer/SingleFile/BE/public/index.php(59): CodeIgniter\Boot::bootWeb(Object(Config\Paths))
#9 /Users/jclimonero/Developer/SingleFile/BE/vendor/codeigniter4/framework/system/rewrite.php(44): require_once('/Users/jclimone...')
#10 {main}
ERROR - 2026-01-13 19:41:26 --> Error connecting to the database: mysqli_sql_exception: Operation timed out in /Users/jclimonero/Developer/SingleFile/BE/vendor/codeigniter4/framework/system/Database/MySQLi/Connection.php:201
Stack trace:
#0 /Users/jclimonero/Developer/SingleFile/BE/vendor/codeigniter4/framework/system/Database/MySQLi/Connection.php(201): mysqli->real_connect('192.168.190.140', 'vgd_testing', Object(SensitiveParameterValue), 'single_file', 3306, '', 0)
#1 /Users/jclimonero/Developer/SingleFile/BE/vendor/codeigniter4/framework/system/Database/BaseConnection.php(419): CodeIgniter\Database\MySQLi\Connection->connect(false)
#2 /Users/jclimonero/Developer/SingleFile/BE/vendor/codeigniter4/framework/system/Database/BaseConnection.php(614): CodeIgniter\Database\BaseConnection->initialize()
#3 /Users/jclimonero/Developer/SingleFile/BE/vendor/codeigniter4/framework/system/Database/BaseBuilder.php(1733): CodeIgniter\Database\BaseConnection->query('SELECT COUNT(*)...', Array, false)
#4 /Users/jclimonero/Developer/SingleFile/BE/vendor/codeigniter4/framework/system/Model.php(675): CodeIgniter\Database\BaseBuilder->countAllResults(true)
#5 /Users/jclimonero/Developer/SingleFile/BE/app/Controllers/Api/Analytics.php(309): CodeIgniter\Model->countAllResults()
#6 /Users/jclimonero/Developer/SingleFile/BE/vendor/codeigniter4/framework/system/CodeIgniter.php(933): App\Controllers\Api\Analytics->getAgencyStats()
#7 /Users/jclimonero/Developer/SingleFile/BE/vendor/codeigniter4/framework/system/CodeIgniter.php(507): CodeIgniter\CodeIgniter->runController(Object(App\Controllers\Api\Analytics))
#8 /Users/jclimonero/Developer/SingleFile/BE/vendor/codeigniter4/framework/system/CodeIgniter.php(354): CodeIgniter\CodeIgniter->handleRequest(NULL, Object(Config\Cache), false)
#9 /Users/jclimonero/Developer/SingleFile/BE/vendor/codeigniter4/framework/system/Boot.php(363): CodeIgniter\CodeIgniter->run()
#10 /Users/jclimonero/Developer/SingleFile/BE/vendor/codeigniter4/framework/system/Boot.php(68): CodeIgniter\Boot::runCodeIgniter(Object(CodeIgniter\CodeIgniter))
#11 /Users/jclimonero/Developer/SingleFile/BE/public/index.php(59): CodeIgniter\Boot::bootWeb(Object(Config\Paths))
#12 /Users/jclimonero/Developer/SingleFile/BE/vendor/codeigniter4/framework/system/rewrite.php(44): require_once('/Users/jclimone...')
#13 {main}

Next CodeIgniter\Database\Exceptions\DatabaseException: Operation timed out in /Users/jclimonero/Developer/SingleFile/BE/vendor/codeigniter4/framework/system/Database/MySQLi/Connection.php:246
Stack trace:
#0 /Users/jclimonero/Developer/SingleFile/BE/vendor/codeigniter4/framework/system/Database/BaseConnection.php(419): CodeIgniter\Database\MySQLi\Connection->connect(false)
#1 /Users/jclimonero/Developer/SingleFile/BE/vendor/codeigniter4/framework/system/Database/BaseConnection.php(614): CodeIgniter\Database\BaseConnection->initialize()
#2 /Users/jclimonero/Developer/SingleFile/BE/vendor/codeigniter4/framework/system/Database/BaseBuilder.php(1733): CodeIgniter\Database\BaseConnection->query('SELECT COUNT(*)...', Array, false)
#3 /Users/jclimonero/Developer/SingleFile/BE/vendor/codeigniter4/framework/system/Model.php(675): CodeIgniter\Database\BaseBuilder->countAllResults(true)
#4 /Users/jclimonero/Developer/SingleFile/BE/app/Controllers/Api/Analytics.php(309): CodeIgniter\Model->countAllResults()
#5 /Users/jclimonero/Developer/SingleFile/BE/vendor/codeigniter4/framework/system/CodeIgniter.php(933): App\Controllers\Api\Analytics->getAgencyStats()
#6 /Users/jclimonero/Developer/SingleFile/BE/vendor/codeigniter4/framework/system/CodeIgniter.php(507): CodeIgniter\CodeIgniter->runController(Object(App\Controllers\Api\Analytics))
#7 /Users/jclimonero/Developer/SingleFile/BE/vendor/codeigniter4/framework/system/CodeIgniter.php(354): CodeIgniter\CodeIgniter->handleRequest(NULL, Object(Config\Cache), false)
#8 /Users/jclimonero/Developer/SingleFile/BE/vendor/codeigniter4/framework/system/Boot.php(363): CodeIgniter\CodeIgniter->run()
#9 /Users/jclimonero/Developer/SingleFile/BE/vendor/codeigniter4/framework/system/Boot.php(68): CodeIgniter\Boot::runCodeIgniter(Object(CodeIgniter\CodeIgniter))
#10 /Users/jclimonero/Developer/SingleFile/BE/public/index.php(59): CodeIgniter\Boot::bootWeb(Object(Config\Paths))
#11 /Users/jclimonero/Developer/SingleFile/BE/vendor/codeigniter4/framework/system/rewrite.php(44): require_once('/Users/jclimone...')
#12 {main}
ERROR - 2026-01-13 19:41:26 --> Error en Analytics::getAgencyStats: Unable to connect to the database.
Main connection [MySQLi]: Operation timed out
ERROR - 2026-01-13 19:41:36 --> Error connecting to the database: mysqli_sql_exception: Operation timed out in /Users/jclimonero/Developer/SingleFile/BE/vendor/codeigniter4/framework/system/Database/MySQLi/Connection.php:201
Stack trace:
#0 /Users/jclimonero/Developer/SingleFile/BE/vendor/codeigniter4/framework/system/Database/MySQLi/Connection.php(201): mysqli->real_connect('192.168.190.140', 'vgd_testing', Object(SensitiveParameterValue), 'single_file', 3306, '', 0)
#1 /Users/jclimonero/Developer/SingleFile/BE/vendor/codeigniter4/framework/system/Database/BaseConnection.php(419): CodeIgniter\Database\MySQLi\Connection->connect(false)
#2 /Users/jclimonero/Developer/SingleFile/BE/vendor/codeigniter4/framework/system/Database/BaseConnection.php(614): CodeIgniter\Database\BaseConnection->initialize()
#3 /Users/jclimonero/Developer/SingleFile/BE/vendor/codeigniter4/framework/system/Database/BaseBuilder.php(1733): CodeIgniter\Database\BaseConnection->query('SELECT COUNT(*)...', Array, false)
#4 /Users/jclimonero/Developer/SingleFile/BE/vendor/codeigniter4/framework/system/Model.php(675): CodeIgniter\Database\BaseBuilder->countAllResults(true)
#5 /Users/jclimonero/Developer/SingleFile/BE/app/Controllers/Api/Analytics.php(356): CodeIgniter\Model->countAllResults()
#6 /Users/jclimonero/Developer/SingleFile/BE/vendor/codeigniter4/framework/system/CodeIgniter.php(933): App\Controllers\Api\Analytics->getSystemMetrics()
#7 /Users/jclimonero/Developer/SingleFile/BE/vendor/codeigniter4/framework/system/CodeIgniter.php(507): CodeIgniter\CodeIgniter->runController(Object(App\Controllers\Api\Analytics))
#8 /Users/jclimonero/Developer/SingleFile/BE/vendor/codeigniter4/framework/system/CodeIgniter.php(354): CodeIgniter\CodeIgniter->handleRequest(NULL, Object(Config\Cache), false)
#9 /Users/jclimonero/Developer/SingleFile/BE/vendor/codeigniter4/framework/system/Boot.php(363): CodeIgniter\CodeIgniter->run()
#10 /Users/jclimonero/Developer/SingleFile/BE/vendor/codeigniter4/framework/system/Boot.php(68): CodeIgniter\Boot::runCodeIgniter(Object(CodeIgniter\CodeIgniter))
#11 /Users/jclimonero/Developer/SingleFile/BE/public/index.php(59): CodeIgniter\Boot::bootWeb(Object(Config\Paths))
#12 /Users/jclimonero/Developer/SingleFile/BE/vendor/codeigniter4/framework/system/rewrite.php(44): require_once('/Users/jclimone...')
#13 {main}

Next CodeIgniter\Database\Exceptions\DatabaseException: Operation timed out in /Users/jclimonero/Developer/SingleFile/BE/vendor/codeigniter4/framework/system/Database/MySQLi/Connection.php:246
Stack trace:
#0 /Users/jclimonero/Developer/SingleFile/BE/vendor/codeigniter4/framework/system/Database/BaseConnection.php(419): CodeIgniter\Database\MySQLi\Connection->connect(false)
#1 /Users/jclimonero/Developer/SingleFile/BE/vendor/codeigniter4/framework/system/Database/BaseConnection.php(614): CodeIgniter\Database\BaseConnection->initialize()
#2 /Users/jclimonero/Developer/SingleFile/BE/vendor/codeigniter4/framework/system/Database/BaseBuilder.php(1733): CodeIgniter\Database\BaseConnection->query('SELECT COUNT(*)...', Array, false)
#3 /Users/jclimonero/Developer/SingleFile/BE/vendor/codeigniter4/framework/system/Model.php(675): CodeIgniter\Database\BaseBuilder->countAllResults(true)
#4 /Users/jclimonero/Developer/SingleFile/BE/app/Controllers/Api/Analytics.php(356): CodeIgniter\Model->countAllResults()
#5 /Users/jclimonero/Developer/SingleFile/BE/vendor/codeigniter4/framework/system/CodeIgniter.php(933): App\Controllers\Api\Analytics->getSystemMetrics()
#6 /Users/jclimonero/Developer/SingleFile/BE/vendor/codeigniter4/framework/system/CodeIgniter.php(507): CodeIgniter\CodeIgniter->runController(Object(App\Controllers\Api\Analytics))
#7 /Users/jclimonero/Developer/SingleFile/BE/vendor/codeigniter4/framework/system/CodeIgniter.php(354): CodeIgniter\CodeIgniter->handleRequest(NULL, Object(Config\Cache), false)
#8 /Users/jclimonero/Developer/SingleFile/BE/vendor/codeigniter4/framework/system/Boot.php(363): CodeIgniter\CodeIgniter->run()
#9 /Users/jclimonero/Developer/SingleFile/BE/vendor/codeigniter4/framework/system/Boot.php(68): CodeIgniter\Boot::runCodeIgniter(Object(CodeIgniter\CodeIgniter))
#10 /Users/jclimonero/Developer/SingleFile/BE/public/index.php(59): CodeIgniter\Boot::bootWeb(Object(Config\Paths))
#11 /Users/jclimonero/Developer/SingleFile/BE/vendor/codeigniter4/framework/system/rewrite.php(44): require_once('/Users/jclimone...')
#12 {main}
ERROR - 2026-01-13 19:41:36 --> Error en Analytics::getSystemMetrics: Unable to connect to the database.
Main connection [MySQLi]: Operation timed out
ERROR - 2026-01-13 23:36:11 --> Error connecting to the database: mysqli_sql_exception: Operation timed out in /Users/jclimonero/Developer/SingleFile/BE/vendor/codeigniter4/framework/system/Database/MySQLi/Connection.php:201
Stack trace:
#0 /Users/jclimonero/Developer/SingleFile/BE/vendor/codeigniter4/framework/system/Database/MySQLi/Connection.php(201): mysqli->real_connect('192.168.190.140', 'vgd_testing', Object(SensitiveParameterValue), 'single_file', 3306, '', 0)
#1 /Users/jclimonero/Developer/SingleFile/BE/vendor/codeigniter4/framework/system/Database/BaseConnection.php(419): CodeIgniter\Database\MySQLi\Connection->connect(false)
#2 /Users/jclimonero/Developer/SingleFile/BE/vendor/codeigniter4/framework/system/Database/BaseConnection.php(614): CodeIgniter\Database\BaseConnection->initialize()
#3 /Users/jclimonero/Developer/SingleFile/BE/vendor/codeigniter4/framework/system/Database/BaseBuilder.php(1649): CodeIgniter\Database\BaseConnection->query('SELECT `User`.*...', Array, false)
#4 /Users/jclimonero/Developer/SingleFile/BE/vendor/codeigniter4/framework/system/Model.php(925): CodeIgniter\Database\BaseBuilder->get()
#5 /Users/jclimonero/Developer/SingleFile/BE/app/Models/AuthModel.php(35): CodeIgniter\Model->__call('get', Array)
#6 /Users/jclimonero/Developer/SingleFile/BE/app/Controllers/Api/Auth.php(41): App\Models\AuthModel->authenticate('carlos.limon@ne...', '00@Limonero')
#7 /Users/jclimonero/Developer/SingleFile/BE/vendor/codeigniter4/framework/system/CodeIgniter.php(933): App\Controllers\Api\Auth->login()
#8 /Users/jclimonero/Developer/SingleFile/BE/vendor/codeigniter4/framework/system/CodeIgniter.php(507): CodeIgniter\CodeIgniter->runController(Object(App\Controllers\Api\Auth))
#9 /Users/jclimonero/Developer/SingleFile/BE/vendor/codeigniter4/framework/system/CodeIgniter.php(354): CodeIgniter\CodeIgniter->handleRequest(NULL, Object(Config\Cache), false)
#10 /Users/jclimonero/Developer/SingleFile/BE/vendor/codeigniter4/framework/system/Boot.php(363): CodeIgniter\CodeIgniter->run()
#11 /Users/jclimonero/Developer/SingleFile/BE/vendor/codeigniter4/framework/system/Boot.php(68): CodeIgniter\Boot::runCodeIgniter(Object(CodeIgniter\CodeIgniter))
#12 /Users/jclimonero/Developer/SingleFile/BE/public/index.php(59): CodeIgniter\Boot::bootWeb(Object(Config\Paths))
#13 /Users/jclimonero/Developer/SingleFile/BE/vendor/codeigniter4/framework/system/rewrite.php(44): require_once('/Users/jclimone...')
#14 {main}

Next CodeIgniter\Database\Exceptions\DatabaseException: Operation timed out in /Users/jclimonero/Developer/SingleFile/BE/vendor/codeigniter4/framework/system/Database/MySQLi/Connection.php:246
Stack trace:
#0 /Users/jclimonero/Developer/SingleFile/BE/vendor/codeigniter4/framework/system/Database/BaseConnection.php(419): CodeIgniter\Database\MySQLi\Connection->connect(false)
#1 /Users/jclimonero/Developer/SingleFile/BE/vendor/codeigniter4/framework/system/Database/BaseConnection.php(614): CodeIgniter\Database\BaseConnection->initialize()
#2 /Users/jclimonero/Developer/SingleFile/BE/vendor/codeigniter4/framework/system/Database/BaseBuilder.php(1649): CodeIgniter\Database\BaseConnection->query('SELECT `User`.*...', Array, false)
#3 /Users/jclimonero/Developer/SingleFile/BE/vendor/codeigniter4/framework/system/Model.php(925): CodeIgniter\Database\BaseBuilder->get()
#4 /Users/jclimonero/Developer/SingleFile/BE/app/Models/AuthModel.php(35): CodeIgniter\Model->__call('get', Array)
#5 /Users/jclimonero/Developer/SingleFile/BE/app/Controllers/Api/Auth.php(41): App\Models\AuthModel->authenticate('carlos.limon@ne...', '00@Limonero')
#6 /Users/jclimonero/Developer/SingleFile/BE/vendor/codeigniter4/framework/system/CodeIgniter.php(933): App\Controllers\Api\Auth->login()
#7 /Users/jclimonero/Developer/SingleFile/BE/vendor/codeigniter4/framework/system/CodeIgniter.php(507): CodeIgniter\CodeIgniter->runController(Object(App\Controllers\Api\Auth))
#8 /Users/jclimonero/Developer/SingleFile/BE/vendor/codeigniter4/framework/system/CodeIgniter.php(354): CodeIgniter\CodeIgniter->handleRequest(NULL, Object(Config\Cache), false)
#9 /Users/jclimonero/Developer/SingleFile/BE/vendor/codeigniter4/framework/system/Boot.php(363): CodeIgniter\CodeIgniter->run()
#10 /Users/jclimonero/Developer/SingleFile/BE/vendor/codeigniter4/framework/system/Boot.php(68): CodeIgniter\Boot::runCodeIgniter(Object(CodeIgniter\CodeIgniter))
#11 /Users/jclimonero/Developer/SingleFile/BE/public/index.php(59): CodeIgniter\Boot::bootWeb(Object(Config\Paths))
#12 /Users/jclimonero/Developer/SingleFile/BE/vendor/codeigniter4/framework/system/rewrite.php(44): require_once('/Users/jclimone...')
#13 {main}
ERROR - 2026-01-13 23:36:55 --> mysqli_sql_exception: Cannot delete or update a parent row: a foreign key constraint fails (`single_file`.`file`, CONSTRAINT `file_ibfk_2` FOREIGN KEY (`IdOrder`) REFERENCES `orderbycar` (`Id`)) in /Users/jclimonero/Developer/SingleFile/BE/vendor/codeigniter4/framework/system/Database/MySQLi/Connection.php:327
Stack trace:
#0 /Users/jclimonero/Developer/SingleFile/BE/vendor/codeigniter4/framework/system/Database/MySQLi/Connection.php(327): mysqli->query('DELETE FROM `Or...', 0)
#1 /Users/jclimonero/Developer/SingleFile/BE/vendor/codeigniter4/framework/system/Database/BaseConnection.php(729): CodeIgniter\Database\MySQLi\Connection->execute('DELETE FROM `Or...')
#2 /Users/jclimonero/Developer/SingleFile/BE/vendor/codeigniter4/framework/system/Database/BaseConnection.php(646): CodeIgniter\Database\BaseConnection->simpleQuery('DELETE FROM `Or...')
#3 /Users/jclimonero/Developer/SingleFile/BE/vendor/codeigniter4/framework/system/Database/BaseBuilder.php(2848): CodeIgniter\Database\BaseConnection->query('DELETE FROM `Or...', Array, false)
#4 /Users/jclimonero/Developer/SingleFile/BE/app/Controllers/Api/Files.php(1311): CodeIgniter\Database\BaseBuilder->delete()
#5 /Users/jclimonero/Developer/SingleFile/BE/vendor/codeigniter4/framework/system/CodeIgniter.php(933): App\Controllers\Api\Files->deleteFile()
#6 /Users/jclimonero/Developer/SingleFile/BE/vendor/codeigniter4/framework/system/CodeIgniter.php(507): CodeIgniter\CodeIgniter->runController(Object(App\Controllers\Api\Files))
#7 /Users/jclimonero/Developer/SingleFile/BE/vendor/codeigniter4/framework/system/CodeIgniter.php(354): CodeIgniter\CodeIgniter->handleRequest(NULL, Object(Config\Cache), false)
#8 /Users/jclimonero/Developer/SingleFile/BE/vendor/codeigniter4/framework/system/Boot.php(363): CodeIgniter\CodeIgniter->run()
#9 /Users/jclimonero/Developer/SingleFile/BE/vendor/codeigniter4/framework/system/Boot.php(68): CodeIgniter\Boot::runCodeIgniter(Object(CodeIgniter\CodeIgniter))
#10 /Users/jclimonero/Developer/SingleFile/BE/public/index.php(59): CodeIgniter\Boot::bootWeb(Object(Config\Paths))
#11 /Users/jclimonero/Developer/SingleFile/BE/vendor/codeigniter4/framework/system/rewrite.php(44): require_once('/Users/jclimone...')
#12 {main}
