
CodeIgniter v4.6.3 Command Line Tool - Server Time: 2026-04-08 06:47:12 UTC+00:00

MODO EJECUCIÓN

[1] BMW / PV231000 ... 
OK principal=5350 secundarios=1 cancelados (5)=1
[2] BMW / PV231240 ... 
OK sin duplicados principal=5614
[3] BMW / PV231121 ... 
OK sin duplicados principal=5205
[4] BMW / PV231137 ... 
OK principal=5339 secundarios=2 cancelados (5)=2
[5] BMW / PV231221 ... 
OK sin duplicados principal=
[6] BMW / PV240522 ... 
OK sin duplicados principal=7585
[7] BMW / PV241038 ... 
OK sin duplicados principal=9879
[8] BMW / PV243057 ... 
OK principal=17471 secundarios=3 cancelados (5)=3
[9] KIA ALTARIA / 19656 ... 
OK principal=17473 secundarios=3 cancelados (5)=3
[10] BMW / PV230872 ... 
OK sin duplicados principal=5138
[11] BMW / PV231110 ... 
OK sin duplicados principal=4913
[12] BMW / PV231123 ... 
OK sin duplicados principal=5349
[13] BMW / PV231141 ... 
OK sin duplicados principal=5127
[14] BMW / PV231154 ... 
OK sin duplicados principal=5161
[15] BMW / PV231170 ... 
OK sin duplicados principal=5118
[16] BMW / PV231210 ... 
OK principal=5188 secundarios=1 cancelados (5)=1
[17] BMW / PV231241 ... 
OK principal=5359 secundarios=1 cancelados (5)=1
[18] BMW / PV231243 ... 
OK sin duplicados principal=5602
[19] BMW / PV231246 ... 
OK principal=5336 secundarios=1 cancelados (5)=1
[20] BMW / PV231260 ... 
OK principal=5395 secundarios=1 cancelados (5)=1
[21] BMW / PV231273 ... 
OK sin duplicados principal=5440
[22] BMW / PV240038 ... 
OK sin duplicados principal=5687
[23] BMW / PV240061 ... 
OK sin duplicados principal=5795
[24] BMW / PV240242 ... 
OK sin duplicados principal=6952
[25] BMW / PV240273 ... 
OK sin duplicados principal=7774
[26] BMW / PV240358 ... 
OK sin duplicados principal=6924
[27] BMW / PV240753 ... 
OK principal=8703 secundarios=1 cancelados (5)=1
[28] BMW / PV242970 ... 
OK principal=16854 secundarios=2 cancelados (5)=2
[29] HONDA GALERIAS / 35753 ... 
OK principal=17415 secundarios=2 cancelados (5)=2
[30] KIA ALTARIA / 15306 ... 
OK principal=6639 secundarios=1 cancelados (5)=1
[31] KIA ALTARIA / 17465 ... 
OK sin duplicados principal=11630
[32] KIA ALTARIA / 19754 ... 
OK principal=17419 secundarios=2 cancelados (5)=2
[33] KIA CORREGIDORA / 19414 ... 
OK principal=13647 secundarios=1 cancelados (5)=1
[34] AUDI CENTER GALERIAS / 13016 ... 
OK sin duplicados principal=14513
[35] AUDI CENTER GALERIAS / 13123 ... 
OK sin duplicados principal=15257
[36] AUDI CENTER GALERIAS / 13158 ... 
OK sin duplicados principal=17182
[37] AUDI CENTER GALERIAS / 13169 ... 
OK principal=17219 secundarios=1 cancelados (5)=1
[38] BMW / PV230241 ... 
OK sin duplicados principal=4952
[39] BMW / PV230344 ... 
OK sin duplicados principal=7293
[40] BMW / PV231043 ... 
OK sin duplicados principal=5147
[41] BMW / PV231098 ... 
OK sin duplicados principal=4860
[42] BMW / PV231144 ... 
OK sin duplicados principal=4901
[43] BMW / PV231155 ... 
OK sin duplicados principal=5455
[44] BMW / PV231162 ... 
OK sin duplicados principal=5505
[45] BMW / PV231167 ... 
OK sin duplicados principal=4988
[46] BMW / PV231180 ... 
OK sin duplicados principal=5015
[47] BMW / PV231184 ... 
OK sin duplicados principal=5498
[48] BMW / PV231192 ... 
OK principal=5145 secundarios=1 cancelados (5)=1
[49] BMW / PV231202 ... 
OK sin duplicados principal=5181
[50] BMW / PV231205 ... 
OK principal=5142 secundarios=1 cancelados (5)=1
[51] BMW / PV231222 ... 
OK principal=5245 secundarios=1 cancelados (5)=1
[52] BMW / PV231242 ... 
OK principal=5297 secundarios=1 cancelados (5)=1
[53] BMW / PV231249 ... 
OK sin duplicados principal=5606
[54] BMW / PV231252 ... 
OK sin duplicados principal=5342
[55] BMW / PV231254 ... 
OK sin duplicados principal=5357
[56] BMW / PV231255 ... 
OK sin duplicados principal=5361
[57] BMW / PV231264 ... 
OK principal=5390 secundarios=1 cancelados (5)=1
[58] BMW / PV231266 ... 
OK sin duplicados principal=5588
[59] BMW / PV231271 ... 
OK principal=5414 secundarios=1 cancelados (5)=1
[60] BMW / PV231282 ... 
OK sin duplicados principal=
[61] BMW / PV231285 ... 
OK sin duplicados principal=6488
[62] BMW / PV231287 ... 
OK sin duplicados principal=5487
[63] BMW / PV231303 ... 
OK sin duplicados principal=5513
[64] BMW / PV231319 ... 
OK sin duplicados principal=5680
[65] BMW / PV240008 ... 
OK principal=5616 secundarios=1 cancelados (5)=1
[66] BMW / PV240047 ... 
OK sin duplicados principal=5742
[67] BMW / PV240051 ... 
OK sin duplicados principal=5744
[68] BMW / PV240052 ... 
OK principal=5910 secundarios=1 cancelados (5)=1
[69] BMW / PV240058 ... 
OK sin duplicados principal=5783
[70] BMW / PV240060 ... 
OK sin duplicados principal=5792
[71] BMW / PV240067 ... 
OK sin duplicados principal=5941
[72] BMW / PV240069 ... 
OK sin duplicados principal=5808
[73] BMW / PV240123 ... 
OK sin duplicados principal=7021
[74] BMW / PV240217 ... 
OK sin duplicados principal=6964
[75] BMW / PV240264 ... 
OK sin duplicados principal=7059
[76] BMW / PV240291 ... 
OK sin duplicados principal=10515
[77] BMW / PV240307 ... 
OK sin duplicados principal=6718
[78] BMW / PV240366 ... 
OK sin duplicados principal=7532
[79] BMW / PV240398 ... 
OK sin duplicados principal=7100
[80] BMW / PV240403 ... 
OK sin duplicados principal=7316
[81] BMW / PV240479 ... 
OK sin duplicados principal=7401
[82] BMW / PV240502 ... 
OK sin duplicados principal=
[83] BMW / PV240597 ... 
OK sin duplicados principal=
[84] BMW / PV240610 ... 
OK sin duplicados principal=8199
[85] BMW / PV240658 ... 
OK sin duplicados principal=8717
[86] BMW / PV240670 ... 
OK sin duplicados principal=8537
[87] BMW / PV240684 ... 
OK sin duplicados principal=8583
[88] BMW / PV240702 ... 
OK sin duplicados principal=8483
[89] BMW / PV240745 ... 
OK sin duplicados principal=
[90] BMW / PV240785 ... 
OK sin duplicados principal=8957
[91] BMW / PV240891 ... 
OK sin duplicados principal=9473
[92] BMW / PV240974 ... 
OK sin duplicados principal=10236
[93] BMW / PV241042 ... 
OK sin duplicados principal=9878
[94] BMW / PV241087 ... 
OK sin duplicados principal=10017
[95] BMW / PV241101 ... 
OK sin duplicados principal=10055
[96] BMW / PV241172 ... 
OK sin duplicados principal=10229
[97] BMW / PV241202 ... 
OK sin duplicados principal=10527
[98] BMW / PV241299 ... 
OK sin duplicados principal=10843
[99] BMW / PV241454 ... 
OK sin duplicados principal=11264
[100] BMW / PV241719 ... 
OK sin duplicados principal=12097
[101] BMW / PV241801 ... 
OK sin duplicados principal=12612
[102] BMW / PV241873 ... 
OK sin duplicados principal=12609
[103] BMW / PV242187 ... 
OK principal=13517 secundarios=1 cancelados (5)=1
[104] BMW / PV242495 ... 
OK principal=14803 secundarios=1 cancelados (5)=1
[105] BMW / PV242530 ... 
EXC La transacción no se completó correctamente
[106] BMW / PV242542 ... 
EXC La transacción no se completó correctamente
[107] BMW / PV242592 ... 
EXC La transacción no se completó correctamente
[108] BMW / PV242593 ... 
EXC La transacción no se completó correctamente
[109] BMW / PV242601 ... 
EXC La transacción no se completó correctamente
[110] BMW / PV242606 ... 
EXC La transacción no se completó correctamente
[111] BMW / PV242612 ... 
EXC La transacción no se completó correctamente
[112] BMW / PV242620 ... 
EXC La transacción no se completó correctamente
[113] BMW / PV242623 ... 
EXC La transacción no se completó correctamente
[114] BMW / PV242624 ... 
EXC La transacción no se completó correctamente
[115] BMW / PV242625 ... 
EXC La transacción no se completó correctamente
[116] BMW / PV242645 ... 
EXC La transacción no se completó correctamente
[117] BMW / PV242646 ... 
EXC La transacción no se completó correctamente
[118] BMW / PV242648 ... 
EXC La transacción no se completó correctamente
[119] BMW / PV242653 ... 
EXC La transacción no se completó correctamente
[120] BMW / PV242931 ... 
EXC La transacción no se completó correctamente
[121] BMW / PV242935 ... 
EXC La transacción no se completó correctamente
[122] BMW / PV243028 ... 
OK sin duplicados principal=16685
[123] BMW / PV243044 ... 
EXC La transacción no se completó correctamente
[124] BMW / PV243090 ... 
EXC La transacción no se completó correctamente
[125] BMW / PV243093 ... 
EXC La transacción no se completó correctamente
[126] COLIMA / 1389 ... 
OK sin duplicados principal=8712
[127] COLIMA / 1424 ... 
OK sin duplicados principal=8625
[128] COLIMA / 1519 ... 
OK sin duplicados principal=9364
[129] COLIMA / 2054 ... 
OK sin duplicados principal=11355
[130] COLIMA / 2140 ... 
OK sin duplicados principal=11821
[131] COLIMA / 2143 ... 
OK sin duplicados principal=11789
[132] HONDA GALERIAS / 29969 ... 
EXC La transacción no se completó correctamente
[133] HONDA GALERIAS / 33507 ... 
OK sin duplicados principal=9432
[134] HONDA GALERIAS / 35505 ... 
EXC La transacción no se completó correctamente
[135] HONDA GALERIAS / 35672 ... 
EXC La transacción no se completó correctamente
[136] HONDA GALERIAS / 35722 ... 
EXC La transacción no se completó correctamente
[137] HONDA GALERIAS / 35827 ... 
EXC La transacción no se completó correctamente
[138] HONDA GALERIAS / 35870 ... 
EXC La transacción no se completó correctamente
[139] HONDA GONZALEZ GALLO / 21093 ... 
EXC La transacción no se completó correctamente
[140] HONDA GONZALEZ GALLO / 21110 ... 
EXC La transacción no se completó correctamente
[141] HONDA GONZALEZ GALLO / 21178 ... 
EXC La transacción no se completó correctamente
[142] KIA ALTARIA / 15040 ... 
OK sin duplicados principal=6273
[143] KIA ALTARIA / 15178 ... 
OK sin duplicados principal=6585
[144] KIA ALTARIA / 15290 ... 
OK sin duplicados principal=7327
[145] KIA ALTARIA / 15316 ... 
OK sin duplicados principal=6845
[146] KIA ALTARIA / 15686 ... 
OK sin duplicados principal=7528
[147] KIA ALTARIA / 17278 ... 
OK sin duplicados principal=11678
[148] KIA ALTARIA / 17313 ... 
OK sin duplicados principal=11641
[149] KIA ALTARIA / 17375 ... 
OK sin duplicados principal=11683
[150] KIA ALTARIA / 17425 ... 
OK sin duplicados principal=11394
[151] KIA ALTARIA / 17450 ... 
OK sin duplicados principal=11617
[152] KIA ALTARIA / 17462 ... 
OK sin duplicados principal=11667
[153] KIA ALTARIA / 17489 ... 
OK sin duplicados principal=11646
[154] KIA ALTARIA / 17509 ... 
OK sin duplicados principal=11634
[155] KIA ALTARIA / 17568 ... 
OK sin duplicados principal=11692
[156] KIA ALTARIA / 17578 ... 
OK sin duplicados principal=11825
[157] KIA ALTARIA / 17593 ... 
OK sin duplicados principal=11737
[158] KIA ALTARIA / 17613 ... 
OK sin duplicados principal=11810
[159] KIA ALTARIA / 18745 ... 
OK sin duplicados principal=14381
[160] KIA ALTARIA / 18875 ... 
OK sin duplicados principal=14734
[161] KIA ALTARIA / 18890 ... 
OK sin duplicados principal=14739
[162] KIA ALTARIA / 18899 ... 
OK sin duplicados principal=14728
[163] KIA ALTARIA / 19161 ... 
EXC La transacción no se completó correctamente
[164] KIA ALTARIA / 19235 ... 
EXC La transacción no se completó correctamente
[165] KIA ALTARIA / 19237 ... 
EXC La transacción no se completó correctamente
[166] KIA ALTARIA / 19243 ... 
EXC La transacción no se completó correctamente
[167] KIA ALTARIA / 19261 ... 
EXC La transacción no se completó correctamente
[168] KIA ALTARIA / 19268 ... 
EXC La transacción no se completó correctamente
[169] KIA ALTARIA / 19356 ... 
EXC La transacción no se completó correctamente
[170] KIA ALTARIA / 19759 ... 
EXC La transacción no se completó correctamente

Resumen: procesadas con datos 170, merges con duplicados 25, advertencias/skip 0, errores 37
